127.0.0.1 - - [08/Oct/2025:14:20:42 +0800] "GET /.well-known/appspecific/com.chrome.devtools.json HTTP/1.1" 404 555 "-" "Mozilla/5.0 (Windows NT 10.0; Win64; x64) AppleWebKit/537.36 (KHTML, like Gecko) Chrome/141.0.0.0 Safari/537.36"
127.0.0.1 - - [08/Oct/2025:14:20:42 +0800] "GET /js/axios.min.map HTTP/1.1" 404 555 "-" "Mozilla/5.0 (Windows NT 10.0; Win64; x64) AppleWebKit/537.36 (KHTML, like Gecko) Chrome/141.0.0.0 Safari/537.36"
127.0.0.1 - - [08/Oct/2025:14:20:48 +0800] "POST /api/user/code?phone=0930315554 HTTP/1.1" 200 27 "http://localhost:8080/login.html" "Mozilla/5.0 (Linux; Android 6.0; Nexus 5 Build/MRA58N) AppleWebKit/537.36 (KHTML, like Gecko) Chrome/141.0.0.0 Mobile Safari/537.36"
192.168.102.26 - - [08/Oct/2025:14:20:51 +0800] "GET /actuator/health HTTP/1.1" 404 153 "-" "Consul Health Check"
127.0.0.1 - - [08/Oct/2025:14:20:54 +0800] "POST /api/user/login HTTP/1.1" 200 27 "http://localhost:8080/login.html" "Mozilla/5.0 (Linux; Android 6.0; Nexus 5 Build/MRA58N) AppleWebKit/537.36 (KHTML, like Gecko) Chrome/141.0.0.0 Mobile Safari/537.36"
127.0.0.1 - - [08/Oct/2025:14:20:54 +0800] "GET /.well-known/appspecific/com.chrome.devtools.json HTTP/1.1" 404 555 "-" "Mozilla/5.0 (Windows NT 10.0; Win64; x64) AppleWebKit/537.36 (KHTML, like Gecko) Chrome/141.0.0.0 Safari/537.36"
127.0.0.1 - - [08/Oct/2025:14:20:55 +0800] "GET /js/axios.min.map HTTP/1.1" 404 555 "-" "Mozilla/5.0 (Windows NT 10.0; Win64; x64) AppleWebKit/537.36 (KHTML, like Gecko) Chrome/141.0.0.0 Safari/537.36"
127.0.0.1 - - [08/Oct/2025:14:20:55 +0800] "GET /api/shop-type/list HTTP/1.1" 200 664 "http://localhost:8080/index.html" "Mozilla/5.0 (Linux; Android 6.0; Nexus 5 Build/MRA58N) AppleWebKit/537.36 (KHTML, like Gecko) Chrome/141.0.0.0 Mobile Safari/537.36"
127.0.0.1 - - [08/Oct/2025:14:20:55 +0800] "GET /api/blog/hot?current=1 HTTP/1.1" 200 6065 "http://localhost:8080/index.html" "Mozilla/5.0 (Linux; Android 6.0; Nexus 5 Build/MRA58N) AppleWebKit/537.36 (KHTML, like Gecko) Chrome/141.0.0.0 Mobile Safari/537.36"
192.168.102.26 - - [08/Oct/2025:14:21:01 +0800] "GET /actuator/health HTTP/1.1" 404 153 "-" "Consul Health Check"
127.0.0.1 - - [08/Oct/2025:14:21:02 +0800] "GET /.well-known/appspecific/com.chrome.devtools.json HTTP/1.1" 404 555 "-" "Mozilla/5.0 (Windows NT 10.0; Win64; x64) AppleWebKit/537.36 (KHTML, like Gecko) Chrome/141.0.0.0 Safari/537.36"
127.0.0.1 - - [08/Oct/2025:14:21:03 +0800] "GET /js/axios.min.map HTTP/1.1" 404 555 "-" "Mozilla/5.0 (Windows NT 10.0; Win64; x64) AppleWebKit/537.36 (KHTML, like Gecko) Chrome/141.0.0.0 Safari/537.36"
127.0.0.1 - - [08/Oct/2025:14:21:03 +0800] "GET /api/user/me HTTP/1.1" 200 57 "http://localhost:8080/info.html" "Mozilla/5.0 (Linux; Android 6.0; Nexus 5 Build/MRA58N) AppleWebKit/537.36 (KHTML, like Gecko) Chrome/141.0.0.0 Mobile Safari/537.36"
127.0.0.1 - - [08/Oct/2025:14:21:03 +0800] "GET /.well-known/appspecific/com.chrome.devtools.json HTTP/1.1" 404 555 "-" "Mozilla/5.0 (Windows NT 10.0; Win64; x64) AppleWebKit/537.36 (KHTML, like Gecko) Chrome/141.0.0.0 Safari/537.36"
127.0.0.1 - - [08/Oct/2025:14:21:03 +0800] "GET /js/axios.min.map HTTP/1.1" 404 555 "-" "Mozilla/5.0 (Windows NT 10.0; Win64; x64) AppleWebKit/537.36 (KHTML, like Gecko) Chrome/141.0.0.0 Safari/537.36"
192.168.102.26 - - [08/Oct/2025:14:21:12 +0800] "GET /actuator/health HTTP/1.1" 404 153 "-" "Consul Health Check"
127.0.0.1 - - [08/Oct/2025:14:21:14 +0800] "POST /api/user/code?phone=0931310555 HTTP/1.1" 200 27 "http://localhost:8080/login.html" "Mozilla/5.0 (Linux; Android 6.0; Nexus 5 Build/MRA58N) AppleWebKit/537.36 (KHTML, like Gecko) Chrome/141.0.0.0 Mobile Safari/537.36"
192.168.102.26 - - [08/Oct/2025:14:21:22 +0800] "GET /actuator/health HTTP/1.1" 404 153 "-" "Consul Health Check"
127.0.0.1 - - [08/Oct/2025:14:21:23 +0800] "POST /api/user/login HTTP/1.1" 200 27 "http://localhost:8080/login.html" "Mozilla/5.0 (Linux; Android 6.0; Nexus 5 Build/MRA58N) AppleWebKit/537.36 (KHTML, like Gecko) Chrome/141.0.0.0 Mobile Safari/537.36"
127.0.0.1 - - [08/Oct/2025:14:21:23 +0800] "GET /.well-known/appspecific/com.chrome.devtools.json HTTP/1.1" 404 555 "-" "Mozilla/5.0 (Windows NT 10.0; Win64; x64) AppleWebKit/537.36 (KHTML, like Gecko) Chrome/141.0.0.0 Safari/537.36"
127.0.0.1 - - [08/Oct/2025:14:21:23 +0800] "GET /js/axios.min.map HTTP/1.1" 404 555 "-" "Mozilla/5.0 (Windows NT 10.0; Win64; x64) AppleWebKit/537.36 (KHTML, like Gecko) Chrome/141.0.0.0 Safari/537.36"
127.0.0.1 - - [08/Oct/2025:14:21:23 +0800] "GET /api/shop-type/list HTTP/1.1" 200 664 "http://localhost:8080/index.html" "Mozilla/5.0 (Linux; Android 6.0; Nexus 5 Build/MRA58N) AppleWebKit/537.36 (KHTML, like Gecko) Chrome/141.0.0.0 Mobile Safari/537.36"
127.0.0.1 - - [08/Oct/2025:14:21:23 +0800] "GET /api/blog/hot?current=1 HTTP/1.1" 200 6065 "http://localhost:8080/index.html" "Mozilla/5.0 (Linux; Android 6.0; Nexus 5 Build/MRA58N) AppleWebKit/537.36 (KHTML, like Gecko) Chrome/141.0.0.0 Mobile Safari/537.36"
192.168.102.26 - - [08/Oct/2025:14:21:32 +0800] "GET /actuator/health HTTP/1.1" 404 153 "-" "Consul Health Check"
192.168.102.26 - - [08/Oct/2025:14:21:43 +0800] "GET /actuator/health HTTP/1.1" 404 153 "-" "Consul Health Check"
127.0.0.1 - - [08/Oct/2025:14:21:50 +0800] "GET /.well-known/appspecific/com.chrome.devtools.json HTTP/1.1" 404 555 "-" "Mozilla/5.0 (Windows NT 10.0; Win64; x64) AppleWebKit/537.36 (KHTML, like Gecko) Chrome/141.0.0.0 Safari/537.36"
127.0.0.1 - - [08/Oct/2025:14:21:50 +0800] "GET /js/axios.min.map HTTP/1.1" 404 555 "-" "Mozilla/5.0 (Windows NT 10.0; Win64; x64) AppleWebKit/537.36 (KHTML, like Gecko) Chrome/141.0.0.0 Safari/537.36"
127.0.0.1 - - [08/Oct/2025:14:21:50 +0800] "GET /api/user/me HTTP/1.1" 200 57 "http://localhost:8080/info.html" "Mozilla/5.0 (Linux; Android 6.0; Nexus 5 Build/MRA58N) AppleWebKit/537.36 (KHTML, like Gecko) Chrome/141.0.0.0 Mobile Safari/537.36"
127.0.0.1 - - [08/Oct/2025:14:21:50 +0800] "GET /.well-known/appspecific/com.chrome.devtools.json HTTP/1.1" 404 555 "-" "Mozilla/5.0 (Windows NT 10.0; Win64; x64) AppleWebKit/537.36 (KHTML, like Gecko) Chrome/141.0.0.0 Safari/537.36"
127.0.0.1 - - [08/Oct/2025:14:21:50 +0800] "GET /js/axios.min.map HTTP/1.1" 404 555 "-" "Mozilla/5.0 (Windows NT 10.0; Win64; x64) AppleWebKit/537.36 (KHTML, like Gecko) Chrome/141.0.0.0 Safari/537.36"
192.168.102.26 - - [08/Oct/2025:14:21:53 +0800] "GET /actuator/health HTTP/1.1" 404 153 "-" "Consul Health Check"
192.168.102.26 - - [08/Oct/2025:14:22:03 +0800] "GET /actuator/health HTTP/1.1" 404 153 "-" "Consul Health Check"
192.168.102.26 - - [08/Oct/2025:14:22:14 +0800] "GET /actuator/health HTTP/1.1" 404 153 "-" "Consul Health Check"
192.168.102.26 - - [08/Oct/2025:14:22:24 +0800] "GET /actuator/health HTTP/1.1" 404 153 "-" "Consul Health Check"
127.0.0.1 - - [08/Oct/2025:14:22:34 +0800] "GET /login.html HTTP/1.1" 304 0 "http://localhost:8080/info.html" "Mozilla/5.0 (Linux; Android 6.0; Nexus 5 Build/MRA58N) AppleWebKit/537.36 (KHTML, like Gecko) Chrome/141.0.0.0 Mobile Safari/537.36"
127.0.0.1 - - [08/Oct/2025:14:22:34 +0800] "GET /.well-known/appspecific/com.chrome.devtools.json HTTP/1.1" 404 555 "-" "Mozilla/5.0 (Windows NT 10.0; Win64; x64) AppleWebKit/537.36 (KHTML, like Gecko) Chrome/141.0.0.0 Safari/537.36"
127.0.0.1 - - [08/Oct/2025:14:22:34 +0800] "GET /js/axios.min.map HTTP/1.1" 404 555 "-" "Mozilla/5.0 (Windows NT 10.0; Win64; x64) AppleWebKit/537.36 (KHTML, like Gecko) Chrome/141.0.0.0 Safari/537.36"
192.168.102.26 - - [08/Oct/2025:14:22:34 +0800] "GET /actuator/health HTTP/1.1" 404 153 "-" "Consul Health Check"
127.0.0.1 - - [08/Oct/2025:14:22:35 +0800] "GET /login.html HTTP/1.1" 304 0 "http://localhost:8080/info.html" "Mozilla/5.0 (Linux; Android 6.0; Nexus 5 Build/MRA58N) AppleWebKit/537.36 (KHTML, like Gecko) Chrome/141.0.0.0 Mobile Safari/537.36"
127.0.0.1 - - [08/Oct/2025:14:22:35 +0800] "GET /.well-known/appspecific/com.chrome.devtools.json HTTP/1.1" 404 555 "-" "Mozilla/5.0 (Windows NT 10.0; Win64; x64) AppleWebKit/537.36 (KHTML, like Gecko) Chrome/141.0.0.0 Safari/537.36"
127.0.0.1 - - [08/Oct/2025:14:22:35 +0800] "GET /js/axios.min.map HTTP/1.1" 404 555 "-" "Mozilla/5.0 (Windows NT 10.0; Win64; x64) AppleWebKit/537.36 (KHTML, like Gecko) Chrome/141.0.0.0 Safari/537.36"
127.0.0.1 - - [08/Oct/2025:14:22:36 +0800] "GET /login.html HTTP/1.1" 304 0 "http://localhost:8080/info.html" "Mozilla/5.0 (Linux; Android 6.0; Nexus 5 Build/MRA58N) AppleWebKit/537.36 (KHTML, like Gecko) Chrome/141.0.0.0 Mobile Safari/537.36"
127.0.0.1 - - [08/Oct/2025:14:22:36 +0800] "GET /.well-known/appspecific/com.chrome.devtools.json HTTP/1.1" 404 555 "-" "Mozilla/5.0 (Windows NT 10.0; Win64; x64) AppleWebKit/537.36 (KHTML, like Gecko) Chrome/141.0.0.0 Safari/537.36"
127.0.0.1 - - [08/Oct/2025:14:22:36 +0800] "GET /js/axios.min.map HTTP/1.1" 404 555 "-" "Mozilla/5.0 (Windows NT 10.0; Win64; x64) AppleWebKit/537.36 (KHTML, like Gecko) Chrome/141.0.0.0 Safari/537.36"
192.168.102.26 - - [08/Oct/2025:14:22:45 +0800] "GET /actuator/health HTTP/1.1" 404 153 "-" "Consul Health Check"
127.0.0.1 - - [08/Oct/2025:14:22:49 +0800] "GET /login.html HTTP/1.1" 304 0 "http://localhost:8080/info.html" "Mozilla/5.0 (Linux; Android 6.0; Nexus 5 Build/MRA58N) AppleWebKit/537.36 (KHTML, like Gecko) Chrome/141.0.0.0 Mobile Safari/537.36"
127.0.0.1 - - [08/Oct/2025:14:22:50 +0800] "GET /.well-known/appspecific/com.chrome.devtools.json HTTP/1.1" 404 555 "-" "Mozilla/5.0 (Windows NT 10.0; Win64; x64) AppleWebKit/537.36 (KHTML, like Gecko) Chrome/141.0.0.0 Safari/537.36"
127.0.0.1 - - [08/Oct/2025:14:22:50 +0800] "GET /js/axios.min.map HTTP/1.1" 404 555 "-" "Mozilla/5.0 (Windows NT 10.0; Win64; x64) AppleWebKit/537.36 (KHTML, like Gecko) Chrome/141.0.0.0 Safari/537.36"
127.0.0.1 - - [08/Oct/2025:14:22:50 +0800] "GET /login.html HTTP/1.1" 304 0 "http://localhost:8080/info.html" "Mozilla/5.0 (Linux; Android 6.0; Nexus 5 Build/MRA58N) AppleWebKit/537.36 (KHTML, like Gecko) Chrome/141.0.0.0 Mobile Safari/537.36"
127.0.0.1 - - [08/Oct/2025:14:22:50 +0800] "GET /.well-known/appspecific/com.chrome.devtools.json HTTP/1.1" 404 555 "-" "Mozilla/5.0 (Windows NT 10.0; Win64; x64) AppleWebKit/537.36 (KHTML, like Gecko) Chrome/141.0.0.0 Safari/537.36"
127.0.0.1 - - [08/Oct/2025:14:22:50 +0800] "GET /js/axios.min.map HTTP/1.1" 404 555 "-" "Mozilla/5.0 (Windows NT 10.0; Win64; x64) AppleWebKit/537.36 (KHTML, like Gecko) Chrome/141.0.0.0 Safari/537.36"
127.0.0.1 - - [08/Oct/2025:14:22:51 +0800] "GET /js/axios.min.map HTTP/1.1" 404 555 "-" "Mozilla/5.0 (Windows NT 10.0; Win64; x64) AppleWebKit/537.36 (KHTML, like Gecko) Chrome/141.0.0.0 Safari/537.36"
127.0.0.1 - - [08/Oct/2025:14:22:51 +0800] "GET /.well-known/appspecific/com.chrome.devtools.json HTTP/1.1" 404 555 "-" "Mozilla/5.0 (Windows NT 10.0; Win64; x64) AppleWebKit/537.36 (KHTML, like Gecko) Chrome/141.0.0.0 Safari/537.36"
127.0.0.1 - - [08/Oct/2025:14:22:51 +0800] "GET /.well-known/appspecific/com.chrome.devtools.json HTTP/1.1" 404 555 "-" "Mozilla/5.0 (Windows NT 10.0; Win64; x64) AppleWebKit/537.36 (KHTML, like Gecko) Chrome/141.0.0.0 Safari/537.36"
127.0.0.1 - - [08/Oct/2025:14:22:52 +0800] "GET /.well-known/appspecific/com.chrome.devtools.json HTTP/1.1" 404 555 "-" "Mozilla/5.0 (Windows NT 10.0; Win64; x64) AppleWebKit/537.36 (KHTML, like Gecko) Chrome/141.0.0.0 Safari/537.36"
127.0.0.1 - - [08/Oct/2025:14:22:52 +0800] "GET /js/axios.min.map HTTP/1.1" 404 555 "-" "Mozilla/5.0 (Windows NT 10.0; Win64; x64) AppleWebKit/537.36 (KHTML, like Gecko) Chrome/141.0.0.0 Safari/537.36"
127.0.0.1 - - [08/Oct/2025:14:22:53 +0800] "GET /api/user/me HTTP/1.1" 401 0 "http://localhost:8080/info.html" "Mozilla/5.0 (Linux; Android 6.0; Nexus 5 Build/MRA58N) AppleWebKit/537.36 (KHTML, like Gecko) Chrome/141.0.0.0 Mobile Safari/537.36"
127.0.0.1 - - [08/Oct/2025:14:22:53 +0800] "GET /.well-known/appspecific/com.chrome.devtools.json HTTP/1.1" 404 555 "-" "Mozilla/5.0 (Windows NT 10.0; Win64; x64) AppleWebKit/537.36 (KHTML, like Gecko) Chrome/141.0.0.0 Safari/537.36"
127.0.0.1 - - [08/Oct/2025:14:22:53 +0800] "GET /js/axios.min.map HTTP/1.1" 404 555 "-" "Mozilla/5.0 (Windows NT 10.0; Win64; x64) AppleWebKit/537.36 (KHTML, like Gecko) Chrome/141.0.0.0 Safari/537.36"
192.168.102.26 - - [08/Oct/2025:14:22:55 +0800] "GET /actuator/health HTTP/1.1" 404 153 "-" "Consul Health Check"
127.0.0.1 - - [08/Oct/2025:14:22:57 +0800] "POST /api/user/code?phone=0955131419 HTTP/1.1" 200 27 "http://localhost:8080/login.html" "Mozilla/5.0 (Linux; Android 6.0; Nexus 5 Build/MRA58N) AppleWebKit/537.36 (KHTML, like Gecko) Chrome/141.0.0.0 Mobile Safari/537.36"
192.168.102.26 - - [08/Oct/2025:14:23:05 +0800] "GET /actuator/health HTTP/1.1" 404 153 "-" "Consul Health Check"
192.168.102.26 - - [08/Oct/2025:14:23:16 +0800] "GET /actuator/health HTTP/1.1" 404 153 "-" "Consul Health Check"
192.168.102.26 - - [08/Oct/2025:14:23:26 +0800] "GET /actuator/health HTTP/1.1" 404 153 "-" "Consul Health Check"
127.0.0.1 - - [08/Oct/2025:14:23:26 +0800] "POST /api/user/login HTTP/1.1" 200 57 "http://localhost:8080/login.html" "Mozilla/5.0 (Linux; Android 6.0; Nexus 5 Build/MRA58N) AppleWebKit/537.36 (KHTML, like Gecko) Chrome/141.0.0.0 Mobile Safari/537.36"
127.0.0.1 - - [08/Oct/2025:14:23:33 +0800] "POST /api/user/login HTTP/1.1" 200 57 "http://localhost:8080/login.html" "Mozilla/5.0 (Linux; Android 6.0; Nexus 5 Build/MRA58N) AppleWebKit/537.36 (KHTML, like Gecko) Chrome/141.0.0.0 Mobile Safari/537.36"
127.0.0.1 - - [08/Oct/2025:14:23:34 +0800] "POST /api/user/login HTTP/1.1" 200 57 "http://localhost:8080/login.html" "Mozilla/5.0 (Linux; Android 6.0; Nexus 5 Build/MRA58N) AppleWebKit/537.36 (KHTML, like Gecko) Chrome/141.0.0.0 Mobile Safari/537.36"
127.0.0.1 - - [08/Oct/2025:14:23:34 +0800] "POST /api/user/login HTTP/1.1" 200 57 "http://localhost:8080/login.html" "Mozilla/5.0 (Linux; Android 6.0; Nexus 5 Build/MRA58N) AppleWebKit/537.36 (KHTML, like Gecko) Chrome/141.0.0.0 Mobile Safari/537.36"
127.0.0.1 - - [08/Oct/2025:14:23:34 +0800] "POST /api/user/login HTTP/1.1" 200 57 "http://localhost:8080/login.html" "Mozilla/5.0 (Linux; Android 6.0; Nexus 5 Build/MRA58N) AppleWebKit/537.36 (KHTML, like Gecko) Chrome/141.0.0.0 Mobile Safari/537.36"
127.0.0.1 - - [08/Oct/2025:14:23:34 +0800] "POST /api/user/login HTTP/1.1" 200 57 "http://localhost:8080/login.html" "Mozilla/5.0 (Linux; Android 6.0; Nexus 5 Build/MRA58N) AppleWebKit/537.36 (KHTML, like Gecko) Chrome/141.0.0.0 Mobile Safari/537.36"
127.0.0.1 - - [08/Oct/2025:14:23:35 +0800] "POST /api/user/login HTTP/1.1" 200 57 "http://localhost:8080/login.html" "Mozilla/5.0 (Linux; Android 6.0; Nexus 5 Build/MRA58N) AppleWebKit/537.36 (KHTML, like Gecko) Chrome/141.0.0.0 Mobile Safari/537.36"
127.0.0.1 - - [08/Oct/2025:14:23:35 +0800] "POST /api/user/login HTTP/1.1" 200 57 "http://localhost:8080/login.html" "Mozilla/5.0 (Linux; Android 6.0; Nexus 5 Build/MRA58N) AppleWebKit/537.36 (KHTML, like Gecko) Chrome/141.0.0.0 Mobile Safari/537.36"
192.168.102.26 - - [08/Oct/2025:14:23:36 +0800] "GET /actuator/health HTTP/1.1" 404 153 "-" "Consul Health Check"
192.168.102.26 - - [08/Oct/2025:14:23:47 +0800] "GET /actuator/health HTTP/1.1" 404 153 "-" "Consul Health Check"
192.168.102.26 - - [08/Oct/2025:14:23:57 +0800] "GET /actuator/health HTTP/1.1" 404 153 "-" "Consul Health Check"
192.168.102.26 - - [08/Oct/2025:14:24:07 +0800] "GET /actuator/health HTTP/1.1" 404 153 "-" "Consul Health Check"
192.168.102.26 - - [08/Oct/2025:14:24:18 +0800] "GET /actuator/health HTTP/1.1" 404 153 "-" "Consul Health Check"
192.168.102.26 - - [08/Oct/2025:14:24:28 +0800] "GET /actuator/health HTTP/1.1" 404 153 "-" "Consul Health Check"
192.168.102.26 - - [08/Oct/2025:14:24:38 +0800] "GET /actuator/health HTTP/1.1" 404 153 "-" "Consul Health Check"
192.168.102.26 - - [08/Oct/2025:14:24:49 +0800] "GET /actuator/health HTTP/1.1" 404 153 "-" "Consul Health Check"
192.168.102.26 - - [08/Oct/2025:14:24:59 +0800] "GET /actuator/health HTTP/1.1" 404 153 "-" "Consul Health Check"
192.168.102.26 - - [08/Oct/2025:14:25:09 +0800] "GET /actuator/health HTTP/1.1" 404 153 "-" "Consul Health Check"
192.168.102.26 - - [08/Oct/2025:14:25:20 +0800] "GET /actuator/health HTTP/1.1" 404 153 "-" "Consul Health Check"
192.168.102.26 - - [08/Oct/2025:14:25:30 +0800] "GET /actuator/health HTTP/1.1" 404 153 "-" "Consul Health Check"
192.168.102.26 - - [08/Oct/2025:14:25:40 +0800] "GET /actuator/health HTTP/1.1" 404 153 "-" "Consul Health Check"
192.168.102.26 - - [08/Oct/2025:14:25:51 +0800] "GET /actuator/health HTTP/1.1" 404 153 "-" "Consul Health Check"
127.0.0.1 - - [08/Oct/2025:14:25:54 +0800] "POST /api/user/code?phone=0955131419 HTTP/1.1" 200 27 "http://localhost:8080/login.html" "Mozilla/5.0 (Linux; Android 6.0; Nexus 5 Build/MRA58N) AppleWebKit/537.36 (KHTML, like Gecko) Chrome/141.0.0.0 Mobile Safari/537.36"
127.0.0.1 - - [08/Oct/2025:14:26:00 +0800] "POST /api/user/login HTTP/1.1" 200 27 "http://localhost:8080/login.html" "Mozilla/5.0 (Linux; Android 6.0; Nexus 5 Build/MRA58N) AppleWebKit/537.36 (KHTML, like Gecko) Chrome/141.0.0.0 Mobile Safari/537.36"
127.0.0.1 - - [08/Oct/2025:14:26:00 +0800] "GET /.well-known/appspecific/com.chrome.devtools.json HTTP/1.1" 404 555 "-" "Mozilla/5.0 (Windows NT 10.0; Win64; x64) AppleWebKit/537.36 (KHTML, like Gecko) Chrome/141.0.0.0 Safari/537.36"
127.0.0.1 - - [08/Oct/2025:14:26:00 +0800] "GET /js/axios.min.map HTTP/1.1" 404 555 "-" "Mozilla/5.0 (Windows NT 10.0; Win64; x64) AppleWebKit/537.36 (KHTML, like Gecko) Chrome/141.0.0.0 Safari/537.36"
127.0.0.1 - - [08/Oct/2025:14:26:00 +0800] "GET /api/shop-type/list HTTP/1.1" 200 664 "http://localhost:8080/index.html" "Mozilla/5.0 (Linux; Android 6.0; Nexus 5 Build/MRA58N) AppleWebKit/537.36 (KHTML, like Gecko) Chrome/141.0.0.0 Mobile Safari/537.36"
127.0.0.1 - - [08/Oct/2025:14:26:00 +0800] "GET /api/blog/hot?current=1 HTTP/1.1" 200 6065 "http://localhost:8080/index.html" "Mozilla/5.0 (Linux; Android 6.0; Nexus 5 Build/MRA58N) AppleWebKit/537.36 (KHTML, like Gecko) Chrome/141.0.0.0 Mobile Safari/537.36"
192.168.102.26 - - [08/Oct/2025:14:26:01 +0800] "GET /actuator/health HTTP/1.1" 404 153 "-" "Consul Health Check"
127.0.0.1 - - [08/Oct/2025:14:26:10 +0800] "GET /.well-known/appspecific/com.chrome.devtools.json HTTP/1.1" 404 555 "-" "Mozilla/5.0 (Windows NT 10.0; Win64; x64) AppleWebKit/537.36 (KHTML, like Gecko) Chrome/141.0.0.0 Safari/537.36"
127.0.0.1 - - [08/Oct/2025:14:26:10 +0800] "GET /js/axios.min.map HTTP/1.1" 404 555 "-" "Mozilla/5.0 (Windows NT 10.0; Win64; x64) AppleWebKit/537.36 (KHTML, like Gecko) Chrome/141.0.0.0 Safari/537.36"
127.0.0.1 - - [08/Oct/2025:14:26:10 +0800] "GET /api/user/me HTTP/1.1" 401 0 "http://localhost:8080/info.html" "Mozilla/5.0 (Linux; Android 6.0; Nexus 5 Build/MRA58N) AppleWebKit/537.36 (KHTML, like Gecko) Chrome/141.0.0.0 Mobile Safari/537.36"
127.0.0.1 - - [08/Oct/2025:14:26:10 +0800] "GET /.well-known/appspecific/com.chrome.devtools.json HTTP/1.1" 404 555 "-" "Mozilla/5.0 (Windows NT 10.0; Win64; x64) AppleWebKit/537.36 (KHTML, like Gecko) Chrome/141.0.0.0 Safari/537.36"
127.0.0.1 - - [08/Oct/2025:14:26:10 +0800] "GET /js/axios.min.map HTTP/1.1" 404 555 "-" "Mozilla/5.0 (Windows NT 10.0; Win64; x64) AppleWebKit/537.36 (KHTML, like Gecko) Chrome/141.0.0.0 Safari/537.36"
192.168.102.26 - - [08/Oct/2025:14:26:11 +0800] "GET /actuator/health HTTP/1.1" 404 153 "-" "Consul Health Check"
192.168.102.26 - - [08/Oct/2025:14:26:22 +0800] "GET /actuator/health HTTP/1.1" 404 153 "-" "Consul Health Check"
192.168.102.26 - - [08/Oct/2025:14:26:32 +0800] "GET /actuator/health HTTP/1.1" 404 153 "-" "Consul Health Check"
127.0.0.1 - - [08/Oct/2025:14:26:32 +0800] "POST /api/user/code?phone=0955131419 HTTP/1.1" 200 27 "http://localhost:8080/login.html" "Mozilla/5.0 (Linux; Android 6.0; Nexus 5 Build/MRA58N) AppleWebKit/537.36 (KHTML, like Gecko) Chrome/141.0.0.0 Mobile Safari/537.36"
127.0.0.1 - - [08/Oct/2025:14:26:40 +0800] "POST /api/user/login HTTP/1.1" 200 27 "http://localhost:8080/login.html" "Mozilla/5.0 (Linux; Android 6.0; Nexus 5 Build/MRA58N) AppleWebKit/537.36 (KHTML, like Gecko) Chrome/141.0.0.0 Mobile Safari/537.36"
127.0.0.1 - - [08/Oct/2025:14:26:40 +0800] "GET /.well-known/appspecific/com.chrome.devtools.json HTTP/1.1" 404 555 "-" "Mozilla/5.0 (Windows NT 10.0; Win64; x64) AppleWebKit/537.36 (KHTML, like Gecko) Chrome/141.0.0.0 Safari/537.36"
127.0.0.1 - - [08/Oct/2025:14:26:40 +0800] "GET /js/axios.min.map HTTP/1.1" 404 555 "-" "Mozilla/5.0 (Windows NT 10.0; Win64; x64) AppleWebKit/537.36 (KHTML, like Gecko) Chrome/141.0.0.0 Safari/537.36"
127.0.0.1 - - [08/Oct/2025:14:26:40 +0800] "GET /api/shop-type/list HTTP/1.1" 200 664 "http://localhost:8080/index.html" "Mozilla/5.0 (Linux; Android 6.0; Nexus 5 Build/MRA58N) AppleWebKit/537.36 (KHTML, like Gecko) Chrome/141.0.0.0 Mobile Safari/537.36"
127.0.0.1 - - [08/Oct/2025:14:26:40 +0800] "GET /api/blog/hot?current=1 HTTP/1.1" 200 6065 "http://localhost:8080/index.html" "Mozilla/5.0 (Linux; Android 6.0; Nexus 5 Build/MRA58N) AppleWebKit/537.36 (KHTML, like Gecko) Chrome/141.0.0.0 Mobile Safari/537.36"
192.168.102.26 - - [08/Oct/2025:14:26:42 +0800] "GET /actuator/health HTTP/1.1" 404 153 "-" "Consul Health Check"
127.0.0.1 - - [08/Oct/2025:14:26:43 +0800] "GET /.well-known/appspecific/com.chrome.devtools.json HTTP/1.1" 404 555 "-" "Mozilla/5.0 (Windows NT 10.0; Win64; x64) AppleWebKit/537.36 (KHTML, like Gecko) Chrome/141.0.0.0 Safari/537.36"
127.0.0.1 - - [08/Oct/2025:14:26:43 +0800] "GET /js/axios.min.map HTTP/1.1" 404 555 "-" "Mozilla/5.0 (Windows NT 10.0; Win64; x64) AppleWebKit/537.36 (KHTML, like Gecko) Chrome/141.0.0.0 Safari/537.36"
127.0.0.1 - - [08/Oct/2025:14:26:43 +0800] "GET /api/user/me HTTP/1.1" 401 0 "http://localhost:8080/info.html" "Mozilla/5.0 (Linux; Android 6.0; Nexus 5 Build/MRA58N) AppleWebKit/537.36 (KHTML, like Gecko) Chrome/141.0.0.0 Mobile Safari/537.36"
127.0.0.1 - - [08/Oct/2025:14:26:43 +0800] "GET /.well-known/appspecific/com.chrome.devtools.json HTTP/1.1" 404 555 "-" "Mozilla/5.0 (Windows NT 10.0; Win64; x64) AppleWebKit/537.36 (KHTML, like Gecko) Chrome/141.0.0.0 Safari/537.36"
127.0.0.1 - - [08/Oct/2025:14:26:43 +0800] "GET /js/axios.min.map HTTP/1.1" 404 555 "-" "Mozilla/5.0 (Windows NT 10.0; Win64; x64) AppleWebKit/537.36 (KHTML, like Gecko) Chrome/141.0.0.0 Safari/537.36"
192.168.102.26 - - [08/Oct/2025:14:26:53 +0800] "GET /actuator/health HTTP/1.1" 404 153 "-" "Consul Health Check"
192.168.102.26 - - [08/Oct/2025:14:27:03 +0800] "GET /actuator/health HTTP/1.1" 404 153 "-" "Consul Health Check"
192.168.102.26 - - [08/Oct/2025:14:27:13 +0800] "GET /actuator/health HTTP/1.1" 404 153 "-" "Consul Health Check"
192.168.102.26 - - [08/Oct/2025:14:27:24 +0800] "GET /actuator/health HTTP/1.1" 404 153 "-" "Consul Health Check"
192.168.102.26 - - [08/Oct/2025:14:27:34 +0800] "GET /actuator/health HTTP/1.1" 404 153 "-" "Consul Health Check"
192.168.102.26 - - [08/Oct/2025:14:27:44 +0800] "GET /actuator/health HTTP/1.1" 404 153 "-" "Consul Health Check"
192.168.102.26 - - [08/Oct/2025:14:27:55 +0800] "GET /actuator/health HTTP/1.1" 404 153 "-" "Consul Health Check"
192.168.102.26 - - [08/Oct/2025:14:28:05 +0800] "GET /actuator/health HTTP/1.1" 404 153 "-" "Consul Health Check"
192.168.102.26 - - [08/Oct/2025:14:28:15 +0800] "GET /actuator/health HTTP/1.1" 404 153 "-" "Consul Health Check"
192.168.102.26 - - [08/Oct/2025:14:28:26 +0800] "GET /actuator/health HTTP/1.1" 404 153 "-" "Consul Health Check"
192.168.102.26 - - [08/Oct/2025:14:28:36 +0800] "GET /actuator/health HTTP/1.1" 404 153 "-" "Consul Health Check"
192.168.102.26 - - [08/Oct/2025:14:28:46 +0800] "GET /actuator/health HTTP/1.1" 404 153 "-" "Consul Health Check"
192.168.102.26 - - [08/Oct/2025:14:28:57 +0800] "GET /actuator/health HTTP/1.1" 404 153 "-" "Consul Health Check"
192.168.102.26 - - [08/Oct/2025:14:29:07 +0800] "GET /actuator/health HTTP/1.1" 404 153 "-" "Consul Health Check"
192.168.102.26 - - [08/Oct/2025:14:29:17 +0800] "GET /actuator/health HTTP/1.1" 404 153 "-" "Consul Health Check"
192.168.102.26 - - [08/Oct/2025:14:29:28 +0800] "GET /actuator/health HTTP/1.1" 404 153 "-" "Consul Health Check"
192.168.102.26 - - [08/Oct/2025:14:29:38 +0800] "GET /actuator/health HTTP/1.1" 404 153 "-" "Consul Health Check"
192.168.102.26 - - [08/Oct/2025:14:29:48 +0800] "GET /actuator/health HTTP/1.1" 404 153 "-" "Consul Health Check"
192.168.102.26 - - [08/Oct/2025:14:29:58 +0800] "GET /actuator/health HTTP/1.1" 404 153 "-" "Consul Health Check"
192.168.102.26 - - [08/Oct/2025:14:30:09 +0800] "GET /actuator/health HTTP/1.1" 404 153 "-" "Consul Health Check"
192.168.102.26 - - [08/Oct/2025:14:30:19 +0800] "GET /actuator/health HTTP/1.1" 404 153 "-" "Consul Health Check"
192.168.102.26 - - [08/Oct/2025:14:30:29 +0800] "GET /actuator/health HTTP/1.1" 404 153 "-" "Consul Health Check"
192.168.102.26 - - [08/Oct/2025:14:30:40 +0800] "GET /actuator/health HTTP/1.1" 404 153 "-" "Consul Health Check"
127.0.0.1 - - [08/Oct/2025:14:30:47 +0800] "GET /js/axios.min.map HTTP/1.1" 404 555 "-" "Mozilla/5.0 (Windows NT 10.0; Win64; x64) AppleWebKit/537.36 (KHTML, like Gecko) Chrome/141.0.0.0 Safari/537.36"
127.0.0.1 - - [08/Oct/2025:14:30:47 +0800] "GET /.well-known/appspecific/com.chrome.devtools.json HTTP/1.1" 404 555 "-" "Mozilla/5.0 (Windows NT 10.0; Win64; x64) AppleWebKit/537.36 (KHTML, like Gecko) Chrome/141.0.0.0 Safari/537.36"
127.0.0.1 - - [08/Oct/2025:14:30:47 +0800] "GET /js/axios.min.map HTTP/1.1" 404 555 "-" "Mozilla/5.0 (Windows NT 10.0; Win64; x64) AppleWebKit/537.36 (KHTML, like Gecko) Chrome/141.0.0.0 Safari/537.36"
127.0.0.1 - - [08/Oct/2025:14:30:47 +0800] "GET /.well-known/appspecific/com.chrome.devtools.json HTTP/1.1" 404 555 "-" "Mozilla/5.0 (Windows NT 10.0; Win64; x64) AppleWebKit/537.36 (KHTML, like Gecko) Chrome/141.0.0.0 Safari/537.36"
127.0.0.1 - - [08/Oct/2025:14:30:47 +0800] "GET /.well-known/appspecific/com.chrome.devtools.json HTTP/1.1" 404 555 "-" "Mozilla/5.0 (Windows NT 10.0; Win64; x64) AppleWebKit/537.36 (KHTML, like Gecko) Chrome/141.0.0.0 Safari/537.36"
127.0.0.1 - - [08/Oct/2025:14:30:49 +0800] "GET /js/axios.min.map HTTP/1.1" 404 555 "-" "Mozilla/5.0 (Windows NT 10.0; Win64; x64) AppleWebKit/537.36 (KHTML, like Gecko) Chrome/141.0.0.0 Safari/537.36"
127.0.0.1 - - [08/Oct/2025:14:30:49 +0800] "GET /.well-known/appspecific/com.chrome.devtools.json HTTP/1.1" 404 555 "-" "Mozilla/5.0 (Windows NT 10.0; Win64; x64) AppleWebKit/537.36 (KHTML, like Gecko) Chrome/141.0.0.0 Safari/537.36"
127.0.0.1 - - [08/Oct/2025:14:30:49 +0800] "GET /.well-known/appspecific/com.chrome.devtools.json HTTP/1.1" 404 555 "-" "Mozilla/5.0 (Windows NT 10.0; Win64; x64) AppleWebKit/537.36 (KHTML, like Gecko) Chrome/141.0.0.0 Safari/537.36"
127.0.0.1 - - [08/Oct/2025:14:30:49 +0800] "GET /js/axios.min.map HTTP/1.1" 404 555 "-" "Mozilla/5.0 (Windows NT 10.0; Win64; x64) AppleWebKit/537.36 (KHTML, like Gecko) Chrome/141.0.0.0 Safari/537.36"
127.0.0.1 - - [08/Oct/2025:14:30:49 +0800] "GET /.well-known/appspecific/com.chrome.devtools.json HTTP/1.1" 404 555 "-" "Mozilla/5.0 (Windows NT 10.0; Win64; x64) AppleWebKit/537.36 (KHTML, like Gecko) Chrome/141.0.0.0 Safari/537.36"
127.0.0.1 - - [08/Oct/2025:14:30:49 +0800] "GET /.well-known/appspecific/com.chrome.devtools.json HTTP/1.1" 404 555 "-" "Mozilla/5.0 (Windows NT 10.0; Win64; x64) AppleWebKit/537.36 (KHTML, like Gecko) Chrome/141.0.0.0 Safari/537.36"
192.168.102.26 - - [08/Oct/2025:14:30:50 +0800] "GET /actuator/health HTTP/1.1" 404 153 "-" "Consul Health Check"
127.0.0.1 - - [08/Oct/2025:14:30:51 +0800] "GET /index.html HTTP/1.1" 304 0 "http://localhost:8080/login.html" "Mozilla/5.0 (Linux; Android 6.0; Nexus 5 Build/MRA58N) AppleWebKit/537.36 (KHTML, like Gecko) Chrome/141.0.0.0 Mobile Safari/537.36"
127.0.0.1 - - [08/Oct/2025:14:30:51 +0800] "GET /.well-known/appspecific/com.chrome.devtools.json HTTP/1.1" 404 555 "-" "Mozilla/5.0 (Windows NT 10.0; Win64; x64) AppleWebKit/537.36 (KHTML, like Gecko) Chrome/141.0.0.0 Safari/537.36"
127.0.0.1 - - [08/Oct/2025:14:30:51 +0800] "GET /js/axios.min.map HTTP/1.1" 404 555 "-" "Mozilla/5.0 (Windows NT 10.0; Win64; x64) AppleWebKit/537.36 (KHTML, like Gecko) Chrome/141.0.0.0 Safari/537.36"
127.0.0.1 - - [08/Oct/2025:14:30:51 +0800] "GET /api/shop-type/list HTTP/1.1" 200 664 "http://localhost:8080/index.html" "Mozilla/5.0 (Linux; Android 6.0; Nexus 5 Build/MRA58N) AppleWebKit/537.36 (KHTML, like Gecko) Chrome/141.0.0.0 Mobile Safari/537.36"
127.0.0.1 - - [08/Oct/2025:14:30:51 +0800] "GET /api/blog/hot?current=1 HTTP/1.1" 200 6065 "http://localhost:8080/index.html" "Mozilla/5.0 (Linux; Android 6.0; Nexus 5 Build/MRA58N) AppleWebKit/537.36 (KHTML, like Gecko) Chrome/141.0.0.0 Mobile Safari/537.36"
127.0.0.1 - - [08/Oct/2025:14:31:02 +0800] "GET /.well-known/appspecific/com.chrome.devtools.json HTTP/1.1" 404 555 "-" "Mozilla/5.0 (Windows NT 10.0; Win64; x64) AppleWebKit/537.36 (KHTML, like Gecko) Chrome/141.0.0.0 Safari/537.36"
127.0.0.1 - - [08/Oct/2025:14:31:02 +0800] "GET /js/axios.min.map HTTP/1.1" 404 555 "-" "Mozilla/5.0 (Windows NT 10.0; Win64; x64) AppleWebKit/537.36 (KHTML, like Gecko) Chrome/141.0.0.0 Safari/537.36"
127.0.0.1 - - [08/Oct/2025:14:31:02 +0800] "GET /api/user/me HTTP/1.1" 401 0 "http://localhost:8080/info.html" "Mozilla/5.0 (Linux; Android 6.0; Nexus 5 Build/MRA58N) AppleWebKit/537.36 (KHTML, like Gecko) Chrome/141.0.0.0 Mobile Safari/537.36"
127.0.0.1 - - [08/Oct/2025:14:31:02 +0800] "GET /.well-known/appspecific/com.chrome.devtools.json HTTP/1.1" 404 555 "-" "Mozilla/5.0 (Windows NT 10.0; Win64; x64) AppleWebKit/537.36 (KHTML, like Gecko) Chrome/141.0.0.0 Safari/537.36"
127.0.0.1 - - [08/Oct/2025:14:31:02 +0800] "GET /js/axios.min.map HTTP/1.1" 404 555 "-" "Mozilla/5.0 (Windows NT 10.0; Win64; x64) AppleWebKit/537.36 (KHTML, like Gecko) Chrome/141.0.0.0 Safari/537.36"
192.168.102.26 - - [08/Oct/2025:14:31:23 +0800] "GET /actuator/health HTTP/1.1" 404 153 "-" "Consul Health Check"
192.168.102.26 - - [08/Oct/2025:14:31:23 +0800] "GET /actuator/health HTTP/1.1" 404 153 "-" "Consul Health Check"
127.0.0.1 - - [08/Oct/2025:14:31:24 +0800] "GET /js/axios.min.map HTTP/1.1" 404 555 "-" "Mozilla/5.0 (Windows NT 10.0; Win64; x64) AppleWebKit/537.36 (KHTML, like Gecko) Chrome/141.0.0.0 Safari/537.36"
127.0.0.1 - - [08/Oct/2025:14:31:24 +0800] "GET /.well-known/appspecific/com.chrome.devtools.json HTTP/1.1" 404 555 "-" "Mozilla/5.0 (Windows NT 10.0; Win64; x64) AppleWebKit/537.36 (KHTML, like Gecko) Chrome/141.0.0.0 Safari/537.36"
127.0.0.1 - - [08/Oct/2025:14:31:24 +0800] "GET /.well-known/appspecific/com.chrome.devtools.json HTTP/1.1" 404 555 "-" "Mozilla/5.0 (Windows NT 10.0; Win64; x64) AppleWebKit/537.36 (KHTML, like Gecko) Chrome/141.0.0.0 Safari/537.36"
192.168.102.26 - - [08/Oct/2025:14:31:33 +0800] "GET /actuator/health HTTP/1.1" 404 153 "-" "Consul Health Check"
127.0.0.1 - - [08/Oct/2025:14:31:35 +0800] "GET /.well-known/appspecific/com.chrome.devtools.json HTTP/1.1" 404 555 "-" "Mozilla/5.0 (Windows NT 10.0; Win64; x64) AppleWebKit/537.36 (KHTML, like Gecko) Chrome/141.0.0.0 Safari/537.36"
127.0.0.1 - - [08/Oct/2025:14:31:35 +0800] "GET /js/axios.min.map HTTP/1.1" 404 555 "-" "Mozilla/5.0 (Windows NT 10.0; Win64; x64) AppleWebKit/537.36 (KHTML, like Gecko) Chrome/141.0.0.0 Safari/537.36"
127.0.0.1 - - [08/Oct/2025:14:31:35 +0800] "GET /api/user/me HTTP/1.1" 401 0 "http://localhost:8080/info.html" "Mozilla/5.0 (Linux; Android 6.0; Nexus 5 Build/MRA58N) AppleWebKit/537.36 (KHTML, like Gecko) Chrome/141.0.0.0 Mobile Safari/537.36"
127.0.0.1 - - [08/Oct/2025:14:31:35 +0800] "GET /.well-known/appspecific/com.chrome.devtools.json HTTP/1.1" 404 555 "-" "Mozilla/5.0 (Windows NT 10.0; Win64; x64) AppleWebKit/537.36 (KHTML, like Gecko) Chrome/141.0.0.0 Safari/537.36"
127.0.0.1 - - [08/Oct/2025:14:31:36 +0800] "GET /js/axios.min.map HTTP/1.1" 404 555 "-" "Mozilla/5.0 (Windows NT 10.0; Win64; x64) AppleWebKit/537.36 (KHTML, like Gecko) Chrome/141.0.0.0 Safari/537.36"
127.0.0.1 - - [08/Oct/2025:14:31:37 +0800] "GET /js/axios.min.map HTTP/1.1" 404 555 "-" "Mozilla/5.0 (Windows NT 10.0; Win64; x64) AppleWebKit/537.36 (KHTML, like Gecko) Chrome/141.0.0.0 Safari/537.36"
127.0.0.1 - - [08/Oct/2025:14:31:37 +0800] "GET /.well-known/appspecific/com.chrome.devtools.json HTTP/1.1" 404 555 "-" "Mozilla/5.0 (Windows NT 10.0; Win64; x64) AppleWebKit/537.36 (KHTML, like Gecko) Chrome/141.0.0.0 Safari/537.36"
127.0.0.1 - - [08/Oct/2025:14:31:37 +0800] "GET /.well-known/appspecific/com.chrome.devtools.json HTTP/1.1" 404 555 "-" "Mozilla/5.0 (Windows NT 10.0; Win64; x64) AppleWebKit/537.36 (KHTML, like Gecko) Chrome/141.0.0.0 Safari/537.36"
127.0.0.1 - - [08/Oct/2025:14:31:37 +0800] "GET /.well-known/appspecific/com.chrome.devtools.json HTTP/1.1" 404 555 "-" "Mozilla/5.0 (Windows NT 10.0; Win64; x64) AppleWebKit/537.36 (KHTML, like Gecko) Chrome/141.0.0.0 Safari/537.36"
127.0.0.1 - - [08/Oct/2025:14:31:37 +0800] "GET /js/axios.min.map HTTP/1.1" 404 555 "-" "Mozilla/5.0 (Windows NT 10.0; Win64; x64) AppleWebKit/537.36 (KHTML, like Gecko) Chrome/141.0.0.0 Safari/537.36"
127.0.0.1 - - [08/Oct/2025:14:31:39 +0800] "GET /js/axios.min.map HTTP/1.1" 404 555 "-" "Mozilla/5.0 (Windows NT 10.0; Win64; x64) AppleWebKit/537.36 (KHTML, like Gecko) Chrome/141.0.0.0 Safari/537.36"
127.0.0.1 - - [08/Oct/2025:14:31:39 +0800] "GET /.well-known/appspecific/com.chrome.devtools.json HTTP/1.1" 404 555 "-" "Mozilla/5.0 (Windows NT 10.0; Win64; x64) AppleWebKit/537.36 (KHTML, like Gecko) Chrome/141.0.0.0 Safari/537.36"
127.0.0.1 - - [08/Oct/2025:14:31:39 +0800] "GET /.well-known/appspecific/com.chrome.devtools.json HTTP/1.1" 404 555 "-" "Mozilla/5.0 (Windows NT 10.0; Win64; x64) AppleWebKit/537.36 (KHTML, like Gecko) Chrome/141.0.0.0 Safari/537.36"
127.0.0.1 - - [08/Oct/2025:14:31:41 +0800] "GET /js/axios.min.map HTTP/1.1" 404 555 "-" "Mozilla/5.0 (Windows NT 10.0; Win64; x64) AppleWebKit/537.36 (KHTML, like Gecko) Chrome/141.0.0.0 Safari/537.36"
127.0.0.1 - - [08/Oct/2025:14:31:41 +0800] "GET /.well-known/appspecific/com.chrome.devtools.json HTTP/1.1" 404 555 "-" "Mozilla/5.0 (Windows NT 10.0; Win64; x64) AppleWebKit/537.36 (KHTML, like Gecko) Chrome/141.0.0.0 Safari/537.36"
127.0.0.1 - - [08/Oct/2025:14:31:41 +0800] "GET /.well-known/appspecific/com.chrome.devtools.json HTTP/1.1" 404 555 "-" "Mozilla/5.0 (Windows NT 10.0; Win64; x64) AppleWebKit/537.36 (KHTML, like Gecko) Chrome/141.0.0.0 Safari/537.36"
127.0.0.1 - - [08/Oct/2025:14:31:42 +0800] "GET /.well-known/appspecific/com.chrome.devtools.json HTTP/1.1" 404 555 "-" "Mozilla/5.0 (Windows NT 10.0; Win64; x64) AppleWebKit/537.36 (KHTML, like Gecko) Chrome/141.0.0.0 Safari/537.36"
127.0.0.1 - - [08/Oct/2025:14:31:42 +0800] "GET /js/axios.min.map HTTP/1.1" 404 555 "-" "Mozilla/5.0 (Windows NT 10.0; Win64; x64) AppleWebKit/537.36 (KHTML, like Gecko) Chrome/141.0.0.0 Safari/537.36"
127.0.0.1 - - [08/Oct/2025:14:31:42 +0800] "GET /api/user/me HTTP/1.1" 401 0 "http://localhost:8080/info.html" "Mozilla/5.0 (Linux; Android 6.0; Nexus 5 Build/MRA58N) AppleWebKit/537.36 (KHTML, like Gecko) Chrome/141.0.0.0 Mobile Safari/537.36"
127.0.0.1 - - [08/Oct/2025:14:31:43 +0800] "GET /.well-known/appspecific/com.chrome.devtools.json HTTP/1.1" 404 555 "-" "Mozilla/5.0 (Windows NT 10.0; Win64; x64) AppleWebKit/537.36 (KHTML, like Gecko) Chrome/141.0.0.0 Safari/537.36"
127.0.0.1 - - [08/Oct/2025:14:31:43 +0800] "GET /js/axios.min.map HTTP/1.1" 404 555 "-" "Mozilla/5.0 (Windows NT 10.0; Win64; x64) AppleWebKit/537.36 (KHTML, like Gecko) Chrome/141.0.0.0 Safari/537.36"
192.168.102.26 - - [08/Oct/2025:14:31:43 +0800] "GET /actuator/health HTTP/1.1" 404 153 "-" "Consul Health Check"
127.0.0.1 - - [08/Oct/2025:14:31:44 +0800] "GET /js/axios.min.map HTTP/1.1" 404 555 "-" "Mozilla/5.0 (Windows NT 10.0; Win64; x64) AppleWebKit/537.36 (KHTML, like Gecko) Chrome/141.0.0.0 Safari/537.36"
127.0.0.1 - - [08/Oct/2025:14:31:44 +0800] "GET /.well-known/appspecific/com.chrome.devtools.json HTTP/1.1" 404 555 "-" "Mozilla/5.0 (Windows NT 10.0; Win64; x64) AppleWebKit/537.36 (KHTML, like Gecko) Chrome/141.0.0.0 Safari/537.36"
127.0.0.1 - - [08/Oct/2025:14:31:44 +0800] "GET /.well-known/appspecific/com.chrome.devtools.json HTTP/1.1" 404 555 "-" "Mozilla/5.0 (Windows NT 10.0; Win64; x64) AppleWebKit/537.36 (KHTML, like Gecko) Chrome/141.0.0.0 Safari/537.36"
127.0.0.1 - - [08/Oct/2025:14:31:44 +0800] "GET /.well-known/appspecific/com.chrome.devtools.json HTTP/1.1" 404 555 "-" "Mozilla/5.0 (Windows NT 10.0; Win64; x64) AppleWebKit/537.36 (KHTML, like Gecko) Chrome/141.0.0.0 Safari/537.36"
127.0.0.1 - - [08/Oct/2025:14:31:44 +0800] "GET /js/axios.min.map HTTP/1.1" 404 555 "-" "Mozilla/5.0 (Windows NT 10.0; Win64; x64) AppleWebKit/537.36 (KHTML, like Gecko) Chrome/141.0.0.0 Safari/537.36"
127.0.0.1 - - [08/Oct/2025:14:31:45 +0800] "GET /js/axios.min.map HTTP/1.1" 404 555 "-" "Mozilla/5.0 (Windows NT 10.0; Win64; x64) AppleWebKit/537.36 (KHTML, like Gecko) Chrome/141.0.0.0 Safari/537.36"
127.0.0.1 - - [08/Oct/2025:14:31:45 +0800] "GET /.well-known/appspecific/com.chrome.devtools.json HTTP/1.1" 404 555 "-" "Mozilla/5.0 (Windows NT 10.0; Win64; x64) AppleWebKit/537.36 (KHTML, like Gecko) Chrome/141.0.0.0 Safari/537.36"
127.0.0.1 - - [08/Oct/2025:14:31:45 +0800] "GET /.well-known/appspecific/com.chrome.devtools.json HTTP/1.1" 404 555 "-" "Mozilla/5.0 (Windows NT 10.0; Win64; x64) AppleWebKit/537.36 (KHTML, like Gecko) Chrome/141.0.0.0 Safari/537.36"
127.0.0.1 - - [08/Oct/2025:14:31:46 +0800] "GET /js/axios.min.map HTTP/1.1" 404 555 "-" "Mozilla/5.0 (Windows NT 10.0; Win64; x64) AppleWebKit/537.36 (KHTML, like Gecko) Chrome/141.0.0.0 Safari/537.36"
127.0.0.1 - - [08/Oct/2025:14:31:46 +0800] "GET /.well-known/appspecific/com.chrome.devtools.json HTTP/1.1" 404 555 "-" "Mozilla/5.0 (Windows NT 10.0; Win64; x64) AppleWebKit/537.36 (KHTML, like Gecko) Chrome/141.0.0.0 Safari/537.36"
127.0.0.1 - - [08/Oct/2025:14:31:46 +0800] "GET /.well-known/appspecific/com.chrome.devtools.json HTTP/1.1" 404 555 "-" "Mozilla/5.0 (Windows NT 10.0; Win64; x64) AppleWebKit/537.36 (KHTML, like Gecko) Chrome/141.0.0.0 Safari/537.36"
127.0.0.1 - - [08/Oct/2025:14:31:47 +0800] "GET /.well-known/appspecific/com.chrome.devtools.json HTTP/1.1" 404 555 "-" "Mozilla/5.0 (Windows NT 10.0; Win64; x64) AppleWebKit/537.36 (KHTML, like Gecko) Chrome/141.0.0.0 Safari/537.36"
127.0.0.1 - - [08/Oct/2025:14:31:47 +0800] "GET /js/axios.min.map HTTP/1.1" 404 555 "-" "Mozilla/5.0 (Windows NT 10.0; Win64; x64) AppleWebKit/537.36 (KHTML, like Gecko) Chrome/141.0.0.0 Safari/537.36"
127.0.0.1 - - [08/Oct/2025:14:31:47 +0800] "GET /api/user/me HTTP/1.1" 401 0 "http://localhost:8080/info.html" "Mozilla/5.0 (Linux; Android 6.0; Nexus 5 Build/MRA58N) AppleWebKit/537.36 (KHTML, like Gecko) Chrome/141.0.0.0 Mobile Safari/537.36"
127.0.0.1 - - [08/Oct/2025:14:31:47 +0800] "GET /.well-known/appspecific/com.chrome.devtools.json HTTP/1.1" 404 555 "-" "Mozilla/5.0 (Windows NT 10.0; Win64; x64) AppleWebKit/537.36 (KHTML, like Gecko) Chrome/141.0.0.0 Safari/537.36"
127.0.0.1 - - [08/Oct/2025:14:31:48 +0800] "GET /js/axios.min.map HTTP/1.1" 404 555 "-" "Mozilla/5.0 (Windows NT 10.0; Win64; x64) AppleWebKit/537.36 (KHTML, like Gecko) Chrome/141.0.0.0 Safari/537.36"
127.0.0.1 - - [08/Oct/2025:14:31:49 +0800] "GET /js/axios.min.map HTTP/1.1" 404 555 "-" "Mozilla/5.0 (Windows NT 10.0; Win64; x64) AppleWebKit/537.36 (KHTML, like Gecko) Chrome/141.0.0.0 Safari/537.36"
127.0.0.1 - - [08/Oct/2025:14:31:49 +0800] "GET /.well-known/appspecific/com.chrome.devtools.json HTTP/1.1" 404 555 "-" "Mozilla/5.0 (Windows NT 10.0; Win64; x64) AppleWebKit/537.36 (KHTML, like Gecko) Chrome/141.0.0.0 Safari/537.36"
127.0.0.1 - - [08/Oct/2025:14:31:49 +0800] "GET /.well-known/appspecific/com.chrome.devtools.json HTTP/1.1" 404 555 "-" "Mozilla/5.0 (Windows NT 10.0; Win64; x64) AppleWebKit/537.36 (KHTML, like Gecko) Chrome/141.0.0.0 Safari/537.36"
127.0.0.1 - - [08/Oct/2025:14:31:49 +0800] "GET /.well-known/appspecific/com.chrome.devtools.json HTTP/1.1" 404 555 "-" "Mozilla/5.0 (Windows NT 10.0; Win64; x64) AppleWebKit/537.36 (KHTML, like Gecko) Chrome/141.0.0.0 Safari/537.36"
127.0.0.1 - - [08/Oct/2025:14:31:49 +0800] "GET /js/axios.min.map HTTP/1.1" 404 555 "-" "Mozilla/5.0 (Windows NT 10.0; Win64; x64) AppleWebKit/537.36 (KHTML, like Gecko) Chrome/141.0.0.0 Safari/537.36"
127.0.0.1 - - [08/Oct/2025:14:31:50 +0800] "GET /js/axios.min.map HTTP/1.1" 404 555 "-" "Mozilla/5.0 (Windows NT 10.0; Win64; x64) AppleWebKit/537.36 (KHTML, like Gecko) Chrome/141.0.0.0 Safari/537.36"
127.0.0.1 - - [08/Oct/2025:14:31:50 +0800] "GET /.well-known/appspecific/com.chrome.devtools.json HTTP/1.1" 404 555 "-" "Mozilla/5.0 (Windows NT 10.0; Win64; x64) AppleWebKit/537.36 (KHTML, like Gecko) Chrome/141.0.0.0 Safari/537.36"
127.0.0.1 - - [08/Oct/2025:14:31:50 +0800] "GET /.well-known/appspecific/com.chrome.devtools.json HTTP/1.1" 404 555 "-" "Mozilla/5.0 (Windows NT 10.0; Win64; x64) AppleWebKit/537.36 (KHTML, like Gecko) Chrome/141.0.0.0 Safari/537.36"
127.0.0.1 - - [08/Oct/2025:14:31:52 +0800] "GET /api/blog/of/follow?&lastId=1759905112917 HTTP/1.1" 401 0 "http://localhost:8080/info.html" "Mozilla/5.0 (Linux; Android 6.0; Nexus 5 Build/MRA58N) AppleWebKit/537.36 (KHTML, like Gecko) Chrome/141.0.0.0 Mobile Safari/537.36"
127.0.0.1 - - [08/Oct/2025:14:31:53 +0800] "GET /.well-known/appspecific/com.chrome.devtools.json HTTP/1.1" 404 555 "-" "Mozilla/5.0 (Windows NT 10.0; Win64; x64) AppleWebKit/537.36 (KHTML, like Gecko) Chrome/141.0.0.0 Safari/537.36"
127.0.0.1 - - [08/Oct/2025:14:31:53 +0800] "GET /js/axios.min.map HTTP/1.1" 404 555 "-" "Mozilla/5.0 (Windows NT 10.0; Win64; x64) AppleWebKit/537.36 (KHTML, like Gecko) Chrome/141.0.0.0 Safari/537.36"
192.168.102.26 - - [08/Oct/2025:14:31:54 +0800] "GET /actuator/health HTTP/1.1" 404 153 "-" "Consul Health Check"
127.0.0.1 - - [08/Oct/2025:14:31:54 +0800] "GET /js/axios.min.map HTTP/1.1" 404 555 "-" "Mozilla/5.0 (Windows NT 10.0; Win64; x64) AppleWebKit/537.36 (KHTML, like Gecko) Chrome/141.0.0.0 Safari/537.36"
127.0.0.1 - - [08/Oct/2025:14:31:54 +0800] "GET /.well-known/appspecific/com.chrome.devtools.json HTTP/1.1" 404 555 "-" "Mozilla/5.0 (Windows NT 10.0; Win64; x64) AppleWebKit/537.36 (KHTML, like Gecko) Chrome/141.0.0.0 Safari/537.36"
127.0.0.1 - - [08/Oct/2025:14:31:54 +0800] "GET /.well-known/appspecific/com.chrome.devtools.json HTTP/1.1" 404 555 "-" "Mozilla/5.0 (Windows NT 10.0; Win64; x64) AppleWebKit/537.36 (KHTML, like Gecko) Chrome/141.0.0.0 Safari/537.36"
127.0.0.1 - - [08/Oct/2025:14:31:55 +0800] "GET /js/axios.min.map HTTP/1.1" 404 555 "-" "Mozilla/5.0 (Windows NT 10.0; Win64; x64) AppleWebKit/537.36 (KHTML, like Gecko) Chrome/141.0.0.0 Safari/537.36"
127.0.0.1 - - [08/Oct/2025:14:31:55 +0800] "GET /.well-known/appspecific/com.chrome.devtools.json HTTP/1.1" 404 555 "-" "Mozilla/5.0 (Windows NT 10.0; Win64; x64) AppleWebKit/537.36 (KHTML, like Gecko) Chrome/141.0.0.0 Safari/537.36"
127.0.0.1 - - [08/Oct/2025:14:31:55 +0800] "GET /.well-known/appspecific/com.chrome.devtools.json HTTP/1.1" 404 555 "-" "Mozilla/5.0 (Windows NT 10.0; Win64; x64) AppleWebKit/537.36 (KHTML, like Gecko) Chrome/141.0.0.0 Safari/537.36"
192.168.102.26 - - [08/Oct/2025:14:32:04 +0800] "GET /actuator/health HTTP/1.1" 404 153 "-" "Consul Health Check"
192.168.102.26 - - [08/Oct/2025:14:32:14 +0800] "GET /actuator/health HTTP/1.1" 404 153 "-" "Consul Health Check"
192.168.102.26 - - [08/Oct/2025:14:32:25 +0800] "GET /actuator/health HTTP/1.1" 404 153 "-" "Consul Health Check"
192.168.102.26 - - [08/Oct/2025:14:32:35 +0800] "GET /actuator/health HTTP/1.1" 404 153 "-" "Consul Health Check"
192.168.102.26 - - [08/Oct/2025:14:32:45 +0800] "GET /actuator/health HTTP/1.1" 404 153 "-" "Consul Health Check"
192.168.102.26 - - [08/Oct/2025:14:32:56 +0800] "GET /actuator/health HTTP/1.1" 404 153 "-" "Consul Health Check"
192.168.102.26 - - [08/Oct/2025:14:33:06 +0800] "GET /actuator/health HTTP/1.1" 404 153 "-" "Consul Health Check"
192.168.102.26 - - [08/Oct/2025:14:33:16 +0800] "GET /actuator/health HTTP/1.1" 404 153 "-" "Consul Health Check"
192.168.102.26 - - [08/Oct/2025:14:33:27 +0800] "GET /actuator/health HTTP/1.1" 404 153 "-" "Consul Health Check"
192.168.102.26 - - [08/Oct/2025:14:33:37 +0800] "GET /actuator/health HTTP/1.1" 404 153 "-" "Consul Health Check"
192.168.102.26 - - [08/Oct/2025:14:33:47 +0800] "GET /actuator/health HTTP/1.1" 404 153 "-" "Consul Health Check"
192.168.102.26 - - [08/Oct/2025:14:33:58 +0800] "GET /actuator/health HTTP/1.1" 404 153 "-" "Consul Health Check"
192.168.102.26 - - [08/Oct/2025:14:34:08 +0800] "GET /actuator/health HTTP/1.1" 404 153 "-" "Consul Health Check"
192.168.102.26 - - [08/Oct/2025:14:34:18 +0800] "GET /actuator/health HTTP/1.1" 404 153 "-" "Consul Health Check"
192.168.102.26 - - [08/Oct/2025:14:34:29 +0800] "GET /actuator/health HTTP/1.1" 404 153 "-" "Consul Health Check"
192.168.102.26 - - [08/Oct/2025:14:34:39 +0800] "GET /actuator/health HTTP/1.1" 404 153 "-" "Consul Health Check"
192.168.102.26 - - [08/Oct/2025:14:34:49 +0800] "GET /actuator/health HTTP/1.1" 404 153 "-" "Consul Health Check"
192.168.102.26 - - [08/Oct/2025:14:35:00 +0800] "GET /actuator/health HTTP/1.1" 404 153 "-" "Consul Health Check"
192.168.102.26 - - [08/Oct/2025:14:35:10 +0800] "GET /actuator/health HTTP/1.1" 404 153 "-" "Consul Health Check"
192.168.102.26 - - [08/Oct/2025:14:35:20 +0800] "GET /actuator/health HTTP/1.1" 404 153 "-" "Consul Health Check"
192.168.102.26 - - [08/Oct/2025:14:35:31 +0800] "GET /actuator/health HTTP/1.1" 404 153 "-" "Consul Health Check"
192.168.102.26 - - [08/Oct/2025:14:35:41 +0800] "GET /actuator/health HTTP/1.1" 404 153 "-" "Consul Health Check"
192.168.102.26 - - [08/Oct/2025:14:35:51 +0800] "GET /actuator/health HTTP/1.1" 404 153 "-" "Consul Health Check"
192.168.102.26 - - [08/Oct/2025:14:36:02 +0800] "GET /actuator/health HTTP/1.1" 404 153 "-" "Consul Health Check"
192.168.102.26 - - [08/Oct/2025:14:36:12 +0800] "GET /actuator/health HTTP/1.1" 404 153 "-" "Consul Health Check"
192.168.102.26 - - [08/Oct/2025:14:36:22 +0800] "GET /actuator/health HTTP/1.1" 404 153 "-" "Consul Health Check"
192.168.102.26 - - [08/Oct/2025:14:36:33 +0800] "GET /actuator/health HTTP/1.1" 404 153 "-" "Consul Health Check"
192.168.102.26 - - [08/Oct/2025:14:36:43 +0800] "GET /actuator/health HTTP/1.1" 404 153 "-" "Consul Health Check"
192.168.102.26 - - [08/Oct/2025:14:36:53 +0800] "GET /actuator/health HTTP/1.1" 404 153 "-" "Consul Health Check"
192.168.102.26 - - [08/Oct/2025:14:37:04 +0800] "GET /actuator/health HTTP/1.1" 404 153 "-" "Consul Health Check"
192.168.102.26 - - [08/Oct/2025:14:37:14 +0800] "GET /actuator/health HTTP/1.1" 404 153 "-" "Consul Health Check"
192.168.102.26 - - [08/Oct/2025:14:37:24 +0800] "GET /actuator/health HTTP/1.1" 404 153 "-" "Consul Health Check"
192.168.102.26 - - [08/Oct/2025:14:37:35 +0800] "GET /actuator/health HTTP/1.1" 404 153 "-" "Consul Health Check"
192.168.102.26 - - [08/Oct/2025:14:37:45 +0800] "GET /actuator/health HTTP/1.1" 404 153 "-" "Consul Health Check"
192.168.102.26 - - [08/Oct/2025:14:38:12 +0800] "GET /actuator/health HTTP/1.1" 404 153 "-" "Consul Health Check"
192.168.102.26 - - [08/Oct/2025:14:38:22 +0800] "GET /actuator/health HTTP/1.1" 404 153 "-" "Consul Health Check"
192.168.102.26 - - [08/Oct/2025:14:38:33 +0800] "GET /actuator/health HTTP/1.1" 404 153 "-" "Consul Health Check"
192.168.102.26 - - [08/Oct/2025:14:38:43 +0800] "GET /actuator/health HTTP/1.1" 404 153 "-" "Consul Health Check"
192.168.102.26 - - [08/Oct/2025:14:38:53 +0800] "GET /actuator/health HTTP/1.1" 404 153 "-" "Consul Health Check"
192.168.102.26 - - [08/Oct/2025:14:39:04 +0800] "GET /actuator/health HTTP/1.1" 404 153 "-" "Consul Health Check"
192.168.102.26 - - [08/Oct/2025:14:39:14 +0800] "GET /actuator/health HTTP/1.1" 404 153 "-" "Consul Health Check"
127.0.0.1 - - [08/Oct/2025:14:39:23 +0800] "GET /api/user/me HTTP/1.1" 401 0 "-" "Mozilla/5.0 (Windows NT 10.0; Win64; x64) AppleWebKit/537.36 (KHTML, like Gecko) Chrome/141.0.0.0 Safari/537.36"
192.168.102.26 - - [08/Oct/2025:14:39:24 +0800] "GET /actuator/health HTTP/1.1" 404 153 "-" "Consul Health Check"
192.168.102.26 - - [08/Oct/2025:14:39:35 +0800] "GET /actuator/health HTTP/1.1" 404 153 "-" "Consul Health Check"
127.0.0.1 - - [08/Oct/2025:14:39:41 +0800] "GET / HTTP/1.1" 200 5238 "-" "Mozilla/5.0 (Windows NT 10.0; Win64; x64) AppleWebKit/537.36 (KHTML, like Gecko) Chrome/141.0.0.0 Safari/537.36"
127.0.0.1 - - [08/Oct/2025:14:39:41 +0800] "GET /css/element.css HTTP/1.1" 200 235010 "http://localhost:8080/" "Mozilla/5.0 (Windows NT 10.0; Win64; x64) AppleWebKit/537.36 (KHTML, like Gecko) Chrome/141.0.0.0 Safari/537.36"
127.0.0.1 - - [08/Oct/2025:14:39:41 +0800] "GET /css/index.css HTTP/1.1" 200 1646 "http://localhost:8080/" "Mozilla/5.0 (Windows NT 10.0; Win64; x64) AppleWebKit/537.36 (KHTML, like Gecko) Chrome/141.0.0.0 Safari/537.36"
127.0.0.1 - - [08/Oct/2025:14:39:41 +0800] "GET /css/main.css HTTP/1.1" 200 992 "http://localhost:8080/" "Mozilla/5.0 (Windows NT 10.0; Win64; x64) AppleWebKit/537.36 (KHTML, like Gecko) Chrome/141.0.0.0 Safari/537.36"
127.0.0.1 - - [08/Oct/2025:14:39:41 +0800] "GET /js/vue.js HTTP/1.1" 200 375291 "http://localhost:8080/" "Mozilla/5.0 (Windows NT 10.0; Win64; x64) AppleWebKit/537.36 (KHTML, like Gecko) Chrome/141.0.0.0 Safari/537.36"
127.0.0.1 - - [08/Oct/2025:14:39:41 +0800] "GET /js/axios.min.js HTTP/1.1" 200 12953 "http://localhost:8080/" "Mozilla/5.0 (Windows NT 10.0; Win64; x64) AppleWebKit/537.36 (KHTML, like Gecko) Chrome/141.0.0.0 Safari/537.36"
127.0.0.1 - - [08/Oct/2025:14:39:41 +0800] "GET /js/element.js HTTP/1.1" 200 575076 "http://localhost:8080/" "Mozilla/5.0 (Windows NT 10.0; Win64; x64) AppleWebKit/537.36 (KHTML, like Gecko) Chrome/141.0.0.0 Safari/537.36"
127.0.0.1 - - [08/Oct/2025:14:39:41 +0800] "GET /js/common.js HTTP/1.1" 200 2724 "http://localhost:8080/" "Mozilla/5.0 (Windows NT 10.0; Win64; x64) AppleWebKit/537.36 (KHTML, like Gecko) Chrome/141.0.0.0 Safari/537.36"
