192.168.102.26 - - [08/Oct/2025:13:47:16 +0800] "GET /actuator/health HTTP/1.1" 404 153 "-" "Consul Health Check"
192.168.102.26 - - [08/Oct/2025:13:47:26 +0800] "GET /actuator/health HTTP/1.1" 404 153 "-" "Consul Health Check"
192.168.102.26 - - [08/Oct/2025:13:47:36 +0800] "GET /actuator/health HTTP/1.1" 404 153 "-" "Consul Health Check"
192.168.102.26 - - [08/Oct/2025:13:47:47 +0800] "GET /actuator/health HTTP/1.1" 404 153 "-" "Consul Health Check"
192.168.102.26 - - [08/Oct/2025:13:47:57 +0800] "GET /actuator/health HTTP/1.1" 404 153 "-" "Consul Health Check"
192.168.102.26 - - [08/Oct/2025:13:48:07 +0800] "GET /actuator/health HTTP/1.1" 404 153 "-" "Consul Health Check"
192.168.102.26 - - [08/Oct/2025:13:48:18 +0800] "GET /actuator/health HTTP/1.1" 404 153 "-" "Consul Health Check"
192.168.102.26 - - [08/Oct/2025:13:48:28 +0800] "GET /actuator/health HTTP/1.1" 404 153 "-" "Consul Health Check"
192.168.102.26 - - [08/Oct/2025:13:48:38 +0800] "GET /actuator/health HTTP/1.1" 404 153 "-" "Consul Health Check"
192.168.102.26 - - [08/Oct/2025:13:48:49 +0800] "GET /actuator/health HTTP/1.1" 404 153 "-" "Consul Health Check"
192.168.102.26 - - [08/Oct/2025:13:48:59 +0800] "GET /actuator/health HTTP/1.1" 404 153 "-" "Consul Health Check"
192.168.102.26 - - [08/Oct/2025:13:49:09 +0800] "GET /actuator/health HTTP/1.1" 404 153 "-" "Consul Health Check"
127.0.0.1 - - [08/Oct/2025:13:49:15 +0800] "GET / HTTP/1.1" 200 5238 "-" "Mozilla/5.0 (Windows NT 10.0; Win64; x64) AppleWebKit/537.36 (KHTML, like Gecko) Chrome/141.0.0.0 Safari/537.36"
127.0.0.1 - - [08/Oct/2025:13:49:15 +0800] "GET /css/element.css HTTP/1.1" 200 235010 "http://localhost:8080/" "Mozilla/5.0 (Windows NT 10.0; Win64; x64) AppleWebKit/537.36 (KHTML, like Gecko) Chrome/141.0.0.0 Safari/537.36"
127.0.0.1 - - [08/Oct/2025:13:49:15 +0800] "GET /css/index.css HTTP/1.1" 200 1646 "http://localhost:8080/" "Mozilla/5.0 (Windows NT 10.0; Win64; x64) AppleWebKit/537.36 (KHTML, like Gecko) Chrome/141.0.0.0 Safari/537.36"
127.0.0.1 - - [08/Oct/2025:13:49:15 +0800] "GET /css/main.css HTTP/1.1" 200 992 "http://localhost:8080/" "Mozilla/5.0 (Windows NT 10.0; Win64; x64) AppleWebKit/537.36 (KHTML, like Gecko) Chrome/141.0.0.0 Safari/537.36"
127.0.0.1 - - [08/Oct/2025:13:49:15 +0800] "GET /js/vue.js HTTP/1.1" 200 375291 "http://localhost:8080/" "Mozilla/5.0 (Windows NT 10.0; Win64; x64) AppleWebKit/537.36 (KHTML, like Gecko) Chrome/141.0.0.0 Safari/537.36"
127.0.0.1 - - [08/Oct/2025:13:49:15 +0800] "GET /js/axios.min.js HTTP/1.1" 200 12953 "http://localhost:8080/" "Mozilla/5.0 (Windows NT 10.0; Win64; x64) AppleWebKit/537.36 (KHTML, like Gecko) Chrome/141.0.0.0 Safari/537.36"
127.0.0.1 - - [08/Oct/2025:13:49:15 +0800] "GET /js/common.js HTTP/1.1" 200 2724 "http://localhost:8080/" "Mozilla/5.0 (Windows NT 10.0; Win64; x64) AppleWebKit/537.36 (KHTML, like Gecko) Chrome/141.0.0.0 Safari/537.36"
127.0.0.1 - - [08/Oct/2025:13:49:15 +0800] "GET /js/element.js HTTP/1.1" 200 575076 "http://localhost:8080/" "Mozilla/5.0 (Windows NT 10.0; Win64; x64) AppleWebKit/537.36 (KHTML, like Gecko) Chrome/141.0.0.0 Safari/537.36"
127.0.0.1 - - [08/Oct/2025:13:49:15 +0800] "GET /css/fonts/element-icons.woff HTTP/1.1" 200 28200 "http://localhost:8080/css/element.css" "Mozilla/5.0 (Windows NT 10.0; Win64; x64) AppleWebKit/537.36 (KHTML, like Gecko) Chrome/141.0.0.0 Safari/537.36"
127.0.0.1 - - [08/Oct/2025:13:49:15 +0800] "GET /js/footer.js HTTP/1.1" 200 1333 "http://localhost:8080/" "Mozilla/5.0 (Windows NT 10.0; Win64; x64) AppleWebKit/537.36 (KHTML, like Gecko) Chrome/141.0.0.0 Safari/537.36"
127.0.0.1 - - [08/Oct/2025:13:49:15 +0800] "GET /imgs/add.png HTTP/1.1" 200 27092 "http://localhost:8080/" "Mozilla/5.0 (Windows NT 10.0; Win64; x64) AppleWebKit/537.36 (KHTML, like Gecko) Chrome/141.0.0.0 Safari/537.36"
127.0.0.1 - - [08/Oct/2025:13:49:16 +0800] "GET /favicon.ico HTTP/1.1" 200 6343 "http://localhost:8080/" "Mozilla/5.0 (Windows NT 10.0; Win64; x64) AppleWebKit/537.36 (KHTML, like Gecko) Chrome/141.0.0.0 Safari/537.36"
127.0.0.1 - - [08/Oct/2025:13:49:16 +0800] "GET /api/shop-type/list HTTP/1.1" 200 664 "http://localhost:8080/" "Mozilla/5.0 (Windows NT 10.0; Win64; x64) AppleWebKit/537.36 (KHTML, like Gecko) Chrome/141.0.0.0 Safari/537.36"
127.0.0.1 - - [08/Oct/2025:13:49:16 +0800] "GET /imgs//types/ms.png HTTP/1.1" 200 2780 "http://localhost:8080/" "Mozilla/5.0 (Windows NT 10.0; Win64; x64) AppleWebKit/537.36 (KHTML, like Gecko) Chrome/141.0.0.0 Safari/537.36"
127.0.0.1 - - [08/Oct/2025:13:49:16 +0800] "GET /imgs//types/amzl.png HTTP/1.1" 200 2931 "http://localhost:8080/" "Mozilla/5.0 (Windows NT 10.0; Win64; x64) AppleWebKit/537.36 (KHTML, like Gecko) Chrome/141.0.0.0 Safari/537.36"
127.0.0.1 - - [08/Oct/2025:13:49:16 +0800] "GET /imgs//types/KTV.png HTTP/1.1" 200 2225 "http://localhost:8080/" "Mozilla/5.0 (Windows NT 10.0; Win64; x64) AppleWebKit/537.36 (KHTML, like Gecko) Chrome/141.0.0.0 Safari/537.36"
127.0.0.1 - - [08/Oct/2025:13:49:16 +0800] "GET /imgs//types/lrmf.png HTTP/1.1" 200 4543 "http://localhost:8080/" "Mozilla/5.0 (Windows NT 10.0; Win64; x64) AppleWebKit/537.36 (KHTML, like Gecko) Chrome/141.0.0.0 Safari/537.36"
127.0.0.1 - - [08/Oct/2025:13:49:16 +0800] "GET /imgs//types/mjmj.png HTTP/1.1" 200 2452 "http://localhost:8080/" "Mozilla/5.0 (Windows NT 10.0; Win64; x64) AppleWebKit/537.36 (KHTML, like Gecko) Chrome/141.0.0.0 Safari/537.36"
127.0.0.1 - - [08/Oct/2025:13:49:16 +0800] "GET /imgs//types/spa.png HTTP/1.1" 200 3139 "http://localhost:8080/" "Mozilla/5.0 (Windows NT 10.0; Win64; x64) AppleWebKit/537.36 (KHTML, like Gecko) Chrome/141.0.0.0 Safari/537.36"
127.0.0.1 - - [08/Oct/2025:13:49:16 +0800] "GET /imgs//types/jiuba.png HTTP/1.1" 200 2774 "http://localhost:8080/" "Mozilla/5.0 (Windows NT 10.0; Win64; x64) AppleWebKit/537.36 (KHTML, like Gecko) Chrome/141.0.0.0 Safari/537.36"
127.0.0.1 - - [08/Oct/2025:13:49:16 +0800] "GET /api/blog/hot?current=1 HTTP/1.1" 200 6059 "http://localhost:8080/" "Mozilla/5.0 (Windows NT 10.0; Win64; x64) AppleWebKit/537.36 (KHTML, like Gecko) Chrome/141.0.0.0 Safari/537.36"
127.0.0.1 - - [08/Oct/2025:13:49:16 +0800] "GET /imgs//types/jsyd.png HTTP/1.1" 200 2174 "http://localhost:8080/" "Mozilla/5.0 (Windows NT 10.0; Win64; x64) AppleWebKit/537.36 (KHTML, like Gecko) Chrome/141.0.0.0 Safari/537.36"
127.0.0.1 - - [08/Oct/2025:13:49:16 +0800] "GET /imgs//types/qzyl.png HTTP/1.1" 200 3780 "http://localhost:8080/" "Mozilla/5.0 (Windows NT 10.0; Win64; x64) AppleWebKit/537.36 (KHTML, like Gecko) Chrome/141.0.0.0 Safari/537.36"
127.0.0.1 - - [08/Oct/2025:13:49:16 +0800] "GET /imgs/icons/kkjtbcr.jpg HTTP/1.1" 200 8030 "http://localhost:8080/" "Mozilla/5.0 (Windows NT 10.0; Win64; x64) AppleWebKit/537.36 (KHTML, like Gecko) Chrome/141.0.0.0 Safari/537.36"
127.0.0.1 - - [08/Oct/2025:13:49:16 +0800] "GET /imgs/blogs/blog1.jpg HTTP/1.1" 200 65123 "http://localhost:8080/" "Mozilla/5.0 (Windows NT 10.0; Win64; x64) AppleWebKit/537.36 (KHTML, like Gecko) Chrome/141.0.0.0 Safari/537.36"
127.0.0.1 - - [08/Oct/2025:13:49:16 +0800] "GET /imgs/blogs/4/7/863cc302-d150-420d-a596-b16e9232a1a6.jpg HTTP/1.1" 200 260010 "http://localhost:8080/" "Mozilla/5.0 (Windows NT 10.0; Win64; x64) AppleWebKit/537.36 (KHTML, like Gecko) Chrome/141.0.0.0 Safari/537.36"
127.0.0.1 - - [08/Oct/2025:13:49:16 +0800] "GET /imgs//types/hpg.png HTTP/1.1" 200 3211 "http://localhost:8080/" "Mozilla/5.0 (Windows NT 10.0; Win64; x64) AppleWebKit/537.36 (KHTML, like Gecko) Chrome/141.0.0.0 Safari/537.36"
127.0.0.1 - - [08/Oct/2025:13:49:16 +0800] "GET /imgs/blogs/7/14/4771fefb-1a87-4252-816c-9f7ec41ffa4a.jpg HTTP/1.1" 200 151964 "http://localhost:8080/" "Mozilla/5.0 (Windows NT 10.0; Win64; x64) AppleWebKit/537.36 (KHTML, like Gecko) Chrome/141.0.0.0 Safari/537.36"
192.168.102.26 - - [08/Oct/2025:13:49:20 +0800] "GET /actuator/health HTTP/1.1" 404 153 "-" "Consul Health Check"
127.0.0.1 - - [08/Oct/2025:13:49:20 +0800] "GET /info.html HTTP/1.1" 200 8490 "http://localhost:8080/" "Mozilla/5.0 (Windows NT 10.0; Win64; x64) AppleWebKit/537.36 (KHTML, like Gecko) Chrome/141.0.0.0 Safari/537.36"
127.0.0.1 - - [08/Oct/2025:13:49:20 +0800] "GET /css/info.css HTTP/1.1" 200 4242 "http://localhost:8080/info.html" "Mozilla/5.0 (Windows NT 10.0; Win64; x64) AppleWebKit/537.36 (KHTML, like Gecko) Chrome/141.0.0.0 Safari/537.36"
127.0.0.1 - - [08/Oct/2025:13:49:20 +0800] "GET /imgs/thumbup.png HTTP/1.1" 200 749 "http://localhost:8080/info.html" "Mozilla/5.0 (Windows NT 10.0; Win64; x64) AppleWebKit/537.36 (KHTML, like Gecko) Chrome/141.0.0.0 Safari/537.36"
127.0.0.1 - - [08/Oct/2025:13:49:20 +0800] "GET /imgs/icons/default-icon.png HTTP/1.1" 200 18889 "http://localhost:8080/info.html" "Mozilla/5.0 (Windows NT 10.0; Win64; x64) AppleWebKit/537.36 (KHTML, like Gecko) Chrome/141.0.0.0 Safari/537.36"
127.0.0.1 - - [08/Oct/2025:13:49:20 +0800] "GET /api/user/me HTTP/1.1" 200 57 "http://localhost:8080/info.html" "Mozilla/5.0 (Windows NT 10.0; Win64; x64) AppleWebKit/537.36 (KHTML, like Gecko) Chrome/141.0.0.0 Safari/537.36"
127.0.0.1 - - [08/Oct/2025:13:49:20 +0800] "GET /login.html HTTP/1.1" 200 4161 "http://localhost:8080/info.html" "Mozilla/5.0 (Windows NT 10.0; Win64; x64) AppleWebKit/537.36 (KHTML, like Gecko) Chrome/141.0.0.0 Safari/537.36"
127.0.0.1 - - [08/Oct/2025:13:49:20 +0800] "GET /css/login.css HTTP/1.1" 200 1285 "http://localhost:8080/login.html" "Mozilla/5.0 (Windows NT 10.0; Win64; x64) AppleWebKit/537.36 (KHTML, like Gecko) Chrome/141.0.0.0 Safari/537.36"
127.0.0.1 - - [08/Oct/2025:13:49:25 +0800] "POST /api/user/code?phone=0930914555 HTTP/1.1" 200 27 "http://localhost:8080/login.html" "Mozilla/5.0 (Windows NT 10.0; Win64; x64) AppleWebKit/537.36 (KHTML, like Gecko) Chrome/141.0.0.0 Safari/537.36"
192.168.102.26 - - [08/Oct/2025:13:49:30 +0800] "GET /actuator/health HTTP/1.1" 404 153 "-" "Consul Health Check"
127.0.0.1 - - [08/Oct/2025:13:49:38 +0800] "GET /.well-known/appspecific/com.chrome.devtools.json HTTP/1.1" 404 555 "-" "Mozilla/5.0 (Windows NT 10.0; Win64; x64) AppleWebKit/537.36 (KHTML, like Gecko) Chrome/141.0.0.0 Safari/537.36"
127.0.0.1 - - [08/Oct/2025:13:49:38 +0800] "GET /js/axios.min.map HTTP/1.1" 404 555 "-" "Mozilla/5.0 (Windows NT 10.0; Win64; x64) AppleWebKit/537.36 (KHTML, like Gecko) Chrome/141.0.0.0 Safari/537.36"
192.168.102.26 - - [08/Oct/2025:13:49:40 +0800] "GET /actuator/health HTTP/1.1" 404 153 "-" "Consul Health Check"
127.0.0.1 - - [08/Oct/2025:13:49:44 +0800] "POST /api/user/login HTTP/1.1" 200 27 "http://localhost:8080/login.html" "Mozilla/5.0 (Linux; Android 6.0; Nexus 5 Build/MRA58N) AppleWebKit/537.36 (KHTML, like Gecko) Chrome/141.0.0.0 Mobile Safari/537.36"
127.0.0.1 - - [08/Oct/2025:13:49:44 +0800] "GET /index.html HTTP/1.1" 200 5238 "http://localhost:8080/login.html" "Mozilla/5.0 (Linux; Android 6.0; Nexus 5 Build/MRA58N) AppleWebKit/537.36 (KHTML, like Gecko) Chrome/141.0.0.0 Mobile Safari/537.36"
127.0.0.1 - - [08/Oct/2025:13:49:44 +0800] "GET /.well-known/appspecific/com.chrome.devtools.json HTTP/1.1" 404 555 "-" "Mozilla/5.0 (Windows NT 10.0; Win64; x64) AppleWebKit/537.36 (KHTML, like Gecko) Chrome/141.0.0.0 Safari/537.36"
127.0.0.1 - - [08/Oct/2025:13:49:45 +0800] "GET /js/axios.min.map HTTP/1.1" 404 555 "-" "Mozilla/5.0 (Windows NT 10.0; Win64; x64) AppleWebKit/537.36 (KHTML, like Gecko) Chrome/141.0.0.0 Safari/537.36"
127.0.0.1 - - [08/Oct/2025:13:49:45 +0800] "GET /api/shop-type/list HTTP/1.1" 200 664 "http://localhost:8080/index.html" "Mozilla/5.0 (Linux; Android 6.0; Nexus 5 Build/MRA58N) AppleWebKit/537.36 (KHTML, like Gecko) Chrome/141.0.0.0 Mobile Safari/537.36"
127.0.0.1 - - [08/Oct/2025:13:49:45 +0800] "GET /api/blog/hot?current=1 HTTP/1.1" 200 6065 "http://localhost:8080/index.html" "Mozilla/5.0 (Linux; Android 6.0; Nexus 5 Build/MRA58N) AppleWebKit/537.36 (KHTML, like Gecko) Chrome/141.0.0.0 Mobile Safari/537.36"
192.168.102.26 - - [08/Oct/2025:13:49:51 +0800] "GET /actuator/health HTTP/1.1" 404 153 "-" "Consul Health Check"
192.168.102.26 - - [08/Oct/2025:13:50:01 +0800] "GET /actuator/health HTTP/1.1" 404 153 "-" "Consul Health Check"
192.168.102.26 - - [08/Oct/2025:13:50:11 +0800] "GET /actuator/health HTTP/1.1" 404 153 "-" "Consul Health Check"
192.168.102.26 - - [08/Oct/2025:13:50:22 +0800] "GET /actuator/health HTTP/1.1" 404 153 "-" "Consul Health Check"
192.168.102.26 - - [08/Oct/2025:13:50:32 +0800] "GET /actuator/health HTTP/1.1" 404 153 "-" "Consul Health Check"
127.0.0.1 - - [08/Oct/2025:13:50:36 +0800] "GET /.well-known/appspecific/com.chrome.devtools.json HTTP/1.1" 404 555 "-" "Mozilla/5.0 (Windows NT 10.0; Win64; x64) AppleWebKit/537.36 (KHTML, like Gecko) Chrome/141.0.0.0 Safari/537.36"
127.0.0.1 - - [08/Oct/2025:13:50:36 +0800] "GET /js/axios.min.map HTTP/1.1" 404 555 "-" "Mozilla/5.0 (Windows NT 10.0; Win64; x64) AppleWebKit/537.36 (KHTML, like Gecko) Chrome/141.0.0.0 Safari/537.36"
127.0.0.1 - - [08/Oct/2025:13:50:36 +0800] "GET /api/user/me HTTP/1.1" 200 57 "http://localhost:8080/info.html" "Mozilla/5.0 (Linux; Android 6.0; Nexus 5 Build/MRA58N) AppleWebKit/537.36 (KHTML, like Gecko) Chrome/141.0.0.0 Mobile Safari/537.36"
127.0.0.1 - - [08/Oct/2025:13:50:36 +0800] "GET /.well-known/appspecific/com.chrome.devtools.json HTTP/1.1" 404 555 "-" "Mozilla/5.0 (Windows NT 10.0; Win64; x64) AppleWebKit/537.36 (KHTML, like Gecko) Chrome/141.0.0.0 Safari/537.36"
127.0.0.1 - - [08/Oct/2025:13:50:36 +0800] "GET /js/axios.min.map HTTP/1.1" 404 555 "-" "Mozilla/5.0 (Windows NT 10.0; Win64; x64) AppleWebKit/537.36 (KHTML, like Gecko) Chrome/141.0.0.0 Safari/537.36"
192.168.102.26 - - [08/Oct/2025:13:50:42 +0800] "GET /actuator/health HTTP/1.1" 404 153 "-" "Consul Health Check"
192.168.102.26 - - [08/Oct/2025:13:50:53 +0800] "GET /actuator/health HTTP/1.1" 404 153 "-" "Consul Health Check"
192.168.102.26 - - [08/Oct/2025:13:51:03 +0800] "GET /actuator/health HTTP/1.1" 404 153 "-" "Consul Health Check"
192.168.102.26 - - [08/Oct/2025:13:51:13 +0800] "GET /actuator/health HTTP/1.1" 404 153 "-" "Consul Health Check"
192.168.102.26 - - [08/Oct/2025:13:51:24 +0800] "GET /actuator/health HTTP/1.1" 404 153 "-" "Consul Health Check"
192.168.102.26 - - [08/Oct/2025:13:51:34 +0800] "GET /actuator/health HTTP/1.1" 404 153 "-" "Consul Health Check"
192.168.102.26 - - [08/Oct/2025:13:51:44 +0800] "GET /actuator/health HTTP/1.1" 404 153 "-" "Consul Health Check"
192.168.102.26 - - [08/Oct/2025:13:51:55 +0800] "GET /actuator/health HTTP/1.1" 404 153 "-" "Consul Health Check"
192.168.102.26 - - [08/Oct/2025:13:52:05 +0800] "GET /actuator/health HTTP/1.1" 404 153 "-" "Consul Health Check"
192.168.102.26 - - [08/Oct/2025:13:52:15 +0800] "GET /actuator/health HTTP/1.1" 404 153 "-" "Consul Health Check"
192.168.102.26 - - [08/Oct/2025:13:52:26 +0800] "GET /actuator/health HTTP/1.1" 404 153 "-" "Consul Health Check"
192.168.102.26 - - [08/Oct/2025:13:52:36 +0800] "GET /actuator/health HTTP/1.1" 404 153 "-" "Consul Health Check"
192.168.102.26 - - [08/Oct/2025:13:52:46 +0800] "GET /actuator/health HTTP/1.1" 404 153 "-" "Consul Health Check"
192.168.102.26 - - [08/Oct/2025:13:52:57 +0800] "GET /actuator/health HTTP/1.1" 404 153 "-" "Consul Health Check"
192.168.102.26 - - [08/Oct/2025:13:53:07 +0800] "GET /actuator/health HTTP/1.1" 404 153 "-" "Consul Health Check"
192.168.102.26 - - [08/Oct/2025:13:53:17 +0800] "GET /actuator/health HTTP/1.1" 404 153 "-" "Consul Health Check"
192.168.102.26 - - [08/Oct/2025:13:53:28 +0800] "GET /actuator/health HTTP/1.1" 404 153 "-" "Consul Health Check"
192.168.102.26 - - [08/Oct/2025:13:53:38 +0800] "GET /actuator/health HTTP/1.1" 404 153 "-" "Consul Health Check"
192.168.102.26 - - [08/Oct/2025:13:53:48 +0800] "GET /actuator/health HTTP/1.1" 404 153 "-" "Consul Health Check"
192.168.102.26 - - [08/Oct/2025:13:53:59 +0800] "GET /actuator/health HTTP/1.1" 404 153 "-" "Consul Health Check"
192.168.102.26 - - [08/Oct/2025:13:54:09 +0800] "GET /actuator/health HTTP/1.1" 404 153 "-" "Consul Health Check"
192.168.102.26 - - [08/Oct/2025:13:54:19 +0800] "GET /actuator/health HTTP/1.1" 404 153 "-" "Consul Health Check"
192.168.102.26 - - [08/Oct/2025:13:54:30 +0800] "GET /actuator/health HTTP/1.1" 404 153 "-" "Consul Health Check"
192.168.102.26 - - [08/Oct/2025:13:54:40 +0800] "GET /actuator/health HTTP/1.1" 404 153 "-" "Consul Health Check"
192.168.102.26 - - [08/Oct/2025:13:54:50 +0800] "GET /actuator/health HTTP/1.1" 404 153 "-" "Consul Health Check"
192.168.102.26 - - [08/Oct/2025:13:55:01 +0800] "GET /actuator/health HTTP/1.1" 404 153 "-" "Consul Health Check"
192.168.102.26 - - [08/Oct/2025:13:55:11 +0800] "GET /actuator/health HTTP/1.1" 404 153 "-" "Consul Health Check"
192.168.102.26 - - [08/Oct/2025:13:55:21 +0800] "GET /actuator/health HTTP/1.1" 404 153 "-" "Consul Health Check"
192.168.102.26 - - [08/Oct/2025:13:55:32 +0800] "GET /actuator/health HTTP/1.1" 404 153 "-" "Consul Health Check"
192.168.102.26 - - [08/Oct/2025:13:55:42 +0800] "GET /actuator/health HTTP/1.1" 404 153 "-" "Consul Health Check"
192.168.102.26 - - [08/Oct/2025:13:55:52 +0800] "GET /actuator/health HTTP/1.1" 404 153 "-" "Consul Health Check"
192.168.102.26 - - [08/Oct/2025:13:56:03 +0800] "GET /actuator/health HTTP/1.1" 404 153 "-" "Consul Health Check"
192.168.102.26 - - [08/Oct/2025:13:56:13 +0800] "GET /actuator/health HTTP/1.1" 404 153 "-" "Consul Health Check"
192.168.102.26 - - [08/Oct/2025:13:56:23 +0800] "GET /actuator/health HTTP/1.1" 404 153 "-" "Consul Health Check"
127.0.0.1 - - [08/Oct/2025:13:56:31 +0800] "POST /api/user/code?phone=0930914555 HTTP/1.1" 200 27 "http://localhost:8080/login.html" "Mozilla/5.0 (Linux; Android 6.0; Nexus 5 Build/MRA58N) AppleWebKit/537.36 (KHTML, like Gecko) Chrome/141.0.0.0 Mobile Safari/537.36"
192.168.102.26 - - [08/Oct/2025:13:56:34 +0800] "GET /actuator/health HTTP/1.1" 404 153 "-" "Consul Health Check"
127.0.0.1 - - [08/Oct/2025:13:56:42 +0800] "POST /api/user/login HTTP/1.1" 200 57 "http://localhost:8080/login.html" "Mozilla/5.0 (Linux; Android 6.0; Nexus 5 Build/MRA58N) AppleWebKit/537.36 (KHTML, like Gecko) Chrome/141.0.0.0 Mobile Safari/537.36"
192.168.102.26 - - [08/Oct/2025:13:56:44 +0800] "GET /actuator/health HTTP/1.1" 404 153 "-" "Consul Health Check"
127.0.0.1 - - [08/Oct/2025:13:56:45 +0800] "POST /api/user/login HTTP/1.1" 200 57 "http://localhost:8080/login.html" "Mozilla/5.0 (Linux; Android 6.0; Nexus 5 Build/MRA58N) AppleWebKit/537.36 (KHTML, like Gecko) Chrome/141.0.0.0 Mobile Safari/537.36"
192.168.102.26 - - [08/Oct/2025:13:56:54 +0800] "GET /actuator/health HTTP/1.1" 404 153 "-" "Consul Health Check"
192.168.102.26 - - [08/Oct/2025:13:57:05 +0800] "GET /actuator/health HTTP/1.1" 404 153 "-" "Consul Health Check"
127.0.0.1 - - [08/Oct/2025:13:57:09 +0800] "POST /api/user/login HTTP/1.1" 200 57 "http://localhost:8080/login.html" "Mozilla/5.0 (Linux; Android 6.0; Nexus 5 Build/MRA58N) AppleWebKit/537.36 (KHTML, like Gecko) Chrome/141.0.0.0 Mobile Safari/537.36"
192.168.102.26 - - [08/Oct/2025:13:57:15 +0800] "GET /actuator/health HTTP/1.1" 404 153 "-" "Consul Health Check"
192.168.102.26 - - [08/Oct/2025:13:57:25 +0800] "GET /actuator/health HTTP/1.1" 404 153 "-" "Consul Health Check"
127.0.0.1 - - [08/Oct/2025:13:57:29 +0800] "POST /api/user/login HTTP/1.1" 200 66 "http://localhost:8080/login.html" "Mozilla/5.0 (Linux; Android 6.0; Nexus 5 Build/MRA58N) AppleWebKit/537.36 (KHTML, like Gecko) Chrome/141.0.0.0 Mobile Safari/537.36"
127.0.0.1 - - [08/Oct/2025:13:57:34 +0800] "POST /api/user/login HTTP/1.1" 200 57 "http://localhost:8080/login.html" "Mozilla/5.0 (Linux; Android 6.0; Nexus 5 Build/MRA58N) AppleWebKit/537.36 (KHTML, like Gecko) Chrome/141.0.0.0 Mobile Safari/537.36"
192.168.102.26 - - [08/Oct/2025:13:57:36 +0800] "GET /actuator/health HTTP/1.1" 404 153 "-" "Consul Health Check"
127.0.0.1 - - [08/Oct/2025:13:57:37 +0800] "POST /api/user/login HTTP/1.1" 200 27 "http://localhost:8080/login.html" "Mozilla/5.0 (Linux; Android 6.0; Nexus 5 Build/MRA58N) AppleWebKit/537.36 (KHTML, like Gecko) Chrome/141.0.0.0 Mobile Safari/537.36"
127.0.0.1 - - [08/Oct/2025:13:57:37 +0800] "GET /.well-known/appspecific/com.chrome.devtools.json HTTP/1.1" 404 555 "-" "Mozilla/5.0 (Windows NT 10.0; Win64; x64) AppleWebKit/537.36 (KHTML, like Gecko) Chrome/141.0.0.0 Safari/537.36"
127.0.0.1 - - [08/Oct/2025:13:57:37 +0800] "GET /js/axios.min.map HTTP/1.1" 404 555 "-" "Mozilla/5.0 (Windows NT 10.0; Win64; x64) AppleWebKit/537.36 (KHTML, like Gecko) Chrome/141.0.0.0 Safari/537.36"
127.0.0.1 - - [08/Oct/2025:13:57:37 +0800] "GET /api/shop-type/list HTTP/1.1" 200 664 "http://localhost:8080/index.html" "Mozilla/5.0 (Linux; Android 6.0; Nexus 5 Build/MRA58N) AppleWebKit/537.36 (KHTML, like Gecko) Chrome/141.0.0.0 Mobile Safari/537.36"
127.0.0.1 - - [08/Oct/2025:13:57:37 +0800] "GET /api/blog/hot?current=1 HTTP/1.1" 200 6065 "http://localhost:8080/index.html" "Mozilla/5.0 (Linux; Android 6.0; Nexus 5 Build/MRA58N) AppleWebKit/537.36 (KHTML, like Gecko) Chrome/141.0.0.0 Mobile Safari/537.36"
192.168.102.26 - - [08/Oct/2025:13:57:46 +0800] "GET /actuator/health HTTP/1.1" 404 153 "-" "Consul Health Check"
192.168.102.26 - - [08/Oct/2025:13:57:56 +0800] "GET /actuator/health HTTP/1.1" 404 153 "-" "Consul Health Check"
192.168.102.26 - - [08/Oct/2025:13:58:07 +0800] "GET /actuator/health HTTP/1.1" 404 153 "-" "Consul Health Check"
192.168.102.26 - - [08/Oct/2025:13:58:17 +0800] "GET /actuator/health HTTP/1.1" 404 153 "-" "Consul Health Check"
192.168.102.26 - - [08/Oct/2025:13:58:27 +0800] "GET /actuator/health HTTP/1.1" 404 153 "-" "Consul Health Check"
192.168.102.26 - - [08/Oct/2025:13:58:38 +0800] "GET /actuator/health HTTP/1.1" 404 153 "-" "Consul Health Check"
192.168.102.26 - - [08/Oct/2025:13:58:48 +0800] "GET /actuator/health HTTP/1.1" 404 153 "-" "Consul Health Check"
192.168.102.26 - - [08/Oct/2025:13:58:58 +0800] "GET /actuator/health HTTP/1.1" 404 153 "-" "Consul Health Check"
192.168.102.26 - - [08/Oct/2025:13:59:09 +0800] "GET /actuator/health HTTP/1.1" 404 153 "-" "Consul Health Check"
192.168.102.26 - - [08/Oct/2025:13:59:19 +0800] "GET /actuator/health HTTP/1.1" 404 153 "-" "Consul Health Check"
192.168.102.26 - - [08/Oct/2025:13:59:29 +0800] "GET /actuator/health HTTP/1.1" 404 153 "-" "Consul Health Check"
192.168.102.26 - - [08/Oct/2025:13:59:40 +0800] "GET /actuator/health HTTP/1.1" 404 153 "-" "Consul Health Check"
192.168.102.26 - - [08/Oct/2025:13:59:50 +0800] "GET /actuator/health HTTP/1.1" 404 153 "-" "Consul Health Check"
127.0.0.1 - - [08/Oct/2025:13:59:52 +0800] "GET /.well-known/appspecific/com.chrome.devtools.json HTTP/1.1" 404 555 "-" "Mozilla/5.0 (Windows NT 10.0; Win64; x64) AppleWebKit/537.36 (KHTML, like Gecko) Chrome/141.0.0.0 Safari/537.36"
127.0.0.1 - - [08/Oct/2025:13:59:52 +0800] "GET /js/axios.min.map HTTP/1.1" 404 555 "-" "Mozilla/5.0 (Windows NT 10.0; Win64; x64) AppleWebKit/537.36 (KHTML, like Gecko) Chrome/141.0.0.0 Safari/537.36"
127.0.0.1 - - [08/Oct/2025:13:59:54 +0800] "GET /api/user/me HTTP/1.1" 200 57 "http://localhost:8080/info.html" "Mozilla/5.0 (Linux; Android 6.0; Nexus 5 Build/MRA58N) AppleWebKit/537.36 (KHTML, like Gecko) Chrome/141.0.0.0 Mobile Safari/537.36"
127.0.0.1 - - [08/Oct/2025:13:59:54 +0800] "GET /.well-known/appspecific/com.chrome.devtools.json HTTP/1.1" 404 555 "-" "Mozilla/5.0 (Windows NT 10.0; Win64; x64) AppleWebKit/537.36 (KHTML, like Gecko) Chrome/141.0.0.0 Safari/537.36"
127.0.0.1 - - [08/Oct/2025:13:59:54 +0800] "GET /js/axios.min.map HTTP/1.1" 404 555 "-" "Mozilla/5.0 (Windows NT 10.0; Win64; x64) AppleWebKit/537.36 (KHTML, like Gecko) Chrome/141.0.0.0 Safari/537.36"
127.0.0.1 - - [08/Oct/2025:13:59:59 +0800] "POST /api/user/code?phone=0930914555 HTTP/1.1" 200 27 "http://localhost:8080/login.html" "Mozilla/5.0 (Linux; Android 6.0; Nexus 5 Build/MRA58N) AppleWebKit/537.36 (KHTML, like Gecko) Chrome/141.0.0.0 Mobile Safari/537.36"
192.168.102.26 - - [08/Oct/2025:14:00:00 +0800] "GET /actuator/health HTTP/1.1" 404 153 "-" "Consul Health Check"
127.0.0.1 - - [08/Oct/2025:14:00:08 +0800] "POST /api/user/login HTTP/1.1" 200 27 "http://localhost:8080/login.html" "Mozilla/5.0 (Linux; Android 6.0; Nexus 5 Build/MRA58N) AppleWebKit/537.36 (KHTML, like Gecko) Chrome/141.0.0.0 Mobile Safari/537.36"
127.0.0.1 - - [08/Oct/2025:14:00:08 +0800] "GET /.well-known/appspecific/com.chrome.devtools.json HTTP/1.1" 404 555 "-" "Mozilla/5.0 (Windows NT 10.0; Win64; x64) AppleWebKit/537.36 (KHTML, like Gecko) Chrome/141.0.0.0 Safari/537.36"
127.0.0.1 - - [08/Oct/2025:14:00:08 +0800] "GET /js/axios.min.map HTTP/1.1" 404 555 "-" "Mozilla/5.0 (Windows NT 10.0; Win64; x64) AppleWebKit/537.36 (KHTML, like Gecko) Chrome/141.0.0.0 Safari/537.36"
127.0.0.1 - - [08/Oct/2025:14:00:08 +0800] "GET /api/shop-type/list HTTP/1.1" 200 664 "http://localhost:8080/index.html" "Mozilla/5.0 (Linux; Android 6.0; Nexus 5 Build/MRA58N) AppleWebKit/537.36 (KHTML, like Gecko) Chrome/141.0.0.0 Mobile Safari/537.36"
127.0.0.1 - - [08/Oct/2025:14:00:08 +0800] "GET /api/blog/hot?current=1 HTTP/1.1" 200 6065 "http://localhost:8080/index.html" "Mozilla/5.0 (Linux; Android 6.0; Nexus 5 Build/MRA58N) AppleWebKit/537.36 (KHTML, like Gecko) Chrome/141.0.0.0 Mobile Safari/537.36"
192.168.102.26 - - [08/Oct/2025:14:00:11 +0800] "GET /actuator/health HTTP/1.1" 404 153 "-" "Consul Health Check"
192.168.102.26 - - [08/Oct/2025:14:00:21 +0800] "GET /actuator/health HTTP/1.1" 404 153 "-" "Consul Health Check"
192.168.102.26 - - [08/Oct/2025:14:00:31 +0800] "GET /actuator/health HTTP/1.1" 404 153 "-" "Consul Health Check"
192.168.102.26 - - [08/Oct/2025:14:00:42 +0800] "GET /actuator/health HTTP/1.1" 404 153 "-" "Consul Health Check"
192.168.102.26 - - [08/Oct/2025:14:00:52 +0800] "GET /actuator/health HTTP/1.1" 404 153 "-" "Consul Health Check"
192.168.102.26 - - [08/Oct/2025:14:01:02 +0800] "GET /actuator/health HTTP/1.1" 404 153 "-" "Consul Health Check"
192.168.102.26 - - [08/Oct/2025:14:01:13 +0800] "GET /actuator/health HTTP/1.1" 404 153 "-" "Consul Health Check"
192.168.102.26 - - [08/Oct/2025:14:01:23 +0800] "GET /actuator/health HTTP/1.1" 404 153 "-" "Consul Health Check"
192.168.102.26 - - [08/Oct/2025:14:01:33 +0800] "GET /actuator/health HTTP/1.1" 404 153 "-" "Consul Health Check"
192.168.102.26 - - [08/Oct/2025:14:01:44 +0800] "GET /actuator/health HTTP/1.1" 404 153 "-" "Consul Health Check"
127.0.0.1 - - [08/Oct/2025:14:01:52 +0800] "GET /.well-known/appspecific/com.chrome.devtools.json HTTP/1.1" 404 555 "-" "Mozilla/5.0 (Windows NT 10.0; Win64; x64) AppleWebKit/537.36 (KHTML, like Gecko) Chrome/141.0.0.0 Safari/537.36"
127.0.0.1 - - [08/Oct/2025:14:01:52 +0800] "GET /js/axios.min.map HTTP/1.1" 404 555 "-" "Mozilla/5.0 (Windows NT 10.0; Win64; x64) AppleWebKit/537.36 (KHTML, like Gecko) Chrome/141.0.0.0 Safari/537.36"
127.0.0.1 - - [08/Oct/2025:14:01:52 +0800] "GET /api/user/me HTTP/1.1" 200 57 "http://localhost:8080/info.html" "Mozilla/5.0 (Linux; Android 6.0; Nexus 5 Build/MRA58N) AppleWebKit/537.36 (KHTML, like Gecko) Chrome/141.0.0.0 Mobile Safari/537.36"
127.0.0.1 - - [08/Oct/2025:14:01:52 +0800] "GET /.well-known/appspecific/com.chrome.devtools.json HTTP/1.1" 404 555 "-" "Mozilla/5.0 (Windows NT 10.0; Win64; x64) AppleWebKit/537.36 (KHTML, like Gecko) Chrome/141.0.0.0 Safari/537.36"
127.0.0.1 - - [08/Oct/2025:14:01:52 +0800] "GET /js/axios.min.map HTTP/1.1" 404 555 "-" "Mozilla/5.0 (Windows NT 10.0; Win64; x64) AppleWebKit/537.36 (KHTML, like Gecko) Chrome/141.0.0.0 Safari/537.36"
192.168.102.26 - - [08/Oct/2025:14:01:54 +0800] "GET /actuator/health HTTP/1.1" 404 153 "-" "Consul Health Check"
127.0.0.1 - - [08/Oct/2025:14:01:56 +0800] "POST /api/user/code?phone=0930914555 HTTP/1.1" 200 27 "http://localhost:8080/login.html" "Mozilla/5.0 (Linux; Android 6.0; Nexus 5 Build/MRA58N) AppleWebKit/537.36 (KHTML, like Gecko) Chrome/141.0.0.0 Mobile Safari/537.36"
127.0.0.1 - - [08/Oct/2025:14:02:03 +0800] "POST /api/user/login HTTP/1.1" 200 27 "http://localhost:8080/login.html" "Mozilla/5.0 (Linux; Android 6.0; Nexus 5 Build/MRA58N) AppleWebKit/537.36 (KHTML, like Gecko) Chrome/141.0.0.0 Mobile Safari/537.36"
127.0.0.1 - - [08/Oct/2025:14:02:03 +0800] "GET /.well-known/appspecific/com.chrome.devtools.json HTTP/1.1" 404 555 "-" "Mozilla/5.0 (Windows NT 10.0; Win64; x64) AppleWebKit/537.36 (KHTML, like Gecko) Chrome/141.0.0.0 Safari/537.36"
127.0.0.1 - - [08/Oct/2025:14:02:03 +0800] "GET /js/axios.min.map HTTP/1.1" 404 555 "-" "Mozilla/5.0 (Windows NT 10.0; Win64; x64) AppleWebKit/537.36 (KHTML, like Gecko) Chrome/141.0.0.0 Safari/537.36"
127.0.0.1 - - [08/Oct/2025:14:02:03 +0800] "GET /api/shop-type/list HTTP/1.1" 200 664 "http://localhost:8080/index.html" "Mozilla/5.0 (Linux; Android 6.0; Nexus 5 Build/MRA58N) AppleWebKit/537.36 (KHTML, like Gecko) Chrome/141.0.0.0 Mobile Safari/537.36"
127.0.0.1 - - [08/Oct/2025:14:02:03 +0800] "GET /api/blog/hot?current=1 HTTP/1.1" 200 6065 "http://localhost:8080/index.html" "Mozilla/5.0 (Linux; Android 6.0; Nexus 5 Build/MRA58N) AppleWebKit/537.36 (KHTML, like Gecko) Chrome/141.0.0.0 Mobile Safari/537.36"
192.168.102.26 - - [08/Oct/2025:14:02:04 +0800] "GET /actuator/health HTTP/1.1" 404 153 "-" "Consul Health Check"
192.168.102.26 - - [08/Oct/2025:14:02:15 +0800] "GET /actuator/health HTTP/1.1" 404 153 "-" "Consul Health Check"
192.168.102.26 - - [08/Oct/2025:14:02:25 +0800] "GET /actuator/health HTTP/1.1" 404 153 "-" "Consul Health Check"
192.168.102.26 - - [08/Oct/2025:14:02:35 +0800] "GET /actuator/health HTTP/1.1" 404 153 "-" "Consul Health Check"
192.168.102.26 - - [08/Oct/2025:14:02:46 +0800] "GET /actuator/health HTTP/1.1" 404 153 "-" "Consul Health Check"
192.168.102.26 - - [08/Oct/2025:14:02:56 +0800] "GET /actuator/health HTTP/1.1" 404 153 "-" "Consul Health Check"
192.168.102.26 - - [08/Oct/2025:14:03:06 +0800] "GET /actuator/health HTTP/1.1" 404 153 "-" "Consul Health Check"
192.168.102.26 - - [08/Oct/2025:14:03:17 +0800] "GET /actuator/health HTTP/1.1" 404 153 "-" "Consul Health Check"
192.168.102.26 - - [08/Oct/2025:14:03:27 +0800] "GET /actuator/health HTTP/1.1" 404 153 "-" "Consul Health Check"
192.168.102.26 - - [08/Oct/2025:14:03:37 +0800] "GET /actuator/health HTTP/1.1" 404 153 "-" "Consul Health Check"
192.168.102.26 - - [08/Oct/2025:14:03:48 +0800] "GET /actuator/health HTTP/1.1" 404 153 "-" "Consul Health Check"
192.168.102.26 - - [08/Oct/2025:14:03:58 +0800] "GET /actuator/health HTTP/1.1" 404 153 "-" "Consul Health Check"
127.0.0.1 - - [08/Oct/2025:14:04:03 +0800] "GET /.well-known/appspecific/com.chrome.devtools.json HTTP/1.1" 404 555 "-" "Mozilla/5.0 (Windows NT 10.0; Win64; x64) AppleWebKit/537.36 (KHTML, like Gecko) Chrome/141.0.0.0 Safari/537.36"
127.0.0.1 - - [08/Oct/2025:14:04:03 +0800] "GET /js/axios.min.map HTTP/1.1" 404 555 "-" "Mozilla/5.0 (Windows NT 10.0; Win64; x64) AppleWebKit/537.36 (KHTML, like Gecko) Chrome/141.0.0.0 Safari/537.36"
127.0.0.1 - - [08/Oct/2025:14:04:03 +0800] "GET /api/user/me HTTP/1.1" 200 57 "http://localhost:8080/info.html" "Mozilla/5.0 (Linux; Android 6.0; Nexus 5 Build/MRA58N) AppleWebKit/537.36 (KHTML, like Gecko) Chrome/141.0.0.0 Mobile Safari/537.36"
127.0.0.1 - - [08/Oct/2025:14:04:03 +0800] "GET /.well-known/appspecific/com.chrome.devtools.json HTTP/1.1" 404 555 "-" "Mozilla/5.0 (Windows NT 10.0; Win64; x64) AppleWebKit/537.36 (KHTML, like Gecko) Chrome/141.0.0.0 Safari/537.36"
127.0.0.1 - - [08/Oct/2025:14:04:03 +0800] "GET /js/axios.min.map HTTP/1.1" 404 555 "-" "Mozilla/5.0 (Windows NT 10.0; Win64; x64) AppleWebKit/537.36 (KHTML, like Gecko) Chrome/141.0.0.0 Safari/537.36"
127.0.0.1 - - [08/Oct/2025:14:04:07 +0800] "POST /api/user/code?phone=0930914555 HTTP/1.1" 200 27 "http://localhost:8080/login.html" "Mozilla/5.0 (Linux; Android 6.0; Nexus 5 Build/MRA58N) AppleWebKit/537.36 (KHTML, like Gecko) Chrome/141.0.0.0 Mobile Safari/537.36"
192.168.102.26 - - [08/Oct/2025:14:04:08 +0800] "GET /actuator/health HTTP/1.1" 404 153 "-" "Consul Health Check"
127.0.0.1 - - [08/Oct/2025:14:04:14 +0800] "POST /api/user/login HTTP/1.1" 200 27 "http://localhost:8080/login.html" "Mozilla/5.0 (Linux; Android 6.0; Nexus 5 Build/MRA58N) AppleWebKit/537.36 (KHTML, like Gecko) Chrome/141.0.0.0 Mobile Safari/537.36"
127.0.0.1 - - [08/Oct/2025:14:04:14 +0800] "GET /.well-known/appspecific/com.chrome.devtools.json HTTP/1.1" 404 555 "-" "Mozilla/5.0 (Windows NT 10.0; Win64; x64) AppleWebKit/537.36 (KHTML, like Gecko) Chrome/141.0.0.0 Safari/537.36"
127.0.0.1 - - [08/Oct/2025:14:04:14 +0800] "GET /js/axios.min.map HTTP/1.1" 404 555 "-" "Mozilla/5.0 (Windows NT 10.0; Win64; x64) AppleWebKit/537.36 (KHTML, like Gecko) Chrome/141.0.0.0 Safari/537.36"
127.0.0.1 - - [08/Oct/2025:14:04:14 +0800] "GET /api/shop-type/list HTTP/1.1" 200 664 "http://localhost:8080/index.html" "Mozilla/5.0 (Linux; Android 6.0; Nexus 5 Build/MRA58N) AppleWebKit/537.36 (KHTML, like Gecko) Chrome/141.0.0.0 Mobile Safari/537.36"
127.0.0.1 - - [08/Oct/2025:14:04:14 +0800] "GET /api/blog/hot?current=1 HTTP/1.1" 200 6065 "http://localhost:8080/index.html" "Mozilla/5.0 (Linux; Android 6.0; Nexus 5 Build/MRA58N) AppleWebKit/537.36 (KHTML, like Gecko) Chrome/141.0.0.0 Mobile Safari/537.36"
192.168.102.26 - - [08/Oct/2025:14:04:19 +0800] "GET /actuator/health HTTP/1.1" 404 153 "-" "Consul Health Check"
192.168.102.26 - - [08/Oct/2025:14:04:29 +0800] "GET /actuator/health HTTP/1.1" 404 153 "-" "Consul Health Check"
127.0.0.1 - - [08/Oct/2025:14:04:37 +0800] "GET /.well-known/appspecific/com.chrome.devtools.json HTTP/1.1" 404 555 "-" "Mozilla/5.0 (Windows NT 10.0; Win64; x64) AppleWebKit/537.36 (KHTML, like Gecko) Chrome/141.0.0.0 Safari/537.36"
127.0.0.1 - - [08/Oct/2025:14:04:37 +0800] "GET /js/axios.min.map HTTP/1.1" 404 555 "-" "Mozilla/5.0 (Windows NT 10.0; Win64; x64) AppleWebKit/537.36 (KHTML, like Gecko) Chrome/141.0.0.0 Safari/537.36"
127.0.0.1 - - [08/Oct/2025:14:04:38 +0800] "GET /api/user/me HTTP/1.1" 200 57 "http://localhost:8080/info.html" "Mozilla/5.0 (Linux; Android 6.0; Nexus 5 Build/MRA58N) AppleWebKit/537.36 (KHTML, like Gecko) Chrome/141.0.0.0 Mobile Safari/537.36"
127.0.0.1 - - [08/Oct/2025:14:04:38 +0800] "GET /.well-known/appspecific/com.chrome.devtools.json HTTP/1.1" 404 555 "-" "Mozilla/5.0 (Windows NT 10.0; Win64; x64) AppleWebKit/537.36 (KHTML, like Gecko) Chrome/141.0.0.0 Safari/537.36"
127.0.0.1 - - [08/Oct/2025:14:04:38 +0800] "GET /js/axios.min.map HTTP/1.1" 404 555 "-" "Mozilla/5.0 (Windows NT 10.0; Win64; x64) AppleWebKit/537.36 (KHTML, like Gecko) Chrome/141.0.0.0 Safari/537.36"
192.168.102.26 - - [08/Oct/2025:14:04:39 +0800] "GET /actuator/health HTTP/1.1" 404 153 "-" "Consul Health Check"
192.168.102.26 - - [08/Oct/2025:14:04:50 +0800] "GET /actuator/health HTTP/1.1" 404 153 "-" "Consul Health Check"
192.168.102.26 - - [08/Oct/2025:14:05:00 +0800] "GET /actuator/health HTTP/1.1" 404 153 "-" "Consul Health Check"
192.168.102.26 - - [08/Oct/2025:14:05:10 +0800] "GET /actuator/health HTTP/1.1" 404 153 "-" "Consul Health Check"
192.168.102.26 - - [08/Oct/2025:14:05:21 +0800] "GET /actuator/health HTTP/1.1" 404 153 "-" "Consul Health Check"
192.168.102.26 - - [08/Oct/2025:14:05:31 +0800] "GET /actuator/health HTTP/1.1" 404 153 "-" "Consul Health Check"
127.0.0.1 - - [08/Oct/2025:14:05:33 +0800] "GET / HTTP/1.1" 200 5238 "-" "Mozilla/5.0 (Windows NT 10.0; Win64; x64) AppleWebKit/537.36 (KHTML, like Gecko) Chrome/141.0.0.0 Safari/537.36"
127.0.0.1 - - [08/Oct/2025:14:05:33 +0800] "GET /css/element.css HTTP/1.1" 200 235010 "http://localhost:8080/" "Mozilla/5.0 (Windows NT 10.0; Win64; x64) AppleWebKit/537.36 (KHTML, like Gecko) Chrome/141.0.0.0 Safari/537.36"
127.0.0.1 - - [08/Oct/2025:14:05:33 +0800] "GET /css/index.css HTTP/1.1" 200 1646 "http://localhost:8080/" "Mozilla/5.0 (Windows NT 10.0; Win64; x64) AppleWebKit/537.36 (KHTML, like Gecko) Chrome/141.0.0.0 Safari/537.36"
127.0.0.1 - - [08/Oct/2025:14:05:33 +0800] "GET /css/main.css HTTP/1.1" 200 992 "http://localhost:8080/" "Mozilla/5.0 (Windows NT 10.0; Win64; x64) AppleWebKit/537.36 (KHTML, like Gecko) Chrome/141.0.0.0 Safari/537.36"
127.0.0.1 - - [08/Oct/2025:14:05:33 +0800] "GET /js/vue.js HTTP/1.1" 200 375291 "http://localhost:8080/" "Mozilla/5.0 (Windows NT 10.0; Win64; x64) AppleWebKit/537.36 (KHTML, like Gecko) Chrome/141.0.0.0 Safari/537.36"
127.0.0.1 - - [08/Oct/2025:14:05:33 +0800] "GET /js/axios.min.js HTTP/1.1" 200 12953 "http://localhost:8080/" "Mozilla/5.0 (Windows NT 10.0; Win64; x64) AppleWebKit/537.36 (KHTML, like Gecko) Chrome/141.0.0.0 Safari/537.36"
127.0.0.1 - - [08/Oct/2025:14:05:33 +0800] "GET /js/element.js HTTP/1.1" 200 575076 "http://localhost:8080/" "Mozilla/5.0 (Windows NT 10.0; Win64; x64) AppleWebKit/537.36 (KHTML, like Gecko) Chrome/141.0.0.0 Safari/537.36"
127.0.0.1 - - [08/Oct/2025:14:05:33 +0800] "GET /js/common.js HTTP/1.1" 200 2724 "http://localhost:8080/" "Mozilla/5.0 (Windows NT 10.0; Win64; x64) AppleWebKit/537.36 (KHTML, like Gecko) Chrome/141.0.0.0 Safari/537.36"
127.0.0.1 - - [08/Oct/2025:14:05:33 +0800] "GET /js/footer.js HTTP/1.1" 200 1333 "http://localhost:8080/" "Mozilla/5.0 (Windows NT 10.0; Win64; x64) AppleWebKit/537.36 (KHTML, like Gecko) Chrome/141.0.0.0 Safari/537.36"
127.0.0.1 - - [08/Oct/2025:14:05:33 +0800] "GET /css/fonts/element-icons.woff HTTP/1.1" 200 28200 "http://localhost:8080/css/element.css" "Mozilla/5.0 (Windows NT 10.0; Win64; x64) AppleWebKit/537.36 (KHTML, like Gecko) Chrome/141.0.0.0 Safari/537.36"
127.0.0.1 - - [08/Oct/2025:14:05:33 +0800] "GET /imgs/add.png HTTP/1.1" 200 27092 "http://localhost:8080/" "Mozilla/5.0 (Windows NT 10.0; Win64; x64) AppleWebKit/537.36 (KHTML, like Gecko) Chrome/141.0.0.0 Safari/537.36"
127.0.0.1 - - [08/Oct/2025:14:05:33 +0800] "GET /api/shop-type/list HTTP/1.1" 200 664 "http://localhost:8080/" "Mozilla/5.0 (Windows NT 10.0; Win64; x64) AppleWebKit/537.36 (KHTML, like Gecko) Chrome/141.0.0.0 Safari/537.36"
127.0.0.1 - - [08/Oct/2025:14:05:33 +0800] "GET /api/blog/hot?current=1 HTTP/1.1" 200 6059 "http://localhost:8080/" "Mozilla/5.0 (Windows NT 10.0; Win64; x64) AppleWebKit/537.36 (KHTML, like Gecko) Chrome/141.0.0.0 Safari/537.36"
127.0.0.1 - - [08/Oct/2025:14:05:33 +0800] "GET /imgs//types/ms.png HTTP/1.1" 200 2780 "http://localhost:8080/" "Mozilla/5.0 (Windows NT 10.0; Win64; x64) AppleWebKit/537.36 (KHTML, like Gecko) Chrome/141.0.0.0 Safari/537.36"
127.0.0.1 - - [08/Oct/2025:14:05:33 +0800] "GET /imgs//types/KTV.png HTTP/1.1" 200 2225 "http://localhost:8080/" "Mozilla/5.0 (Windows NT 10.0; Win64; x64) AppleWebKit/537.36 (KHTML, like Gecko) Chrome/141.0.0.0 Safari/537.36"
127.0.0.1 - - [08/Oct/2025:14:05:33 +0800] "GET /imgs//types/lrmf.png HTTP/1.1" 200 4543 "http://localhost:8080/" "Mozilla/5.0 (Windows NT 10.0; Win64; x64) AppleWebKit/537.36 (KHTML, like Gecko) Chrome/141.0.0.0 Safari/537.36"
127.0.0.1 - - [08/Oct/2025:14:05:33 +0800] "GET /imgs//types/jsyd.png HTTP/1.1" 200 2174 "http://localhost:8080/" "Mozilla/5.0 (Windows NT 10.0; Win64; x64) AppleWebKit/537.36 (KHTML, like Gecko) Chrome/141.0.0.0 Safari/537.36"
127.0.0.1 - - [08/Oct/2025:14:05:33 +0800] "GET /imgs//types/hpg.png HTTP/1.1" 200 3211 "http://localhost:8080/" "Mozilla/5.0 (Windows NT 10.0; Win64; x64) AppleWebKit/537.36 (KHTML, like Gecko) Chrome/141.0.0.0 Safari/537.36"
127.0.0.1 - - [08/Oct/2025:14:05:33 +0800] "GET /imgs//types/mjmj.png HTTP/1.1" 200 2452 "http://localhost:8080/" "Mozilla/5.0 (Windows NT 10.0; Win64; x64) AppleWebKit/537.36 (KHTML, like Gecko) Chrome/141.0.0.0 Safari/537.36"
127.0.0.1 - - [08/Oct/2025:14:05:33 +0800] "GET /imgs//types/amzl.png HTTP/1.1" 200 2931 "http://localhost:8080/" "Mozilla/5.0 (Windows NT 10.0; Win64; x64) AppleWebKit/537.36 (KHTML, like Gecko) Chrome/141.0.0.0 Safari/537.36"
127.0.0.1 - - [08/Oct/2025:14:05:33 +0800] "GET /imgs//types/spa.png HTTP/1.1" 200 3139 "http://localhost:8080/" "Mozilla/5.0 (Windows NT 10.0; Win64; x64) AppleWebKit/537.36 (KHTML, like Gecko) Chrome/141.0.0.0 Safari/537.36"
127.0.0.1 - - [08/Oct/2025:14:05:33 +0800] "GET /imgs//types/qzyl.png HTTP/1.1" 200 3780 "http://localhost:8080/" "Mozilla/5.0 (Windows NT 10.0; Win64; x64) AppleWebKit/537.36 (KHTML, like Gecko) Chrome/141.0.0.0 Safari/537.36"
127.0.0.1 - - [08/Oct/2025:14:05:33 +0800] "GET /imgs//types/jiuba.png HTTP/1.1" 200 2774 "http://localhost:8080/" "Mozilla/5.0 (Windows NT 10.0; Win64; x64) AppleWebKit/537.36 (KHTML, like Gecko) Chrome/141.0.0.0 Safari/537.36"
127.0.0.1 - - [08/Oct/2025:14:05:33 +0800] "GET /imgs/blogs/7/14/4771fefb-1a87-4252-816c-9f7ec41ffa4a.jpg HTTP/1.1" 200 151964 "http://localhost:8080/" "Mozilla/5.0 (Windows NT 10.0; Win64; x64) AppleWebKit/537.36 (KHTML, like Gecko) Chrome/141.0.0.0 Safari/537.36"
127.0.0.1 - - [08/Oct/2025:14:05:33 +0800] "GET /imgs/icons/kkjtbcr.jpg HTTP/1.1" 200 8030 "http://localhost:8080/" "Mozilla/5.0 (Windows NT 10.0; Win64; x64) AppleWebKit/537.36 (KHTML, like Gecko) Chrome/141.0.0.0 Safari/537.36"
127.0.0.1 - - [08/Oct/2025:14:05:33 +0800] "GET /imgs/blogs/4/7/863cc302-d150-420d-a596-b16e9232a1a6.jpg HTTP/1.1" 200 260010 "http://localhost:8080/" "Mozilla/5.0 (Windows NT 10.0; Win64; x64) AppleWebKit/537.36 (KHTML, like Gecko) Chrome/141.0.0.0 Safari/537.36"
127.0.0.1 - - [08/Oct/2025:14:05:33 +0800] "GET /imgs/blogs/blog1.jpg HTTP/1.1" 200 65123 "http://localhost:8080/" "Mozilla/5.0 (Windows NT 10.0; Win64; x64) AppleWebKit/537.36 (KHTML, like Gecko) Chrome/141.0.0.0 Safari/537.36"
127.0.0.1 - - [08/Oct/2025:14:05:33 +0800] "GET /favicon.ico HTTP/1.1" 200 6343 "http://localhost:8080/" "Mozilla/5.0 (Windows NT 10.0; Win64; x64) AppleWebKit/537.36 (KHTML, like Gecko) Chrome/141.0.0.0 Safari/537.36"
127.0.0.1 - - [08/Oct/2025:14:05:36 +0800] "GET /info.html HTTP/1.1" 200 8490 "http://localhost:8080/" "Mozilla/5.0 (Windows NT 10.0; Win64; x64) AppleWebKit/537.36 (KHTML, like Gecko) Chrome/141.0.0.0 Safari/537.36"
127.0.0.1 - - [08/Oct/2025:14:05:36 +0800] "GET /css/info.css HTTP/1.1" 200 4242 "http://localhost:8080/info.html" "Mozilla/5.0 (Windows NT 10.0; Win64; x64) AppleWebKit/537.36 (KHTML, like Gecko) Chrome/141.0.0.0 Safari/537.36"
127.0.0.1 - - [08/Oct/2025:14:05:36 +0800] "GET /imgs/thumbup.png HTTP/1.1" 200 749 "http://localhost:8080/info.html" "Mozilla/5.0 (Windows NT 10.0; Win64; x64) AppleWebKit/537.36 (KHTML, like Gecko) Chrome/141.0.0.0 Safari/537.36"
127.0.0.1 - - [08/Oct/2025:14:05:36 +0800] "GET /imgs/icons/default-icon.png HTTP/1.1" 200 18889 "http://localhost:8080/info.html" "Mozilla/5.0 (Windows NT 10.0; Win64; x64) AppleWebKit/537.36 (KHTML, like Gecko) Chrome/141.0.0.0 Safari/537.36"
127.0.0.1 - - [08/Oct/2025:14:05:36 +0800] "GET /api/user/me HTTP/1.1" 200 57 "http://localhost:8080/info.html" "Mozilla/5.0 (Windows NT 10.0; Win64; x64) AppleWebKit/537.36 (KHTML, like Gecko) Chrome/141.0.0.0 Safari/537.36"
127.0.0.1 - - [08/Oct/2025:14:05:36 +0800] "GET /login.html HTTP/1.1" 200 4161 "http://localhost:8080/info.html" "Mozilla/5.0 (Windows NT 10.0; Win64; x64) AppleWebKit/537.36 (KHTML, like Gecko) Chrome/141.0.0.0 Safari/537.36"
127.0.0.1 - - [08/Oct/2025:14:05:36 +0800] "GET /css/login.css HTTP/1.1" 200 1285 "http://localhost:8080/login.html" "Mozilla/5.0 (Windows NT 10.0; Win64; x64) AppleWebKit/537.36 (KHTML, like Gecko) Chrome/141.0.0.0 Safari/537.36"
192.168.102.26 - - [08/Oct/2025:14:05:42 +0800] "GET /actuator/health HTTP/1.1" 404 153 "-" "Consul Health Check"
127.0.0.1 - - [08/Oct/2025:14:05:50 +0800] "POST /api/user/code?phone=0930914555 HTTP/1.1" 200 27 "http://localhost:8080/login.html" "Mozilla/5.0 (Windows NT 10.0; Win64; x64) AppleWebKit/537.36 (KHTML, like Gecko) Chrome/141.0.0.0 Safari/537.36"
192.168.102.26 - - [08/Oct/2025:14:05:52 +0800] "GET /actuator/health HTTP/1.1" 404 153 "-" "Consul Health Check"
127.0.0.1 - - [08/Oct/2025:14:05:52 +0800] "GET /.well-known/appspecific/com.chrome.devtools.json HTTP/1.1" 404 555 "-" "Mozilla/5.0 (Windows NT 10.0; Win64; x64) AppleWebKit/537.36 (KHTML, like Gecko) Chrome/141.0.0.0 Safari/537.36"
127.0.0.1 - - [08/Oct/2025:14:05:52 +0800] "GET /js/axios.min.map HTTP/1.1" 404 555 "-" "Mozilla/5.0 (Windows NT 10.0; Win64; x64) AppleWebKit/537.36 (KHTML, like Gecko) Chrome/141.0.0.0 Safari/537.36"
127.0.0.1 - - [08/Oct/2025:14:05:59 +0800] "POST /api/user/login HTTP/1.1" 200 27 "http://localhost:8080/login.html" "Mozilla/5.0 (Linux; Android 6.0; Nexus 5 Build/MRA58N) AppleWebKit/537.36 (KHTML, like Gecko) Chrome/141.0.0.0 Mobile Safari/537.36"
127.0.0.1 - - [08/Oct/2025:14:05:59 +0800] "GET /index.html HTTP/1.1" 200 5238 "http://localhost:8080/login.html" "Mozilla/5.0 (Linux; Android 6.0; Nexus 5 Build/MRA58N) AppleWebKit/537.36 (KHTML, like Gecko) Chrome/141.0.0.0 Mobile Safari/537.36"
127.0.0.1 - - [08/Oct/2025:14:05:59 +0800] "GET /.well-known/appspecific/com.chrome.devtools.json HTTP/1.1" 404 555 "-" "Mozilla/5.0 (Windows NT 10.0; Win64; x64) AppleWebKit/537.36 (KHTML, like Gecko) Chrome/141.0.0.0 Safari/537.36"
127.0.0.1 - - [08/Oct/2025:14:05:59 +0800] "GET /js/axios.min.map HTTP/1.1" 404 555 "-" "Mozilla/5.0 (Windows NT 10.0; Win64; x64) AppleWebKit/537.36 (KHTML, like Gecko) Chrome/141.0.0.0 Safari/537.36"
127.0.0.1 - - [08/Oct/2025:14:05:59 +0800] "GET /api/shop-type/list HTTP/1.1" 200 664 "http://localhost:8080/index.html" "Mozilla/5.0 (Linux; Android 6.0; Nexus 5 Build/MRA58N) AppleWebKit/537.36 (KHTML, like Gecko) Chrome/141.0.0.0 Mobile Safari/537.36"
127.0.0.1 - - [08/Oct/2025:14:05:59 +0800] "GET /api/blog/hot?current=1 HTTP/1.1" 200 6065 "http://localhost:8080/index.html" "Mozilla/5.0 (Linux; Android 6.0; Nexus 5 Build/MRA58N) AppleWebKit/537.36 (KHTML, like Gecko) Chrome/141.0.0.0 Mobile Safari/537.36"
192.168.102.26 - - [08/Oct/2025:14:06:02 +0800] "GET /actuator/health HTTP/1.1" 404 153 "-" "Consul Health Check"
192.168.102.26 - - [08/Oct/2025:14:06:12 +0800] "GET /actuator/health HTTP/1.1" 404 153 "-" "Consul Health Check"
192.168.102.26 - - [08/Oct/2025:14:06:23 +0800] "GET /actuator/health HTTP/1.1" 404 153 "-" "Consul Health Check"
127.0.0.1 - - [08/Oct/2025:14:06:23 +0800] "GET /blog-edit.html HTTP/1.1" 200 5271 "http://localhost:8080/index.html" "Mozilla/5.0 (Linux; Android 6.0; Nexus 5 Build/MRA58N) AppleWebKit/537.36 (KHTML, like Gecko) Chrome/141.0.0.0 Mobile Safari/537.36"
127.0.0.1 - - [08/Oct/2025:14:06:23 +0800] "GET /.well-known/appspecific/com.chrome.devtools.json HTTP/1.1" 404 555 "-" "Mozilla/5.0 (Windows NT 10.0; Win64; x64) AppleWebKit/537.36 (KHTML, like Gecko) Chrome/141.0.0.0 Safari/537.36"
127.0.0.1 - - [08/Oct/2025:14:06:23 +0800] "GET /css/blog-edit.css HTTP/1.1" 200 3214 "http://localhost:8080/blog-edit.html" "Mozilla/5.0 (Linux; Android 6.0; Nexus 5 Build/MRA58N) AppleWebKit/537.36 (KHTML, like Gecko) Chrome/141.0.0.0 Mobile Safari/537.36"
127.0.0.1 - - [08/Oct/2025:14:06:23 +0800] "GET /js/axios.min.map HTTP/1.1" 404 555 "-" "Mozilla/5.0 (Windows NT 10.0; Win64; x64) AppleWebKit/537.36 (KHTML, like Gecko) Chrome/141.0.0.0 Safari/537.36"
127.0.0.1 - - [08/Oct/2025:14:06:23 +0800] "GET /api/user/me HTTP/1.1" 200 57 "http://localhost:8080/blog-edit.html" "Mozilla/5.0 (Linux; Android 6.0; Nexus 5 Build/MRA58N) AppleWebKit/537.36 (KHTML, like Gecko) Chrome/141.0.0.0 Mobile Safari/537.36"
127.0.0.1 - - [08/Oct/2025:14:06:23 +0800] "GET /api/shop/of/name?name= HTTP/1.1" 499 0 "http://localhost:8080/blog-edit.html" "Mozilla/5.0 (Linux; Android 6.0; Nexus 5 Build/MRA58N) AppleWebKit/537.36 (KHTML, like Gecko) Chrome/141.0.0.0 Mobile Safari/537.36"
127.0.0.1 - - [08/Oct/2025:14:06:23 +0800] "GET /.well-known/appspecific/com.chrome.devtools.json HTTP/1.1" 404 555 "-" "Mozilla/5.0 (Windows NT 10.0; Win64; x64) AppleWebKit/537.36 (KHTML, like Gecko) Chrome/141.0.0.0 Safari/537.36"
127.0.0.1 - - [08/Oct/2025:14:06:23 +0800] "GET /js/axios.min.map HTTP/1.1" 404 555 "-" "Mozilla/5.0 (Windows NT 10.0; Win64; x64) AppleWebKit/537.36 (KHTML, like Gecko) Chrome/141.0.0.0 Safari/537.36"
127.0.0.1 - - [08/Oct/2025:14:06:25 +0800] "GET /js/axios.min.map HTTP/1.1" 404 555 "-" "Mozilla/5.0 (Windows NT 10.0; Win64; x64) AppleWebKit/537.36 (KHTML, like Gecko) Chrome/141.0.0.0 Safari/537.36"
127.0.0.1 - - [08/Oct/2025:14:06:25 +0800] "GET /.well-known/appspecific/com.chrome.devtools.json HTTP/1.1" 404 555 "-" "Mozilla/5.0 (Windows NT 10.0; Win64; x64) AppleWebKit/537.36 (KHTML, like Gecko) Chrome/141.0.0.0 Safari/537.36"
127.0.0.1 - - [08/Oct/2025:14:06:25 +0800] "GET /.well-known/appspecific/com.chrome.devtools.json HTTP/1.1" 404 555 "-" "Mozilla/5.0 (Windows NT 10.0; Win64; x64) AppleWebKit/537.36 (KHTML, like Gecko) Chrome/141.0.0.0 Safari/537.36"
127.0.0.1 - - [08/Oct/2025:14:06:26 +0800] "GET /.well-known/appspecific/com.chrome.devtools.json HTTP/1.1" 404 555 "-" "Mozilla/5.0 (Windows NT 10.0; Win64; x64) AppleWebKit/537.36 (KHTML, like Gecko) Chrome/141.0.0.0 Safari/537.36"
127.0.0.1 - - [08/Oct/2025:14:06:26 +0800] "GET /js/axios.min.map HTTP/1.1" 404 555 "-" "Mozilla/5.0 (Windows NT 10.0; Win64; x64) AppleWebKit/537.36 (KHTML, like Gecko) Chrome/141.0.0.0 Safari/537.36"
127.0.0.1 - - [08/Oct/2025:14:06:26 +0800] "GET /api/user/me HTTP/1.1" 200 57 "http://localhost:8080/info.html" "Mozilla/5.0 (Linux; Android 6.0; Nexus 5 Build/MRA58N) AppleWebKit/537.36 (KHTML, like Gecko) Chrome/141.0.0.0 Mobile Safari/537.36"
127.0.0.1 - - [08/Oct/2025:14:06:26 +0800] "GET /.well-known/appspecific/com.chrome.devtools.json HTTP/1.1" 404 555 "-" "Mozilla/5.0 (Windows NT 10.0; Win64; x64) AppleWebKit/537.36 (KHTML, like Gecko) Chrome/141.0.0.0 Safari/537.36"
127.0.0.1 - - [08/Oct/2025:14:06:26 +0800] "GET /js/axios.min.map HTTP/1.1" 404 555 "-" "Mozilla/5.0 (Windows NT 10.0; Win64; x64) AppleWebKit/537.36 (KHTML, like Gecko) Chrome/141.0.0.0 Safari/537.36"
192.168.102.26 - - [08/Oct/2025:14:06:33 +0800] "GET /actuator/health HTTP/1.1" 404 153 "-" "Consul Health Check"
192.168.102.26 - - [08/Oct/2025:14:06:44 +0800] "GET /actuator/health HTTP/1.1" 404 153 "-" "Consul Health Check"
192.168.102.26 - - [08/Oct/2025:14:06:54 +0800] "GET /actuator/health HTTP/1.1" 404 153 "-" "Consul Health Check"
127.0.0.1 - - [08/Oct/2025:14:06:56 +0800] "GET /js/axios.min.map HTTP/1.1" 404 555 "-" "Mozilla/5.0 (Windows NT 10.0; Win64; x64) AppleWebKit/537.36 (KHTML, like Gecko) Chrome/141.0.0.0 Safari/537.36"
