127.0.0.1 - - [08/Oct/2025:14:39:41 +0800] "GET /js/footer.js HTTP/1.1" 200 1333 "http://localhost:8080/" "Mozilla/5.0 (Windows NT 10.0; Win64; x64) AppleWebKit/537.36 (KHTML, like Gecko) Chrome/141.0.0.0 Safari/537.36"
127.0.0.1 - - [08/Oct/2025:14:39:41 +0800] "GET /css/fonts/element-icons.woff HTTP/1.1" 200 28200 "http://localhost:8080/css/element.css" "Mozilla/5.0 (Windows NT 10.0; Win64; x64) AppleWebKit/537.36 (KHTML, like Gecko) Chrome/141.0.0.0 Safari/537.36"
127.0.0.1 - - [08/Oct/2025:14:39:41 +0800] "GET /imgs/add.png HTTP/1.1" 200 27092 "http://localhost:8080/" "Mozilla/5.0 (Windows NT 10.0; Win64; x64) AppleWebKit/537.36 (KHTML, like Gecko) Chrome/141.0.0.0 Safari/537.36"
127.0.0.1 - - [08/Oct/2025:14:39:41 +0800] "GET /favicon.ico HTTP/1.1" 200 6343 "http://localhost:8080/" "Mozilla/5.0 (Windows NT 10.0; Win64; x64) AppleWebKit/537.36 (KHTML, like Gecko) Chrome/141.0.0.0 Safari/537.36"
127.0.0.1 - - [08/Oct/2025:14:39:41 +0800] "GET /api/shop-type/list HTTP/1.1" 200 664 "http://localhost:8080/" "Mozilla/5.0 (Windows NT 10.0; Win64; x64) AppleWebKit/537.36 (KHTML, like Gecko) Chrome/141.0.0.0 Safari/537.36"
127.0.0.1 - - [08/Oct/2025:14:39:41 +0800] "GET /api/blog/hot?current=1 HTTP/1.1" 200 6065 "http://localhost:8080/" "Mozilla/5.0 (Windows NT 10.0; Win64; x64) AppleWebKit/537.36 (KHTML, like Gecko) Chrome/141.0.0.0 Safari/537.36"
127.0.0.1 - - [08/Oct/2025:14:39:41 +0800] "GET /imgs//types/ms.png HTTP/1.1" 200 2780 "http://localhost:8080/" "Mozilla/5.0 (Windows NT 10.0; Win64; x64) AppleWebKit/537.36 (KHTML, like Gecko) Chrome/141.0.0.0 Safari/537.36"
127.0.0.1 - - [08/Oct/2025:14:39:41 +0800] "GET /imgs//types/lrmf.png HTTP/1.1" 200 4543 "http://localhost:8080/" "Mozilla/5.0 (Windows NT 10.0; Win64; x64) AppleWebKit/537.36 (KHTML, like Gecko) Chrome/141.0.0.0 Safari/537.36"
127.0.0.1 - - [08/Oct/2025:14:39:41 +0800] "GET /imgs//types/KTV.png HTTP/1.1" 200 2225 "http://localhost:8080/" "Mozilla/5.0 (Windows NT 10.0; Win64; x64) AppleWebKit/537.36 (KHTML, like Gecko) Chrome/141.0.0.0 Safari/537.36"
127.0.0.1 - - [08/Oct/2025:14:39:41 +0800] "GET /imgs//types/spa.png HTTP/1.1" 200 3139 "http://localhost:8080/" "Mozilla/5.0 (Windows NT 10.0; Win64; x64) AppleWebKit/537.36 (KHTML, like Gecko) Chrome/141.0.0.0 Safari/537.36"
127.0.0.1 - - [08/Oct/2025:14:39:41 +0800] "GET /imgs//types/amzl.png HTTP/1.1" 200 2931 "http://localhost:8080/" "Mozilla/5.0 (Windows NT 10.0; Win64; x64) AppleWebKit/537.36 (KHTML, like Gecko) Chrome/141.0.0.0 Safari/537.36"
127.0.0.1 - - [08/Oct/2025:14:39:41 +0800] "GET /imgs//types/mjmj.png HTTP/1.1" 200 2452 "http://localhost:8080/" "Mozilla/5.0 (Windows NT 10.0; Win64; x64) AppleWebKit/537.36 (KHTML, like Gecko) Chrome/141.0.0.0 Safari/537.36"
127.0.0.1 - - [08/Oct/2025:14:39:41 +0800] "GET /imgs//types/jiuba.png HTTP/1.1" 200 2774 "http://localhost:8080/" "Mozilla/5.0 (Windows NT 10.0; Win64; x64) AppleWebKit/537.36 (KHTML, like Gecko) Chrome/141.0.0.0 Safari/537.36"
127.0.0.1 - - [08/Oct/2025:14:39:41 +0800] "GET /imgs//types/qzyl.png HTTP/1.1" 200 3780 "http://localhost:8080/" "Mozilla/5.0 (Windows NT 10.0; Win64; x64) AppleWebKit/537.36 (KHTML, like Gecko) Chrome/141.0.0.0 Safari/537.36"
127.0.0.1 - - [08/Oct/2025:14:39:41 +0800] "GET /imgs//types/hpg.png HTTP/1.1" 200 3211 "http://localhost:8080/" "Mozilla/5.0 (Windows NT 10.0; Win64; x64) AppleWebKit/537.36 (KHTML, like Gecko) Chrome/141.0.0.0 Safari/537.36"
127.0.0.1 - - [08/Oct/2025:14:39:41 +0800] "GET /imgs//types/jsyd.png HTTP/1.1" 200 2174 "http://localhost:8080/" "Mozilla/5.0 (Windows NT 10.0; Win64; x64) AppleWebKit/537.36 (KHTML, like Gecko) Chrome/141.0.0.0 Safari/537.36"
127.0.0.1 - - [08/Oct/2025:14:39:41 +0800] "GET /imgs/blogs/7/14/4771fefb-1a87-4252-816c-9f7ec41ffa4a.jpg HTTP/1.1" 200 151964 "http://localhost:8080/" "Mozilla/5.0 (Windows NT 10.0; Win64; x64) AppleWebKit/537.36 (KHTML, like Gecko) Chrome/141.0.0.0 Safari/537.36"
127.0.0.1 - - [08/Oct/2025:14:39:41 +0800] "GET /imgs/blogs/4/7/863cc302-d150-420d-a596-b16e9232a1a6.jpg HTTP/1.1" 200 260010 "http://localhost:8080/" "Mozilla/5.0 (Windows NT 10.0; Win64; x64) AppleWebKit/537.36 (KHTML, like Gecko) Chrome/141.0.0.0 Safari/537.36"
127.0.0.1 - - [08/Oct/2025:14:39:41 +0800] "GET /imgs/icons/kkjtbcr.jpg HTTP/1.1" 200 8030 "http://localhost:8080/" "Mozilla/5.0 (Windows NT 10.0; Win64; x64) AppleWebKit/537.36 (KHTML, like Gecko) Chrome/141.0.0.0 Safari/537.36"
127.0.0.1 - - [08/Oct/2025:14:39:41 +0800] "GET /imgs/blogs/blog1.jpg HTTP/1.1" 200 65123 "http://localhost:8080/" "Mozilla/5.0 (Windows NT 10.0; Win64; x64) AppleWebKit/537.36 (KHTML, like Gecko) Chrome/141.0.0.0 Safari/537.36"
127.0.0.1 - - [08/Oct/2025:14:39:43 +0800] "GET /info.html HTTP/1.1" 200 8490 "http://localhost:8080/" "Mozilla/5.0 (Windows NT 10.0; Win64; x64) AppleWebKit/537.36 (KHTML, like Gecko) Chrome/141.0.0.0 Safari/537.36"
127.0.0.1 - - [08/Oct/2025:14:39:43 +0800] "GET /css/info.css HTTP/1.1" 200 4242 "http://localhost:8080/info.html" "Mozilla/5.0 (Windows NT 10.0; Win64; x64) AppleWebKit/537.36 (KHTML, like Gecko) Chrome/141.0.0.0 Safari/537.36"
127.0.0.1 - - [08/Oct/2025:14:39:43 +0800] "GET /imgs/thumbup.png HTTP/1.1" 200 749 "http://localhost:8080/info.html" "Mozilla/5.0 (Windows NT 10.0; Win64; x64) AppleWebKit/537.36 (KHTML, like Gecko) Chrome/141.0.0.0 Safari/537.36"
127.0.0.1 - - [08/Oct/2025:14:39:43 +0800] "GET /imgs/icons/default-icon.png HTTP/1.1" 200 18889 "http://localhost:8080/info.html" "Mozilla/5.0 (Windows NT 10.0; Win64; x64) AppleWebKit/537.36 (KHTML, like Gecko) Chrome/141.0.0.0 Safari/537.36"
127.0.0.1 - - [08/Oct/2025:14:39:43 +0800] "GET /api/user/me HTTP/1.1" 401 0 "http://localhost:8080/info.html" "Mozilla/5.0 (Windows NT 10.0; Win64; x64) AppleWebKit/537.36 (KHTML, like Gecko) Chrome/141.0.0.0 Safari/537.36"
127.0.0.1 - - [08/Oct/2025:14:39:43 +0800] "GET /login.html HTTP/1.1" 200 4161 "http://localhost:8080/info.html" "Mozilla/5.0 (Windows NT 10.0; Win64; x64) AppleWebKit/537.36 (KHTML, like Gecko) Chrome/141.0.0.0 Safari/537.36"
127.0.0.1 - - [08/Oct/2025:14:39:43 +0800] "GET /css/login.css HTTP/1.1" 200 1285 "http://localhost:8080/login.html" "Mozilla/5.0 (Windows NT 10.0; Win64; x64) AppleWebKit/537.36 (KHTML, like Gecko) Chrome/141.0.0.0 Safari/537.36"
192.168.102.26 - - [08/Oct/2025:14:39:45 +0800] "GET /actuator/health HTTP/1.1" 404 153 "-" "Consul Health Check"
127.0.0.1 - - [08/Oct/2025:14:39:48 +0800] "POST /api/user/code?phone=0930914555 HTTP/1.1" 200 27 "http://localhost:8080/login.html" "Mozilla/5.0 (Windows NT 10.0; Win64; x64) AppleWebKit/537.36 (KHTML, like Gecko) Chrome/141.0.0.0 Safari/537.36"
127.0.0.1 - - [08/Oct/2025:14:39:49 +0800] "GET /.well-known/appspecific/com.chrome.devtools.json HTTP/1.1" 404 555 "-" "Mozilla/5.0 (Windows NT 10.0; Win64; x64) AppleWebKit/537.36 (KHTML, like Gecko) Chrome/141.0.0.0 Safari/537.36"
127.0.0.1 - - [08/Oct/2025:14:39:49 +0800] "GET /js/axios.min.map HTTP/1.1" 404 555 "-" "Mozilla/5.0 (Windows NT 10.0; Win64; x64) AppleWebKit/537.36 (KHTML, like Gecko) Chrome/141.0.0.0 Safari/537.36"
192.168.102.26 - - [08/Oct/2025:14:39:55 +0800] "GET /actuator/health HTTP/1.1" 404 153 "-" "Consul Health Check"
192.168.102.26 - - [08/Oct/2025:14:40:06 +0800] "GET /actuator/health HTTP/1.1" 404 153 "-" "Consul Health Check"
127.0.0.1 - - [08/Oct/2025:14:40:09 +0800] "POST /api/user/login HTTP/1.1" 200 27 "http://localhost:8080/login.html" "Mozilla/5.0 (Linux; Android 10; K) AppleWebKit/537.36 (KHTML, like Gecko) Chrome/141.0.0.0 Mobile Safari/537.36"
127.0.0.1 - - [08/Oct/2025:14:40:09 +0800] "GET /index.html HTTP/1.1" 200 5238 "http://localhost:8080/login.html" "Mozilla/5.0 (Linux; Android 10; K) AppleWebKit/537.36 (KHTML, like Gecko) Chrome/141.0.0.0 Mobile Safari/537.36"
127.0.0.1 - - [08/Oct/2025:14:40:09 +0800] "GET /.well-known/appspecific/com.chrome.devtools.json HTTP/1.1" 404 555 "-" "Mozilla/5.0 (Windows NT 10.0; Win64; x64) AppleWebKit/537.36 (KHTML, like Gecko) Chrome/141.0.0.0 Safari/537.36"
127.0.0.1 - - [08/Oct/2025:14:40:10 +0800] "GET /js/axios.min.map HTTP/1.1" 404 555 "-" "Mozilla/5.0 (Windows NT 10.0; Win64; x64) AppleWebKit/537.36 (KHTML, like Gecko) Chrome/141.0.0.0 Safari/537.36"
127.0.0.1 - - [08/Oct/2025:14:40:10 +0800] "GET /api/shop-type/list HTTP/1.1" 200 664 "http://localhost:8080/index.html" "Mozilla/5.0 (Linux; Android 10; K) AppleWebKit/537.36 (KHTML, like Gecko) Chrome/141.0.0.0 Mobile Safari/537.36"
127.0.0.1 - - [08/Oct/2025:14:40:10 +0800] "GET /api/blog/hot?current=1 HTTP/1.1" 200 6065 "http://localhost:8080/index.html" "Mozilla/5.0 (Linux; Android 10; K) AppleWebKit/537.36 (KHTML, like Gecko) Chrome/141.0.0.0 Mobile Safari/537.36"
192.168.102.26 - - [08/Oct/2025:14:40:16 +0800] "GET /actuator/health HTTP/1.1" 404 153 "-" "Consul Health Check"
192.168.102.26 - - [08/Oct/2025:14:40:26 +0800] "GET /actuator/health HTTP/1.1" 404 153 "-" "Consul Health Check"
192.168.102.26 - - [08/Oct/2025:14:40:37 +0800] "GET /actuator/health HTTP/1.1" 404 153 "-" "Consul Health Check"
192.168.102.26 - - [08/Oct/2025:14:40:47 +0800] "GET /actuator/health HTTP/1.1" 404 153 "-" "Consul Health Check"
127.0.0.1 - - [08/Oct/2025:14:40:51 +0800] "GET /api/user/me HTTP/1.1" 200 57 "-" "Mozilla/5.0 (Linux; Android 10; K) AppleWebKit/537.36 (KHTML, like Gecko) Chrome/141.0.0.0 Mobile Safari/537.36"
127.0.0.1 - - [08/Oct/2025:14:40:51 +0800] "GET /.well-known/appspecific/com.chrome.devtools.json HTTP/1.1" 404 555 "-" "Mozilla/5.0 (Windows NT 10.0; Win64; x64) AppleWebKit/537.36 (KHTML, like Gecko) Chrome/141.0.0.0 Safari/537.36"
192.168.102.26 - - [08/Oct/2025:14:40:57 +0800] "GET /actuator/health HTTP/1.1" 404 153 "-" "Consul Health Check"
127.0.0.1 - - [08/Oct/2025:14:40:59 +0800] "GET /api/user/me HTTP/1.1" 200 57 "-" "Mozilla/5.0 (Windows NT 10.0; Win64; x64) AppleWebKit/537.36 (KHTML, like Gecko) Chrome/141.0.0.0 Safari/537.36"
127.0.0.1 - - [08/Oct/2025:14:40:59 +0800] "GET /.well-known/appspecific/com.chrome.devtools.json HTTP/1.1" 404 555 "-" "Mozilla/5.0 (Windows NT 10.0; Win64; x64) AppleWebKit/537.36 (KHTML, like Gecko) Chrome/141.0.0.0 Safari/537.36"
127.0.0.1 - - [08/Oct/2025:14:41:00 +0800] "GET /api/user/me HTTP/1.1" 200 57 "-" "Mozilla/5.0 (Windows NT 10.0; Win64; x64) AppleWebKit/537.36 (KHTML, like Gecko) Chrome/141.0.0.0 Safari/537.36"
127.0.0.1 - - [08/Oct/2025:14:41:00 +0800] "GET /.well-known/appspecific/com.chrome.devtools.json HTTP/1.1" 404 555 "-" "Mozilla/5.0 (Windows NT 10.0; Win64; x64) AppleWebKit/537.36 (KHTML, like Gecko) Chrome/141.0.0.0 Safari/537.36"
127.0.0.1 - - [08/Oct/2025:14:41:04 +0800] "GET /api/user/me HTTP/1.1" 200 57 "-" "Mozilla/5.0 (Windows NT 10.0; Win64; x64) AppleWebKit/537.36 (KHTML, like Gecko) Chrome/141.0.0.0 Safari/537.36"
127.0.0.1 - - [08/Oct/2025:14:41:04 +0800] "GET /.well-known/appspecific/com.chrome.devtools.json HTTP/1.1" 404 555 "-" "Mozilla/5.0 (Windows NT 10.0; Win64; x64) AppleWebKit/537.36 (KHTML, like Gecko) Chrome/141.0.0.0 Safari/537.36"
127.0.0.1 - - [08/Oct/2025:14:41:05 +0800] "GET /api/user/me HTTP/1.1" 200 57 "-" "Mozilla/5.0 (Windows NT 10.0; Win64; x64) AppleWebKit/537.36 (KHTML, like Gecko) Chrome/141.0.0.0 Safari/537.36"
127.0.0.1 - - [08/Oct/2025:14:41:05 +0800] "GET /.well-known/appspecific/com.chrome.devtools.json HTTP/1.1" 404 555 "-" "Mozilla/5.0 (Windows NT 10.0; Win64; x64) AppleWebKit/537.36 (KHTML, like Gecko) Chrome/141.0.0.0 Safari/537.36"
192.168.102.26 - - [08/Oct/2025:14:41:08 +0800] "GET /actuator/health HTTP/1.1" 404 153 "-" "Consul Health Check"
127.0.0.1 - - [08/Oct/2025:14:41:14 +0800] "GET /api/user/me HTTP/1.1" 200 57 "-" "Mozilla/5.0 (Windows NT 10.0; Win64; x64) AppleWebKit/537.36 (KHTML, like Gecko) Chrome/141.0.0.0 Safari/537.36"
127.0.0.1 - - [08/Oct/2025:14:41:14 +0800] "GET /.well-known/appspecific/com.chrome.devtools.json HTTP/1.1" 404 555 "-" "Mozilla/5.0 (Windows NT 10.0; Win64; x64) AppleWebKit/537.36 (KHTML, like Gecko) Chrome/141.0.0.0 Safari/537.36"
192.168.102.26 - - [08/Oct/2025:14:41:18 +0800] "GET /actuator/health HTTP/1.1" 404 153 "-" "Consul Health Check"
192.168.102.26 - - [08/Oct/2025:14:41:28 +0800] "GET /actuator/health HTTP/1.1" 404 153 "-" "Consul Health Check"
192.168.102.26 - - [08/Oct/2025:14:41:39 +0800] "GET /actuator/health HTTP/1.1" 404 153 "-" "Consul Health Check"
192.168.102.26 - - [08/Oct/2025:14:41:49 +0800] "GET /actuator/health HTTP/1.1" 404 153 "-" "Consul Health Check"
192.168.102.26 - - [08/Oct/2025:14:41:59 +0800] "GET /actuator/health HTTP/1.1" 404 153 "-" "Consul Health Check"
192.168.102.26 - - [08/Oct/2025:14:42:10 +0800] "GET /actuator/health HTTP/1.1" 404 153 "-" "Consul Health Check"
192.168.102.26 - - [08/Oct/2025:14:42:20 +0800] "GET /actuator/health HTTP/1.1" 404 153 "-" "Consul Health Check"
192.168.102.26 - - [08/Oct/2025:14:42:31 +0800] "GET /actuator/health HTTP/1.1" 404 153 "-" "Consul Health Check"
192.168.102.26 - - [08/Oct/2025:14:42:41 +0800] "GET /actuator/health HTTP/1.1" 404 153 "-" "Consul Health Check"
192.168.102.26 - - [08/Oct/2025:14:42:51 +0800] "GET /actuator/health HTTP/1.1" 404 153 "-" "Consul Health Check"
192.168.102.26 - - [08/Oct/2025:14:43:01 +0800] "GET /actuator/health HTTP/1.1" 404 153 "-" "Consul Health Check"
192.168.102.26 - - [08/Oct/2025:14:43:12 +0800] "GET /actuator/health HTTP/1.1" 404 153 "-" "Consul Health Check"
192.168.102.26 - - [08/Oct/2025:14:43:22 +0800] "GET /actuator/health HTTP/1.1" 404 153 "-" "Consul Health Check"
192.168.102.26 - - [08/Oct/2025:14:43:33 +0800] "GET /actuator/health HTTP/1.1" 404 153 "-" "Consul Health Check"
192.168.102.26 - - [08/Oct/2025:14:43:43 +0800] "GET /actuator/health HTTP/1.1" 404 153 "-" "Consul Health Check"
192.168.102.26 - - [08/Oct/2025:14:43:53 +0800] "GET /actuator/health HTTP/1.1" 404 153 "-" "Consul Health Check"
192.168.102.26 - - [08/Oct/2025:14:44:04 +0800] "GET /actuator/health HTTP/1.1" 404 153 "-" "Consul Health Check"
192.168.102.26 - - [08/Oct/2025:14:44:14 +0800] "GET /actuator/health HTTP/1.1" 404 153 "-" "Consul Health Check"
192.168.102.26 - - [08/Oct/2025:14:44:24 +0800] "GET /actuator/health HTTP/1.1" 404 153 "-" "Consul Health Check"
192.168.102.26 - - [08/Oct/2025:14:44:35 +0800] "GET /actuator/health HTTP/1.1" 404 153 "-" "Consul Health Check"
192.168.102.26 - - [08/Oct/2025:14:44:45 +0800] "GET /actuator/health HTTP/1.1" 404 153 "-" "Consul Health Check"
192.168.102.26 - - [08/Oct/2025:14:44:55 +0800] "GET /actuator/health HTTP/1.1" 404 153 "-" "Consul Health Check"
192.168.102.26 - - [08/Oct/2025:14:45:06 +0800] "GET /actuator/health HTTP/1.1" 404 153 "-" "Consul Health Check"
192.168.102.26 - - [08/Oct/2025:14:45:16 +0800] "GET /actuator/health HTTP/1.1" 404 153 "-" "Consul Health Check"
192.168.102.26 - - [08/Oct/2025:14:45:26 +0800] "GET /actuator/health HTTP/1.1" 404 153 "-" "Consul Health Check"
192.168.102.26 - - [08/Oct/2025:14:45:37 +0800] "GET /actuator/health HTTP/1.1" 404 153 "-" "Consul Health Check"
192.168.102.26 - - [08/Oct/2025:14:45:47 +0800] "GET /actuator/health HTTP/1.1" 404 153 "-" "Consul Health Check"
192.168.102.26 - - [08/Oct/2025:14:45:57 +0800] "GET /actuator/health HTTP/1.1" 404 153 "-" "Consul Health Check"
192.168.102.26 - - [08/Oct/2025:14:46:08 +0800] "GET /actuator/health HTTP/1.1" 404 153 "-" "Consul Health Check"
127.0.0.1 - - [08/Oct/2025:14:46:17 +0800] "GET /api/user/me HTTP/1.1" 401 0 "-" "Mozilla/5.0 (Windows NT 10.0; Win64; x64) AppleWebKit/537.36 (KHTML, like Gecko) Chrome/141.0.0.0 Safari/537.36"
192.168.102.26 - - [08/Oct/2025:14:46:18 +0800] "GET /actuator/health HTTP/1.1" 404 153 "-" "Consul Health Check"
127.0.0.1 - - [08/Oct/2025:14:46:24 +0800] "GET /api/shop-type/list HTTP/1.1" 200 664 "http://localhost:8080/" "Mozilla/5.0 (Windows NT 10.0; Win64; x64) AppleWebKit/537.36 (KHTML, like Gecko) Chrome/141.0.0.0 Safari/537.36"
127.0.0.1 - - [08/Oct/2025:14:46:24 +0800] "GET /api/blog/hot?current=1 HTTP/1.1" 200 6065 "http://localhost:8080/" "Mozilla/5.0 (Windows NT 10.0; Win64; x64) AppleWebKit/537.36 (KHTML, like Gecko) Chrome/141.0.0.0 Safari/537.36"
127.0.0.1 - - [08/Oct/2025:14:46:25 +0800] "GET /api/user/me HTTP/1.1" 401 0 "http://localhost:8080/info.html" "Mozilla/5.0 (Windows NT 10.0; Win64; x64) AppleWebKit/537.36 (KHTML, like Gecko) Chrome/141.0.0.0 Safari/537.36"
192.168.102.26 - - [08/Oct/2025:14:46:28 +0800] "GET /actuator/health HTTP/1.1" 404 153 "-" "Consul Health Check"
127.0.0.1 - - [08/Oct/2025:14:46:29 +0800] "POST /api/user/code?phone=0930914555 HTTP/1.1" 200 27 "http://localhost:8080/login.html" "Mozilla/5.0 (Windows NT 10.0; Win64; x64) AppleWebKit/537.36 (KHTML, like Gecko) Chrome/141.0.0.0 Safari/537.36"
127.0.0.1 - - [08/Oct/2025:14:46:30 +0800] "GET /.well-known/appspecific/com.chrome.devtools.json HTTP/1.1" 404 555 "-" "Mozilla/5.0 (Windows NT 10.0; Win64; x64) AppleWebKit/537.36 (KHTML, like Gecko) Chrome/141.0.0.0 Safari/537.36"
127.0.0.1 - - [08/Oct/2025:14:46:30 +0800] "GET /js/axios.min.map HTTP/1.1" 404 555 "-" "Mozilla/5.0 (Windows NT 10.0; Win64; x64) AppleWebKit/537.36 (KHTML, like Gecko) Chrome/141.0.0.0 Safari/537.36"
127.0.0.1 - - [08/Oct/2025:14:46:37 +0800] "POST /api/user/login HTTP/1.1" 200 27 "http://localhost:8080/login.html" "Mozilla/5.0 (Linux; Android 10; K) AppleWebKit/537.36 (KHTML, like Gecko) Chrome/141.0.0.0 Mobile Safari/537.36"
127.0.0.1 - - [08/Oct/2025:14:46:37 +0800] "GET /.well-known/appspecific/com.chrome.devtools.json HTTP/1.1" 404 555 "-" "Mozilla/5.0 (Windows NT 10.0; Win64; x64) AppleWebKit/537.36 (KHTML, like Gecko) Chrome/141.0.0.0 Safari/537.36"
127.0.0.1 - - [08/Oct/2025:14:46:38 +0800] "GET /js/axios.min.map HTTP/1.1" 404 555 "-" "Mozilla/5.0 (Windows NT 10.0; Win64; x64) AppleWebKit/537.36 (KHTML, like Gecko) Chrome/141.0.0.0 Safari/537.36"
127.0.0.1 - - [08/Oct/2025:14:46:38 +0800] "GET /api/shop-type/list HTTP/1.1" 200 664 "http://localhost:8080/index.html" "Mozilla/5.0 (Linux; Android 10; K) AppleWebKit/537.36 (KHTML, like Gecko) Chrome/141.0.0.0 Mobile Safari/537.36"
127.0.0.1 - - [08/Oct/2025:14:46:38 +0800] "GET /api/blog/hot?current=1 HTTP/1.1" 200 6065 "http://localhost:8080/index.html" "Mozilla/5.0 (Linux; Android 10; K) AppleWebKit/537.36 (KHTML, like Gecko) Chrome/141.0.0.0 Mobile Safari/537.36"
192.168.102.26 - - [08/Oct/2025:14:46:38 +0800] "GET /actuator/health HTTP/1.1" 404 153 "-" "Consul Health Check"
127.0.0.1 - - [08/Oct/2025:14:46:42 +0800] "GET /.well-known/appspecific/com.chrome.devtools.json HTTP/1.1" 404 555 "-" "Mozilla/5.0 (Windows NT 10.0; Win64; x64) AppleWebKit/537.36 (KHTML, like Gecko) Chrome/141.0.0.0 Safari/537.36"
127.0.0.1 - - [08/Oct/2025:14:46:42 +0800] "GET /js/axios.min.map HTTP/1.1" 404 555 "-" "Mozilla/5.0 (Windows NT 10.0; Win64; x64) AppleWebKit/537.36 (KHTML, like Gecko) Chrome/141.0.0.0 Safari/537.36"
127.0.0.1 - - [08/Oct/2025:14:46:42 +0800] "GET /api/user/me HTTP/1.1" 200 190 "http://localhost:8080/info.html" "Mozilla/5.0 (Windows NT 10.0; Win64; x64) AppleWebKit/537.36 (KHTML, like Gecko) Chrome/141.0.0.0 Safari/537.36"
127.0.0.1 - - [08/Oct/2025:14:46:42 +0800] "GET /api/blog/of/me HTTP/1.1" 200 37 "http://localhost:8080/info.html" "Mozilla/5.0 (Windows NT 10.0; Win64; x64) AppleWebKit/537.36 (KHTML, like Gecko) Chrome/141.0.0.0 Safari/537.36"
127.0.0.1 - - [08/Oct/2025:14:46:42 +0800] "GET /api/user/info/1011 HTTP/1.1" 200 27 "http://localhost:8080/info.html" "Mozilla/5.0 (Windows NT 10.0; Win64; x64) AppleWebKit/537.36 (KHTML, like Gecko) Chrome/141.0.0.0 Safari/537.36"
127.0.0.1 - - [08/Oct/2025:14:46:46 +0800] "GET /js/axios.min.map HTTP/1.1" 404 555 "-" "Mozilla/5.0 (Windows NT 10.0; Win64; x64) AppleWebKit/537.36 (KHTML, like Gecko) Chrome/141.0.0.0 Safari/537.36"
127.0.0.1 - - [08/Oct/2025:14:46:46 +0800] "GET /.well-known/appspecific/com.chrome.devtools.json HTTP/1.1" 404 555 "-" "Mozilla/5.0 (Windows NT 10.0; Win64; x64) AppleWebKit/537.36 (KHTML, like Gecko) Chrome/141.0.0.0 Safari/537.36"
127.0.0.1 - - [08/Oct/2025:14:46:46 +0800] "GET /.well-known/appspecific/com.chrome.devtools.json HTTP/1.1" 404 555 "-" "Mozilla/5.0 (Windows NT 10.0; Win64; x64) AppleWebKit/537.36 (KHTML, like Gecko) Chrome/141.0.0.0 Safari/537.36"
127.0.0.1 - - [08/Oct/2025:14:46:47 +0800] "GET /.well-known/appspecific/com.chrome.devtools.json HTTP/1.1" 404 555 "-" "Mozilla/5.0 (Windows NT 10.0; Win64; x64) AppleWebKit/537.36 (KHTML, like Gecko) Chrome/141.0.0.0 Safari/537.36"
127.0.0.1 - - [08/Oct/2025:14:46:47 +0800] "GET /js/axios.min.map HTTP/1.1" 404 555 "-" "Mozilla/5.0 (Windows NT 10.0; Win64; x64) AppleWebKit/537.36 (KHTML, like Gecko) Chrome/141.0.0.0 Safari/537.36"
127.0.0.1 - - [08/Oct/2025:14:46:47 +0800] "GET /api/user/me HTTP/1.1" 200 190 "http://localhost:8080/info.html" "Mozilla/5.0 (Windows NT 10.0; Win64; x64) AppleWebKit/537.36 (KHTML, like Gecko) Chrome/141.0.0.0 Safari/537.36"
127.0.0.1 - - [08/Oct/2025:14:46:47 +0800] "GET /api/user/info/1011 HTTP/1.1" 200 27 "http://localhost:8080/info.html" "Mozilla/5.0 (Windows NT 10.0; Win64; x64) AppleWebKit/537.36 (KHTML, like Gecko) Chrome/141.0.0.0 Safari/537.36"
127.0.0.1 - - [08/Oct/2025:14:46:47 +0800] "GET /api/blog/of/me HTTP/1.1" 200 37 "http://localhost:8080/info.html" "Mozilla/5.0 (Windows NT 10.0; Win64; x64) AppleWebKit/537.36 (KHTML, like Gecko) Chrome/141.0.0.0 Safari/537.36"
192.168.102.26 - - [08/Oct/2025:14:46:49 +0800] "GET /actuator/health HTTP/1.1" 404 153 "-" "Consul Health Check"
127.0.0.1 - - [08/Oct/2025:14:46:53 +0800] "GET /js/axios.min.map HTTP/1.1" 404 555 "-" "Mozilla/5.0 (Windows NT 10.0; Win64; x64) AppleWebKit/537.36 (KHTML, like Gecko) Chrome/141.0.0.0 Safari/537.36"
127.0.0.1 - - [08/Oct/2025:14:46:53 +0800] "GET /.well-known/appspecific/com.chrome.devtools.json HTTP/1.1" 404 555 "-" "Mozilla/5.0 (Windows NT 10.0; Win64; x64) AppleWebKit/537.36 (KHTML, like Gecko) Chrome/141.0.0.0 Safari/537.36"
127.0.0.1 - - [08/Oct/2025:14:46:53 +0800] "GET /.well-known/appspecific/com.chrome.devtools.json HTTP/1.1" 404 555 "-" "Mozilla/5.0 (Windows NT 10.0; Win64; x64) AppleWebKit/537.36 (KHTML, like Gecko) Chrome/141.0.0.0 Safari/537.36"
127.0.0.1 - - [08/Oct/2025:14:46:54 +0800] "GET /.well-known/appspecific/com.chrome.devtools.json HTTP/1.1" 404 555 "-" "Mozilla/5.0 (Windows NT 10.0; Win64; x64) AppleWebKit/537.36 (KHTML, like Gecko) Chrome/141.0.0.0 Safari/537.36"
127.0.0.1 - - [08/Oct/2025:14:46:54 +0800] "GET /js/axios.min.map HTTP/1.1" 404 555 "-" "Mozilla/5.0 (Windows NT 10.0; Win64; x64) AppleWebKit/537.36 (KHTML, like Gecko) Chrome/141.0.0.0 Safari/537.36"
127.0.0.1 - - [08/Oct/2025:14:46:54 +0800] "GET /api/user/me HTTP/1.1" 200 190 "http://localhost:8080/info.html" "Mozilla/5.0 (Windows NT 10.0; Win64; x64) AppleWebKit/537.36 (KHTML, like Gecko) Chrome/141.0.0.0 Safari/537.36"
127.0.0.1 - - [08/Oct/2025:14:46:54 +0800] "GET /api/user/info/1011 HTTP/1.1" 200 27 "http://localhost:8080/info.html" "Mozilla/5.0 (Windows NT 10.0; Win64; x64) AppleWebKit/537.36 (KHTML, like Gecko) Chrome/141.0.0.0 Safari/537.36"
127.0.0.1 - - [08/Oct/2025:14:46:54 +0800] "GET /api/blog/of/me HTTP/1.1" 200 37 "http://localhost:8080/info.html" "Mozilla/5.0 (Windows NT 10.0; Win64; x64) AppleWebKit/537.36 (KHTML, like Gecko) Chrome/141.0.0.0 Safari/537.36"
192.168.102.26 - - [08/Oct/2025:14:46:59 +0800] "GET /actuator/health HTTP/1.1" 404 153 "-" "Consul Health Check"
127.0.0.1 - - [08/Oct/2025:14:47:01 +0800] "GET /api/user/me HTTP/1.1" 200 190 "-" "Mozilla/5.0 (Windows NT 10.0; Win64; x64) AppleWebKit/537.36 (KHTML, like Gecko) Chrome/141.0.0.0 Safari/537.36"
127.0.0.1 - - [08/Oct/2025:14:47:01 +0800] "GET /.well-known/appspecific/com.chrome.devtools.json HTTP/1.1" 404 555 "-" "Mozilla/5.0 (Windows NT 10.0; Win64; x64) AppleWebKit/537.36 (KHTML, like Gecko) Chrome/141.0.0.0 Safari/537.36"
127.0.0.1 - - [08/Oct/2025:14:47:02 +0800] "GET /api/user/me HTTP/1.1" 200 190 "-" "Mozilla/5.0 (Windows NT 10.0; Win64; x64) AppleWebKit/537.36 (KHTML, like Gecko) Chrome/141.0.0.0 Safari/537.36"
127.0.0.1 - - [08/Oct/2025:14:47:02 +0800] "GET /.well-known/appspecific/com.chrome.devtools.json HTTP/1.1" 404 555 "-" "Mozilla/5.0 (Windows NT 10.0; Win64; x64) AppleWebKit/537.36 (KHTML, like Gecko) Chrome/141.0.0.0 Safari/537.36"
127.0.0.1 - - [08/Oct/2025:14:47:06 +0800] "GET /info.html HTTP/1.1" 304 0 "http://localhost:8080/index.html" "Mozilla/5.0 (Windows NT 10.0; Win64; x64) AppleWebKit/537.36 (KHTML, like Gecko) Chrome/141.0.0.0 Safari/537.36"
127.0.0.1 - - [08/Oct/2025:14:47:06 +0800] "GET /.well-known/appspecific/com.chrome.devtools.json HTTP/1.1" 404 555 "-" "Mozilla/5.0 (Windows NT 10.0; Win64; x64) AppleWebKit/537.36 (KHTML, like Gecko) Chrome/141.0.0.0 Safari/537.36"
127.0.0.1 - - [08/Oct/2025:14:47:06 +0800] "GET /js/axios.min.map HTTP/1.1" 404 555 "-" "Mozilla/5.0 (Windows NT 10.0; Win64; x64) AppleWebKit/537.36 (KHTML, like Gecko) Chrome/141.0.0.0 Safari/537.36"
127.0.0.1 - - [08/Oct/2025:14:47:06 +0800] "GET /api/user/me HTTP/1.1" 200 190 "http://localhost:8080/info.html" "Mozilla/5.0 (Windows NT 10.0; Win64; x64) AppleWebKit/537.36 (KHTML, like Gecko) Chrome/141.0.0.0 Safari/537.36"
127.0.0.1 - - [08/Oct/2025:14:47:06 +0800] "GET /api/user/info/1011 HTTP/1.1" 200 27 "http://localhost:8080/info.html" "Mozilla/5.0 (Windows NT 10.0; Win64; x64) AppleWebKit/537.36 (KHTML, like Gecko) Chrome/141.0.0.0 Safari/537.36"
127.0.0.1 - - [08/Oct/2025:14:47:06 +0800] "GET /api/blog/of/me HTTP/1.1" 200 37 "http://localhost:8080/info.html" "Mozilla/5.0 (Windows NT 10.0; Win64; x64) AppleWebKit/537.36 (KHTML, like Gecko) Chrome/141.0.0.0 Safari/537.36"
127.0.0.1 - - [08/Oct/2025:14:47:09 +0800] "POST /api/user/logout HTTP/1.1" 200 57 "http://localhost:8080/info.html" "Mozilla/5.0 (Windows NT 10.0; Win64; x64) AppleWebKit/537.36 (KHTML, like Gecko) Chrome/141.0.0.0 Safari/537.36"
192.168.102.26 - - [08/Oct/2025:14:47:09 +0800] "GET /actuator/health HTTP/1.1" 404 153 "-" "Consul Health Check"
127.0.0.1 - - [08/Oct/2025:14:47:12 +0800] "GET /info.html HTTP/1.1" 304 0 "http://localhost:8080/index.html" "Mozilla/5.0 (Windows NT 10.0; Win64; x64) AppleWebKit/537.36 (KHTML, like Gecko) Chrome/141.0.0.0 Safari/537.36"
127.0.0.1 - - [08/Oct/2025:14:47:12 +0800] "GET /.well-known/appspecific/com.chrome.devtools.json HTTP/1.1" 404 555 "-" "Mozilla/5.0 (Windows NT 10.0; Win64; x64) AppleWebKit/537.36 (KHTML, like Gecko) Chrome/141.0.0.0 Safari/537.36"
127.0.0.1 - - [08/Oct/2025:14:47:12 +0800] "GET /js/axios.min.map HTTP/1.1" 404 555 "-" "Mozilla/5.0 (Windows NT 10.0; Win64; x64) AppleWebKit/537.36 (KHTML, like Gecko) Chrome/141.0.0.0 Safari/537.36"
127.0.0.1 - - [08/Oct/2025:14:47:12 +0800] "GET /api/user/me HTTP/1.1" 200 190 "http://localhost:8080/info.html" "Mozilla/5.0 (Windows NT 10.0; Win64; x64) AppleWebKit/537.36 (KHTML, like Gecko) Chrome/141.0.0.0 Safari/537.36"
127.0.0.1 - - [08/Oct/2025:14:47:12 +0800] "GET /api/user/info/1011 HTTP/1.1" 200 27 "http://localhost:8080/info.html" "Mozilla/5.0 (Windows NT 10.0; Win64; x64) AppleWebKit/537.36 (KHTML, like Gecko) Chrome/141.0.0.0 Safari/537.36"
127.0.0.1 - - [08/Oct/2025:14:47:12 +0800] "GET /api/blog/of/me HTTP/1.1" 200 37 "http://localhost:8080/info.html" "Mozilla/5.0 (Windows NT 10.0; Win64; x64) AppleWebKit/537.36 (KHTML, like Gecko) Chrome/141.0.0.0 Safari/537.36"
127.0.0.1 - - [08/Oct/2025:14:47:14 +0800] "GET /.well-known/appspecific/com.chrome.devtools.json HTTP/1.1" 404 555 "-" "Mozilla/5.0 (Windows NT 10.0; Win64; x64) AppleWebKit/537.36 (KHTML, like Gecko) Chrome/141.0.0.0 Safari/537.36"
127.0.0.1 - - [08/Oct/2025:14:47:14 +0800] "GET /js/axios.min.map HTTP/1.1" 404 555 "-" "Mozilla/5.0 (Windows NT 10.0; Win64; x64) AppleWebKit/537.36 (KHTML, like Gecko) Chrome/141.0.0.0 Safari/537.36"
127.0.0.1 - - [08/Oct/2025:14:47:14 +0800] "GET /api/user/me HTTP/1.1" 200 190 "http://localhost:8080/info.html" "Mozilla/5.0 (Windows NT 10.0; Win64; x64) AppleWebKit/537.36 (KHTML, like Gecko) Chrome/141.0.0.0 Safari/537.36"
127.0.0.1 - - [08/Oct/2025:14:47:14 +0800] "GET /api/user/info/1011 HTTP/1.1" 200 27 "http://localhost:8080/info.html" "Mozilla/5.0 (Windows NT 10.0; Win64; x64) AppleWebKit/537.36 (KHTML, like Gecko) Chrome/141.0.0.0 Safari/537.36"
127.0.0.1 - - [08/Oct/2025:14:47:14 +0800] "GET /api/blog/of/me HTTP/1.1" 200 37 "http://localhost:8080/info.html" "Mozilla/5.0 (Windows NT 10.0; Win64; x64) AppleWebKit/537.36 (KHTML, like Gecko) Chrome/141.0.0.0 Safari/537.36"
192.168.102.26 - - [08/Oct/2025:14:47:20 +0800] "GET /actuator/health HTTP/1.1" 404 153 "-" "Consul Health Check"
127.0.0.1 - - [08/Oct/2025:14:47:25 +0800] "GET /.well-known/appspecific/com.chrome.devtools.json HTTP/1.1" 404 555 "-" "Mozilla/5.0 (Windows NT 10.0; Win64; x64) AppleWebKit/537.36 (KHTML, like Gecko) Chrome/141.0.0.0 Safari/537.36"
127.0.0.1 - - [08/Oct/2025:14:47:25 +0800] "GET /js/axios.min.map HTTP/1.1" 404 555 "-" "Mozilla/5.0 (Windows NT 10.0; Win64; x64) AppleWebKit/537.36 (KHTML, like Gecko) Chrome/141.0.0.0 Safari/537.36"
127.0.0.1 - - [08/Oct/2025:14:47:25 +0800] "GET /api/shop-type/list HTTP/1.1" 200 664 "http://localhost:8080/" "Mozilla/5.0 (Windows NT 10.0; Win64; x64) AppleWebKit/537.36 (KHTML, like Gecko) Chrome/141.0.0.0 Safari/537.36"
127.0.0.1 - - [08/Oct/2025:14:47:25 +0800] "GET /api/blog/hot?current=1 HTTP/1.1" 200 6065 "http://localhost:8080/" "Mozilla/5.0 (Windows NT 10.0; Win64; x64) AppleWebKit/537.36 (KHTML, like Gecko) Chrome/141.0.0.0 Safari/537.36"
127.0.0.1 - - [08/Oct/2025:14:47:25 +0800] "GET /.well-known/appspecific/com.chrome.devtools.json HTTP/1.1" 404 555 "-" "Mozilla/5.0 (Windows NT 10.0; Win64; x64) AppleWebKit/537.36 (KHTML, like Gecko) Chrome/141.0.0.0 Safari/537.36"
127.0.0.1 - - [08/Oct/2025:14:47:25 +0800] "GET /js/axios.min.map HTTP/1.1" 404 555 "-" "Mozilla/5.0 (Windows NT 10.0; Win64; x64) AppleWebKit/537.36 (KHTML, like Gecko) Chrome/141.0.0.0 Safari/537.36"
127.0.0.1 - - [08/Oct/2025:14:47:25 +0800] "GET /api/shop-type/list HTTP/1.1" 200 664 "http://localhost:8080/" "Mozilla/5.0 (Windows NT 10.0; Win64; x64) AppleWebKit/537.36 (KHTML, like Gecko) Chrome/141.0.0.0 Safari/537.36"
127.0.0.1 - - [08/Oct/2025:14:47:25 +0800] "GET /api/blog/hot?current=1 HTTP/1.1" 200 6065 "http://localhost:8080/" "Mozilla/5.0 (Windows NT 10.0; Win64; x64) AppleWebKit/537.36 (KHTML, like Gecko) Chrome/141.0.0.0 Safari/537.36"
127.0.0.1 - - [08/Oct/2025:14:47:26 +0800] "GET /.well-known/appspecific/com.chrome.devtools.json HTTP/1.1" 404 555 "-" "Mozilla/5.0 (Windows NT 10.0; Win64; x64) AppleWebKit/537.36 (KHTML, like Gecko) Chrome/141.0.0.0 Safari/537.36"
127.0.0.1 - - [08/Oct/2025:14:47:26 +0800] "GET /js/axios.min.map HTTP/1.1" 404 555 "-" "Mozilla/5.0 (Windows NT 10.0; Win64; x64) AppleWebKit/537.36 (KHTML, like Gecko) Chrome/141.0.0.0 Safari/537.36"
127.0.0.1 - - [08/Oct/2025:14:47:26 +0800] "GET /api/user/me HTTP/1.1" 401 0 "http://localhost:8080/info.html" "Mozilla/5.0 (Windows NT 10.0; Win64; x64) AppleWebKit/537.36 (KHTML, like Gecko) Chrome/141.0.0.0 Safari/537.36"
127.0.0.1 - - [08/Oct/2025:14:47:26 +0800] "GET /.well-known/appspecific/com.chrome.devtools.json HTTP/1.1" 404 555 "-" "Mozilla/5.0 (Windows NT 10.0; Win64; x64) AppleWebKit/537.36 (KHTML, like Gecko) Chrome/141.0.0.0 Safari/537.36"
127.0.0.1 - - [08/Oct/2025:14:47:26 +0800] "GET /js/axios.min.map HTTP/1.1" 404 555 "-" "Mozilla/5.0 (Windows NT 10.0; Win64; x64) AppleWebKit/537.36 (KHTML, like Gecko) Chrome/141.0.0.0 Safari/537.36"
192.168.102.26 - - [08/Oct/2025:14:47:30 +0800] "GET /actuator/health HTTP/1.1" 404 153 "-" "Consul Health Check"
127.0.0.1 - - [08/Oct/2025:14:47:31 +0800] "POST /api/user/code?phone=0930914555 HTTP/1.1" 200 27 "http://localhost:8080/login.html" "Mozilla/5.0 (Windows NT 10.0; Win64; x64) AppleWebKit/537.36 (KHTML, like Gecko) Chrome/141.0.0.0 Safari/537.36"
192.168.102.26 - - [08/Oct/2025:14:47:41 +0800] "GET /actuator/health HTTP/1.1" 404 153 "-" "Consul Health Check"
127.0.0.1 - - [08/Oct/2025:14:47:46 +0800] "POST /api/user/login HTTP/1.1" 200 27 "http://localhost:8080/login.html" "Mozilla/5.0 (iPhone; CPU iPhone OS 18_5 like Mac OS X) AppleWebKit/605.1.15 (KHTML, like Gecko) Version/18.5 Mobile/15E148 Safari/604.1"
127.0.0.1 - - [08/Oct/2025:14:47:46 +0800] "GET /.well-known/appspecific/com.chrome.devtools.json HTTP/1.1" 404 555 "-" "Mozilla/5.0 (Windows NT 10.0; Win64; x64) AppleWebKit/537.36 (KHTML, like Gecko) Chrome/141.0.0.0 Safari/537.36"
127.0.0.1 - - [08/Oct/2025:14:47:46 +0800] "GET /js/axios.min.map HTTP/1.1" 404 555 "-" "Mozilla/5.0 (Windows NT 10.0; Win64; x64) AppleWebKit/537.36 (KHTML, like Gecko) Chrome/141.0.0.0 Safari/537.36"
127.0.0.1 - - [08/Oct/2025:14:47:46 +0800] "GET /api/shop-type/list HTTP/1.1" 200 664 "http://localhost:8080/index.html" "Mozilla/5.0 (iPhone; CPU iPhone OS 18_5 like Mac OS X) AppleWebKit/605.1.15 (KHTML, like Gecko) Version/18.5 Mobile/15E148 Safari/604.1"
127.0.0.1 - - [08/Oct/2025:14:47:46 +0800] "GET /api/blog/hot?current=1 HTTP/1.1" 200 6065 "http://localhost:8080/index.html" "Mozilla/5.0 (iPhone; CPU iPhone OS 18_5 like Mac OS X) AppleWebKit/605.1.15 (KHTML, like Gecko) Version/18.5 Mobile/15E148 Safari/604.1"
127.0.0.1 - - [08/Oct/2025:14:47:48 +0800] "GET /.well-known/appspecific/com.chrome.devtools.json HTTP/1.1" 404 555 "-" "Mozilla/5.0 (Windows NT 10.0; Win64; x64) AppleWebKit/537.36 (KHTML, like Gecko) Chrome/141.0.0.0 Safari/537.36"
127.0.0.1 - - [08/Oct/2025:14:47:48 +0800] "GET /js/axios.min.map HTTP/1.1" 404 555 "-" "Mozilla/5.0 (Windows NT 10.0; Win64; x64) AppleWebKit/537.36 (KHTML, like Gecko) Chrome/141.0.0.0 Safari/537.36"
127.0.0.1 - - [08/Oct/2025:14:47:48 +0800] "GET /api/user/me HTTP/1.1" 200 190 "http://localhost:8080/info.html" "Mozilla/5.0 (iPhone; CPU iPhone OS 18_5 like Mac OS X) AppleWebKit/605.1.15 (KHTML, like Gecko) Version/18.5 Mobile/15E148 Safari/604.1"
127.0.0.1 - - [08/Oct/2025:14:47:48 +0800] "GET /api/user/info/1011 HTTP/1.1" 200 27 "http://localhost:8080/info.html" "Mozilla/5.0 (iPhone; CPU iPhone OS 18_5 like Mac OS X) AppleWebKit/605.1.15 (KHTML, like Gecko) Version/18.5 Mobile/15E148 Safari/604.1"
127.0.0.1 - - [08/Oct/2025:14:47:48 +0800] "GET /api/blog/of/me HTTP/1.1" 200 37 "http://localhost:8080/info.html" "Mozilla/5.0 (iPhone; CPU iPhone OS 18_5 like Mac OS X) AppleWebKit/605.1.15 (KHTML, like Gecko) Version/18.5 Mobile/15E148 Safari/604.1"
192.168.102.26 - - [08/Oct/2025:14:47:51 +0800] "GET /actuator/health HTTP/1.1" 404 153 "-" "Consul Health Check"
192.168.102.26 - - [08/Oct/2025:14:48:01 +0800] "GET /actuator/health HTTP/1.1" 404 153 "-" "Consul Health Check"
127.0.0.1 - - [08/Oct/2025:14:48:11 +0800] "GET /info-edit.html HTTP/1.1" 200 4115 "http://localhost:8080/info.html" "Mozilla/5.0 (iPhone; CPU iPhone OS 18_5 like Mac OS X) AppleWebKit/605.1.15 (KHTML, like Gecko) Version/18.5 Mobile/15E148 Safari/604.1"
127.0.0.1 - - [08/Oct/2025:14:48:11 +0800] "GET /.well-known/appspecific/com.chrome.devtools.json HTTP/1.1" 404 555 "-" "Mozilla/5.0 (Windows NT 10.0; Win64; x64) AppleWebKit/537.36 (KHTML, like Gecko) Chrome/141.0.0.0 Safari/537.36"
127.0.0.1 - - [08/Oct/2025:14:48:11 +0800] "GET /js/axios.min.map HTTP/1.1" 404 555 "-" "Mozilla/5.0 (Windows NT 10.0; Win64; x64) AppleWebKit/537.36 (KHTML, like Gecko) Chrome/141.0.0.0 Safari/537.36"
127.0.0.1 - - [08/Oct/2025:14:48:11 +0800] "GET /api/user/me HTTP/1.1" 200 190 "http://localhost:8080/info-edit.html" "Mozilla/5.0 (iPhone; CPU iPhone OS 18_5 like Mac OS X) AppleWebKit/605.1.15 (KHTML, like Gecko) Version/18.5 Mobile/15E148 Safari/604.1"
192.168.102.26 - - [08/Oct/2025:14:48:12 +0800] "GET /actuator/health HTTP/1.1" 404 153 "-" "Consul Health Check"
127.0.0.1 - - [08/Oct/2025:14:48:13 +0800] "GET /js/axios.min.map HTTP/1.1" 404 555 "-" "Mozilla/5.0 (Windows NT 10.0; Win64; x64) AppleWebKit/537.36 (KHTML, like Gecko) Chrome/141.0.0.0 Safari/537.36"
127.0.0.1 - - [08/Oct/2025:14:48:13 +0800] "GET /.well-known/appspecific/com.chrome.devtools.json HTTP/1.1" 404 555 "-" "Mozilla/5.0 (Windows NT 10.0; Win64; x64) AppleWebKit/537.36 (KHTML, like Gecko) Chrome/141.0.0.0 Safari/537.36"
127.0.0.1 - - [08/Oct/2025:14:48:13 +0800] "GET /.well-known/appspecific/com.chrome.devtools.json HTTP/1.1" 404 555 "-" "Mozilla/5.0 (Windows NT 10.0; Win64; x64) AppleWebKit/537.36 (KHTML, like Gecko) Chrome/141.0.0.0 Safari/537.36"
192.168.102.26 - - [08/Oct/2025:14:48:22 +0800] "GET /actuator/health HTTP/1.1" 404 153 "-" "Consul Health Check"
192.168.102.26 - - [08/Oct/2025:14:48:32 +0800] "GET /actuator/health HTTP/1.1" 404 153 "-" "Consul Health Check"
192.168.102.26 - - [08/Oct/2025:14:48:43 +0800] "GET /actuator/health HTTP/1.1" 404 153 "-" "Consul Health Check"
192.168.102.26 - - [08/Oct/2025:14:48:53 +0800] "GET /actuator/health HTTP/1.1" 404 153 "-" "Consul Health Check"
192.168.102.26 - - [08/Oct/2025:14:49:03 +0800] "GET /actuator/health HTTP/1.1" 404 153 "-" "Consul Health Check"
192.168.102.26 - - [08/Oct/2025:14:49:14 +0800] "GET /actuator/health HTTP/1.1" 404 153 "-" "Consul Health Check"
192.168.102.26 - - [08/Oct/2025:14:49:24 +0800] "GET /actuator/health HTTP/1.1" 404 153 "-" "Consul Health Check"
192.168.102.26 - - [08/Oct/2025:14:49:34 +0800] "GET /actuator/health HTTP/1.1" 404 153 "-" "Consul Health Check"
192.168.102.26 - - [08/Oct/2025:14:49:45 +0800] "GET /actuator/health HTTP/1.1" 404 153 "-" "Consul Health Check"
192.168.102.26 - - [08/Oct/2025:14:49:55 +0800] "GET /actuator/health HTTP/1.1" 404 153 "-" "Consul Health Check"
192.168.102.26 - - [08/Oct/2025:14:50:05 +0800] "GET /actuator/health HTTP/1.1" 404 153 "-" "Consul Health Check"
192.168.102.26 - - [08/Oct/2025:14:50:16 +0800] "GET /actuator/health HTTP/1.1" 404 153 "-" "Consul Health Check"
192.168.102.26 - - [08/Oct/2025:14:50:26 +0800] "GET /actuator/health HTTP/1.1" 404 153 "-" "Consul Health Check"
192.168.102.26 - - [08/Oct/2025:14:50:36 +0800] "GET /actuator/health HTTP/1.1" 404 153 "-" "Consul Health Check"
192.168.102.26 - - [08/Oct/2025:14:50:47 +0800] "GET /actuator/health HTTP/1.1" 404 153 "-" "Consul Health Check"
192.168.102.26 - - [08/Oct/2025:14:50:57 +0800] "GET /actuator/health HTTP/1.1" 404 153 "-" "Consul Health Check"
192.168.102.26 - - [08/Oct/2025:14:51:07 +0800] "GET /actuator/health HTTP/1.1" 404 153 "-" "Consul Health Check"
192.168.102.26 - - [08/Oct/2025:14:51:18 +0800] "GET /actuator/health HTTP/1.1" 404 153 "-" "Consul Health Check"
192.168.102.26 - - [08/Oct/2025:14:51:28 +0800] "GET /actuator/health HTTP/1.1" 404 153 "-" "Consul Health Check"
192.168.102.26 - - [08/Oct/2025:14:51:38 +0800] "GET /actuator/health HTTP/1.1" 404 153 "-" "Consul Health Check"
192.168.102.26 - - [08/Oct/2025:14:51:49 +0800] "GET /actuator/health HTTP/1.1" 404 153 "-" "Consul Health Check"
192.168.102.26 - - [08/Oct/2025:14:51:59 +0800] "GET /actuator/health HTTP/1.1" 404 153 "-" "Consul Health Check"
192.168.102.26 - - [08/Oct/2025:14:52:09 +0800] "GET /actuator/health HTTP/1.1" 404 153 "-" "Consul Health Check"
192.168.102.26 - - [08/Oct/2025:14:52:20 +0800] "GET /actuator/health HTTP/1.1" 404 153 "-" "Consul Health Check"
192.168.102.26 - - [08/Oct/2025:14:52:30 +0800] "GET /actuator/health HTTP/1.1" 404 153 "-" "Consul Health Check"
192.168.102.26 - - [08/Oct/2025:14:52:40 +0800] "GET /actuator/health HTTP/1.1" 404 153 "-" "Consul Health Check"
192.168.102.26 - - [08/Oct/2025:14:52:51 +0800] "GET /actuator/health HTTP/1.1" 404 153 "-" "Consul Health Check"
127.0.0.1 - - [08/Oct/2025:14:52:51 +0800] "GET /info.html HTTP/1.1" 304 0 "http://localhost:8080/index.html" "Mozilla/5.0 (Windows NT 10.0; Win64; x64) AppleWebKit/537.36 (KHTML, like Gecko) Chrome/141.0.0.0 Safari/537.36"
127.0.0.1 - - [08/Oct/2025:14:52:52 +0800] "GET /api/user/me HTTP/1.1" 200 190 "http://localhost:8080/info.html" "Mozilla/5.0 (Windows NT 10.0; Win64; x64) AppleWebKit/537.36 (KHTML, like Gecko) Chrome/141.0.0.0 Safari/537.36"
127.0.0.1 - - [08/Oct/2025:14:52:52 +0800] "GET /api/user/info/1011 HTTP/1.1" 200 27 "http://localhost:8080/info.html" "Mozilla/5.0 (Windows NT 10.0; Win64; x64) AppleWebKit/537.36 (KHTML, like Gecko) Chrome/141.0.0.0 Safari/537.36"
127.0.0.1 - - [08/Oct/2025:14:52:52 +0800] "GET /api/blog/of/me HTTP/1.1" 200 37 "http://localhost:8080/info.html" "Mozilla/5.0 (Windows NT 10.0; Win64; x64) AppleWebKit/537.36 (KHTML, like Gecko) Chrome/141.0.0.0 Safari/537.36"
127.0.0.1 - - [08/Oct/2025:14:52:54 +0800] "GET /api/shop-type/list HTTP/1.1" 200 664 "http://localhost:8080/" "Mozilla/5.0 (Windows NT 10.0; Win64; x64) AppleWebKit/537.36 (KHTML, like Gecko) Chrome/141.0.0.0 Safari/537.36"
127.0.0.1 - - [08/Oct/2025:14:52:54 +0800] "GET /api/blog/hot?current=1 HTTP/1.1" 200 6065 "http://localhost:8080/" "Mozilla/5.0 (Windows NT 10.0; Win64; x64) AppleWebKit/537.36 (KHTML, like Gecko) Chrome/141.0.0.0 Safari/537.36"
127.0.0.1 - - [08/Oct/2025:14:52:55 +0800] "GET /api/user/me HTTP/1.1" 200 190 "http://localhost:8080/info.html" "Mozilla/5.0 (Windows NT 10.0; Win64; x64) AppleWebKit/537.36 (KHTML, like Gecko) Chrome/141.0.0.0 Safari/537.36"
127.0.0.1 - - [08/Oct/2025:14:52:55 +0800] "GET /api/user/info/1011 HTTP/1.1" 200 27 "http://localhost:8080/info.html" "Mozilla/5.0 (Windows NT 10.0; Win64; x64) AppleWebKit/537.36 (KHTML, like Gecko) Chrome/141.0.0.0 Safari/537.36"
127.0.0.1 - - [08/Oct/2025:14:52:55 +0800] "GET /api/blog/of/me HTTP/1.1" 200 37 "http://localhost:8080/info.html" "Mozilla/5.0 (Windows NT 10.0; Win64; x64) AppleWebKit/537.36 (KHTML, like Gecko) Chrome/141.0.0.0 Safari/537.36"
127.0.0.1 - - [08/Oct/2025:14:52:56 +0800] "POST /api/user/logout HTTP/1.1" 200 57 "http://localhost:8080/info.html" "Mozilla/5.0 (Windows NT 10.0; Win64; x64) AppleWebKit/537.36 (KHTML, like Gecko) Chrome/141.0.0.0 Safari/537.36"
127.0.0.1 - - [08/Oct/2025:14:52:58 +0800] "GET /.well-known/appspecific/com.chrome.devtools.json HTTP/1.1" 404 555 "-" "Mozilla/5.0 (Windows NT 10.0; Win64; x64) AppleWebKit/537.36 (KHTML, like Gecko) Chrome/141.0.0.0 Safari/537.36"
127.0.0.1 - - [08/Oct/2025:14:52:59 +0800] "GET /js/axios.min.map HTTP/1.1" 404 555 "-" "Mozilla/5.0 (Windows NT 10.0; Win64; x64) AppleWebKit/537.36 (KHTML, like Gecko) Chrome/141.0.0.0 Safari/537.36"
192.168.102.26 - - [08/Oct/2025:14:53:01 +0800] "GET /actuator/health HTTP/1.1" 404 153 "-" "Consul Health Check"
127.0.0.1 - - [08/Oct/2025:14:53:05 +0800] "GET /info.html HTTP/1.1" 304 0 "http://localhost:8080/" "Mozilla/5.0 (Windows NT 10.0; Win64; x64) AppleWebKit/537.36 (KHTML, like Gecko) Chrome/141.0.0.0 Safari/537.36"
127.0.0.1 - - [08/Oct/2025:14:53:05 +0800] "GET /api/user/me HTTP/1.1" 401 0 "http://localhost:8080/info.html" "Mozilla/5.0 (Windows NT 10.0; Win64; x64) AppleWebKit/537.36 (KHTML, like Gecko) Chrome/141.0.0.0 Safari/537.36"
127.0.0.1 - - [08/Oct/2025:14:53:10 +0800] "POST /api/user/code?phone=0930914555 HTTP/1.1" 200 27 "http://localhost:8080/login.html" "Mozilla/5.0 (Windows NT 10.0; Win64; x64) AppleWebKit/537.36 (KHTML, like Gecko) Chrome/141.0.0.0 Safari/537.36"
192.168.102.26 - - [08/Oct/2025:14:53:11 +0800] "GET /actuator/health HTTP/1.1" 404 153 "-" "Consul Health Check"
127.0.0.1 - - [08/Oct/2025:14:53:20 +0800] "GET /.well-known/appspecific/com.chrome.devtools.json HTTP/1.1" 404 555 "-" "Mozilla/5.0 (Windows NT 10.0; Win64; x64) AppleWebKit/537.36 (KHTML, like Gecko) Chrome/141.0.0.0 Safari/537.36"
127.0.0.1 - - [08/Oct/2025:14:53:20 +0800] "GET /js/axios.min.map HTTP/1.1" 404 555 "-" "Mozilla/5.0 (Windows NT 10.0; Win64; x64) AppleWebKit/537.36 (KHTML, like Gecko) Chrome/141.0.0.0 Safari/537.36"
192.168.102.26 - - [08/Oct/2025:14:53:22 +0800] "GET /actuator/health HTTP/1.1" 404 153 "-" "Consul Health Check"
127.0.0.1 - - [08/Oct/2025:14:53:25 +0800] "POST /api/user/login HTTP/1.1" 200 27 "http://localhost:8080/login.html" "Mozilla/5.0 (iPhone; CPU iPhone OS 18_5 like Mac OS X) AppleWebKit/605.1.15 (KHTML, like Gecko) Version/18.5 Mobile/15E148 Safari/604.1"
127.0.0.1 - - [08/Oct/2025:14:53:25 +0800] "GET /.well-known/appspecific/com.chrome.devtools.json HTTP/1.1" 404 555 "-" "Mozilla/5.0 (Windows NT 10.0; Win64; x64) AppleWebKit/537.36 (KHTML, like Gecko) Chrome/141.0.0.0 Safari/537.36"
127.0.0.1 - - [08/Oct/2025:14:53:25 +0800] "GET /js/axios.min.map HTTP/1.1" 404 555 "-" "Mozilla/5.0 (Windows NT 10.0; Win64; x64) AppleWebKit/537.36 (KHTML, like Gecko) Chrome/141.0.0.0 Safari/537.36"
127.0.0.1 - - [08/Oct/2025:14:53:25 +0800] "GET /api/shop-type/list HTTP/1.1" 200 664 "http://localhost:8080/index.html" "Mozilla/5.0 (iPhone; CPU iPhone OS 18_5 like Mac OS X) AppleWebKit/605.1.15 (KHTML, like Gecko) Version/18.5 Mobile/15E148 Safari/604.1"
127.0.0.1 - - [08/Oct/2025:14:53:25 +0800] "GET /api/blog/hot?current=1 HTTP/1.1" 200 6065 "http://localhost:8080/index.html" "Mozilla/5.0 (iPhone; CPU iPhone OS 18_5 like Mac OS X) AppleWebKit/605.1.15 (KHTML, like Gecko) Version/18.5 Mobile/15E148 Safari/604.1"
127.0.0.1 - - [08/Oct/2025:14:53:31 +0800] "GET /.well-known/appspecific/com.chrome.devtools.json HTTP/1.1" 404 555 "-" "Mozilla/5.0 (Windows NT 10.0; Win64; x64) AppleWebKit/537.36 (KHTML, like Gecko) Chrome/141.0.0.0 Safari/537.36"
127.0.0.1 - - [08/Oct/2025:14:53:31 +0800] "GET /js/axios.min.map HTTP/1.1" 404 555 "-" "Mozilla/5.0 (Windows NT 10.0; Win64; x64) AppleWebKit/537.36 (KHTML, like Gecko) Chrome/141.0.0.0 Safari/537.36"
127.0.0.1 - - [08/Oct/2025:14:53:31 +0800] "GET /api/user/me HTTP/1.1" 200 190 "http://localhost:8080/info.html" "Mozilla/5.0 (iPhone; CPU iPhone OS 18_5 like Mac OS X) AppleWebKit/605.1.15 (KHTML, like Gecko) Version/18.5 Mobile/15E148 Safari/604.1"
127.0.0.1 - - [08/Oct/2025:14:53:31 +0800] "GET /api/user/info/1011 HTTP/1.1" 200 27 "http://localhost:8080/info.html" "Mozilla/5.0 (iPhone; CPU iPhone OS 18_5 like Mac OS X) AppleWebKit/605.1.15 (KHTML, like Gecko) Version/18.5 Mobile/15E148 Safari/604.1"
127.0.0.1 - - [08/Oct/2025:14:53:31 +0800] "GET /api/blog/of/me HTTP/1.1" 200 37 "http://localhost:8080/info.html" "Mozilla/5.0 (iPhone; CPU iPhone OS 18_5 like Mac OS X) AppleWebKit/605.1.15 (KHTML, like Gecko) Version/18.5 Mobile/15E148 Safari/604.1"
192.168.102.26 - - [08/Oct/2025:14:53:32 +0800] "GET /actuator/health HTTP/1.1" 404 153 "-" "Consul Health Check"
192.168.102.26 - - [08/Oct/2025:14:53:42 +0800] "GET /actuator/health HTTP/1.1" 404 153 "-" "Consul Health Check"
127.0.0.1 - - [08/Oct/2025:14:53:51 +0800] "GET /.well-known/appspecific/com.chrome.devtools.json HTTP/1.1" 404 555 "-" "Mozilla/5.0 (Windows NT 10.0; Win64; x64) AppleWebKit/537.36 (KHTML, like Gecko) Chrome/141.0.0.0 Safari/537.36"
127.0.0.1 - - [08/Oct/2025:14:53:51 +0800] "GET /js/axios.min.map HTTP/1.1" 404 555 "-" "Mozilla/5.0 (Windows NT 10.0; Win64; x64) AppleWebKit/537.36 (KHTML, like Gecko) Chrome/141.0.0.0 Safari/537.36"
192.168.102.26 - - [08/Oct/2025:14:53:53 +0800] "GET /actuator/health HTTP/1.1" 404 153 "-" "Consul Health Check"
127.0.0.1 - - [08/Oct/2025:14:53:54 +0800] "GET /info.html HTTP/1.1" 304 0 "http://localhost:8080/index.html" "Mozilla/5.0 (iPhone; CPU iPhone OS 18_5 like Mac OS X) AppleWebKit/605.1.15 (KHTML, like Gecko) Version/18.5 Mobile/15E148 Safari/604.1"
127.0.0.1 - - [08/Oct/2025:14:53:54 +0800] "GET /.well-known/appspecific/com.chrome.devtools.json HTTP/1.1" 404 555 "-" "Mozilla/5.0 (Windows NT 10.0; Win64; x64) AppleWebKit/537.36 (KHTML, like Gecko) Chrome/141.0.0.0 Safari/537.36"
127.0.0.1 - - [08/Oct/2025:14:53:54 +0800] "GET /js/axios.min.map HTTP/1.1" 404 555 "-" "Mozilla/5.0 (Windows NT 10.0; Win64; x64) AppleWebKit/537.36 (KHTML, like Gecko) Chrome/141.0.0.0 Safari/537.36"
127.0.0.1 - - [08/Oct/2025:14:53:54 +0800] "GET /api/user/me HTTP/1.1" 200 190 "http://localhost:8080/info.html" "Mozilla/5.0 (iPhone; CPU iPhone OS 18_5 like Mac OS X) AppleWebKit/605.1.15 (KHTML, like Gecko) Version/18.5 Mobile/15E148 Safari/604.1"
127.0.0.1 - - [08/Oct/2025:14:53:54 +0800] "GET /api/user/info/1011 HTTP/1.1" 200 27 "http://localhost:8080/info.html" "Mozilla/5.0 (iPhone; CPU iPhone OS 18_5 like Mac OS X) AppleWebKit/605.1.15 (KHTML, like Gecko) Version/18.5 Mobile/15E148 Safari/604.1"
127.0.0.1 - - [08/Oct/2025:14:53:54 +0800] "GET /api/blog/of/me HTTP/1.1" 200 37 "http://localhost:8080/info.html" "Mozilla/5.0 (iPhone; CPU iPhone OS 18_5 like Mac OS X) AppleWebKit/605.1.15 (KHTML, like Gecko) Version/18.5 Mobile/15E148 Safari/604.1"
192.168.102.26 - - [08/Oct/2025:14:54:03 +0800] "GET /actuator/health HTTP/1.1" 404 153 "-" "Consul Health Check"
192.168.102.26 - - [08/Oct/2025:14:54:13 +0800] "GET /actuator/health HTTP/1.1" 404 153 "-" "Consul Health Check"
192.168.102.26 - - [08/Oct/2025:14:54:24 +0800] "GET /actuator/health HTTP/1.1" 404 153 "-" "Consul Health Check"
192.168.102.26 - - [08/Oct/2025:14:54:34 +0800] "GET /actuator/health HTTP/1.1" 404 153 "-" "Consul Health Check"
192.168.102.26 - - [08/Oct/2025:14:54:44 +0800] "GET /actuator/health HTTP/1.1" 404 153 "-" "Consul Health Check"
192.168.102.26 - - [08/Oct/2025:14:54:55 +0800] "GET /actuator/health HTTP/1.1" 404 153 "-" "Consul Health Check"
192.168.102.26 - - [08/Oct/2025:14:55:05 +0800] "GET /actuator/health HTTP/1.1" 404 153 "-" "Consul Health Check"
192.168.102.26 - - [08/Oct/2025:14:55:15 +0800] "GET /actuator/health HTTP/1.1" 404 153 "-" "Consul Health Check"
192.168.102.26 - - [08/Oct/2025:14:55:26 +0800] "GET /actuator/health HTTP/1.1" 404 153 "-" "Consul Health Check"
192.168.102.26 - - [08/Oct/2025:14:55:36 +0800] "GET /actuator/health HTTP/1.1" 404 153 "-" "Consul Health Check"
192.168.102.26 - - [08/Oct/2025:14:55:46 +0800] "GET /actuator/health HTTP/1.1" 404 153 "-" "Consul Health Check"
192.168.102.26 - - [08/Oct/2025:14:55:57 +0800] "GET /actuator/health HTTP/1.1" 404 153 "-" "Consul Health Check"
192.168.102.26 - - [08/Oct/2025:14:56:07 +0800] "GET /actuator/health HTTP/1.1" 404 153 "-" "Consul Health Check"
192.168.102.26 - - [08/Oct/2025:14:56:17 +0800] "GET /actuator/health HTTP/1.1" 404 153 "-" "Consul Health Check"
192.168.102.26 - - [08/Oct/2025:14:56:28 +0800] "GET /actuator/health HTTP/1.1" 404 153 "-" "Consul Health Check"
192.168.102.26 - - [08/Oct/2025:14:56:38 +0800] "GET /actuator/health HTTP/1.1" 404 153 "-" "Consul Health Check"
192.168.102.26 - - [08/Oct/2025:14:56:48 +0800] "GET /actuator/health HTTP/1.1" 404 153 "-" "Consul Health Check"
