127.0.0.1 - - [08/Oct/2025:14:06:56 +0800] "GET /.well-known/appspecific/com.chrome.devtools.json HTTP/1.1" 404 555 "-" "Mozilla/5.0 (Windows NT 10.0; Win64; x64) AppleWebKit/537.36 (KHTML, like Gecko) Chrome/141.0.0.0 Safari/537.36"
127.0.0.1 - - [08/Oct/2025:14:06:56 +0800] "GET /.well-known/appspecific/com.chrome.devtools.json HTTP/1.1" 404 555 "-" "Mozilla/5.0 (Windows NT 10.0; Win64; x64) AppleWebKit/537.36 (KHTML, like Gecko) Chrome/141.0.0.0 Safari/537.36"
127.0.0.1 - - [08/Oct/2025:14:06:58 +0800] "GET /js/axios.min.map HTTP/1.1" 404 555 "-" "Mozilla/5.0 (Windows NT 10.0; Win64; x64) AppleWebKit/537.36 (KHTML, like Gecko) Chrome/141.0.0.0 Safari/537.36"
127.0.0.1 - - [08/Oct/2025:14:06:58 +0800] "GET /.well-known/appspecific/com.chrome.devtools.json HTTP/1.1" 404 555 "-" "Mozilla/5.0 (Windows NT 10.0; Win64; x64) AppleWebKit/537.36 (KHTML, like Gecko) Chrome/141.0.0.0 Safari/537.36"
127.0.0.1 - - [08/Oct/2025:14:06:58 +0800] "GET /.well-known/appspecific/com.chrome.devtools.json HTTP/1.1" 404 555 "-" "Mozilla/5.0 (Windows NT 10.0; Win64; x64) AppleWebKit/537.36 (KHTML, like Gecko) Chrome/141.0.0.0 Safari/537.36"
127.0.0.1 - - [08/Oct/2025:14:07:00 +0800] "GET /.well-known/appspecific/com.chrome.devtools.json HTTP/1.1" 404 555 "-" "Mozilla/5.0 (Windows NT 10.0; Win64; x64) AppleWebKit/537.36 (KHTML, like Gecko) Chrome/141.0.0.0 Safari/537.36"
127.0.0.1 - - [08/Oct/2025:14:07:00 +0800] "GET /js/axios.min.map HTTP/1.1" 404 555 "-" "Mozilla/5.0 (Windows NT 10.0; Win64; x64) AppleWebKit/537.36 (KHTML, like Gecko) Chrome/141.0.0.0 Safari/537.36"
127.0.0.1 - - [08/Oct/2025:14:07:00 +0800] "GET /api/user/me HTTP/1.1" 200 57 "http://localhost:8080/info.html" "Mozilla/5.0 (Linux; Android 6.0; Nexus 5 Build/MRA58N) AppleWebKit/537.36 (KHTML, like Gecko) Chrome/141.0.0.0 Mobile Safari/537.36"
127.0.0.1 - - [08/Oct/2025:14:07:00 +0800] "GET /.well-known/appspecific/com.chrome.devtools.json HTTP/1.1" 404 555 "-" "Mozilla/5.0 (Windows NT 10.0; Win64; x64) AppleWebKit/537.36 (KHTML, like Gecko) Chrome/141.0.0.0 Safari/537.36"
127.0.0.1 - - [08/Oct/2025:14:07:00 +0800] "GET /js/axios.min.map HTTP/1.1" 404 555 "-" "Mozilla/5.0 (Windows NT 10.0; Win64; x64) AppleWebKit/537.36 (KHTML, like Gecko) Chrome/141.0.0.0 Safari/537.36"
127.0.0.1 - - [08/Oct/2025:14:07:01 +0800] "GET /js/axios.min.map HTTP/1.1" 404 555 "-" "Mozilla/5.0 (Windows NT 10.0; Win64; x64) AppleWebKit/537.36 (KHTML, like Gecko) Chrome/141.0.0.0 Safari/537.36"
127.0.0.1 - - [08/Oct/2025:14:07:01 +0800] "GET /.well-known/appspecific/com.chrome.devtools.json HTTP/1.1" 404 555 "-" "Mozilla/5.0 (Windows NT 10.0; Win64; x64) AppleWebKit/537.36 (KHTML, like Gecko) Chrome/141.0.0.0 Safari/537.36"
127.0.0.1 - - [08/Oct/2025:14:07:01 +0800] "GET /.well-known/appspecific/com.chrome.devtools.json HTTP/1.1" 404 555 "-" "Mozilla/5.0 (Windows NT 10.0; Win64; x64) AppleWebKit/537.36 (KHTML, like Gecko) Chrome/141.0.0.0 Safari/537.36"
127.0.0.1 - - [08/Oct/2025:14:07:02 +0800] "GET /js/axios.min.map HTTP/1.1" 404 555 "-" "Mozilla/5.0 (Windows NT 10.0; Win64; x64) AppleWebKit/537.36 (KHTML, like Gecko) Chrome/141.0.0.0 Safari/537.36"
127.0.0.1 - - [08/Oct/2025:14:07:02 +0800] "GET /.well-known/appspecific/com.chrome.devtools.json HTTP/1.1" 404 555 "-" "Mozilla/5.0 (Windows NT 10.0; Win64; x64) AppleWebKit/537.36 (KHTML, like Gecko) Chrome/141.0.0.0 Safari/537.36"
127.0.0.1 - - [08/Oct/2025:14:07:02 +0800] "GET /.well-known/appspecific/com.chrome.devtools.json HTTP/1.1" 404 555 "-" "Mozilla/5.0 (Windows NT 10.0; Win64; x64) AppleWebKit/537.36 (KHTML, like Gecko) Chrome/141.0.0.0 Safari/537.36"
127.0.0.1 - - [08/Oct/2025:14:07:03 +0800] "GET /.well-known/appspecific/com.chrome.devtools.json HTTP/1.1" 404 555 "-" "Mozilla/5.0 (Windows NT 10.0; Win64; x64) AppleWebKit/537.36 (KHTML, like Gecko) Chrome/141.0.0.0 Safari/537.36"
127.0.0.1 - - [08/Oct/2025:14:07:03 +0800] "GET /js/axios.min.map HTTP/1.1" 404 555 "-" "Mozilla/5.0 (Windows NT 10.0; Win64; x64) AppleWebKit/537.36 (KHTML, like Gecko) Chrome/141.0.0.0 Safari/537.36"
127.0.0.1 - - [08/Oct/2025:14:07:03 +0800] "GET /api/user/me HTTP/1.1" 200 57 "http://localhost:8080/info.html" "Mozilla/5.0 (Linux; Android 6.0; Nexus 5 Build/MRA58N) AppleWebKit/537.36 (KHTML, like Gecko) Chrome/141.0.0.0 Mobile Safari/537.36"
127.0.0.1 - - [08/Oct/2025:14:07:03 +0800] "GET /.well-known/appspecific/com.chrome.devtools.json HTTP/1.1" 404 555 "-" "Mozilla/5.0 (Windows NT 10.0; Win64; x64) AppleWebKit/537.36 (KHTML, like Gecko) Chrome/141.0.0.0 Safari/537.36"
127.0.0.1 - - [08/Oct/2025:14:07:03 +0800] "GET /js/axios.min.map HTTP/1.1" 404 555 "-" "Mozilla/5.0 (Windows NT 10.0; Win64; x64) AppleWebKit/537.36 (KHTML, like Gecko) Chrome/141.0.0.0 Safari/537.36"
192.168.102.26 - - [08/Oct/2025:14:07:04 +0800] "GET /actuator/health HTTP/1.1" 404 153 "-" "Consul Health Check"
127.0.0.1 - - [08/Oct/2025:14:07:05 +0800] "GET /js/axios.min.map HTTP/1.1" 404 555 "-" "Mozilla/5.0 (Windows NT 10.0; Win64; x64) AppleWebKit/537.36 (KHTML, like Gecko) Chrome/141.0.0.0 Safari/537.36"
127.0.0.1 - - [08/Oct/2025:14:07:05 +0800] "GET /.well-known/appspecific/com.chrome.devtools.json HTTP/1.1" 404 555 "-" "Mozilla/5.0 (Windows NT 10.0; Win64; x64) AppleWebKit/537.36 (KHTML, like Gecko) Chrome/141.0.0.0 Safari/537.36"
127.0.0.1 - - [08/Oct/2025:14:07:05 +0800] "GET /.well-known/appspecific/com.chrome.devtools.json HTTP/1.1" 404 555 "-" "Mozilla/5.0 (Windows NT 10.0; Win64; x64) AppleWebKit/537.36 (KHTML, like Gecko) Chrome/141.0.0.0 Safari/537.36"
127.0.0.1 - - [08/Oct/2025:14:07:05 +0800] "GET /js/axios.min.map HTTP/1.1" 404 555 "-" "Mozilla/5.0 (Windows NT 10.0; Win64; x64) AppleWebKit/537.36 (KHTML, like Gecko) Chrome/141.0.0.0 Safari/537.36"
127.0.0.1 - - [08/Oct/2025:14:07:05 +0800] "GET /.well-known/appspecific/com.chrome.devtools.json HTTP/1.1" 404 555 "-" "Mozilla/5.0 (Windows NT 10.0; Win64; x64) AppleWebKit/537.36 (KHTML, like Gecko) Chrome/141.0.0.0 Safari/537.36"
127.0.0.1 - - [08/Oct/2025:14:07:05 +0800] "GET /.well-known/appspecific/com.chrome.devtools.json HTTP/1.1" 404 555 "-" "Mozilla/5.0 (Windows NT 10.0; Win64; x64) AppleWebKit/537.36 (KHTML, like Gecko) Chrome/141.0.0.0 Safari/537.36"
127.0.0.1 - - [08/Oct/2025:14:07:12 +0800] "GET /.well-known/appspecific/com.chrome.devtools.json HTTP/1.1" 404 555 "-" "Mozilla/5.0 (Windows NT 10.0; Win64; x64) AppleWebKit/537.36 (KHTML, like Gecko) Chrome/141.0.0.0 Safari/537.36"
127.0.0.1 - - [08/Oct/2025:14:07:12 +0800] "GET /js/axios.min.map HTTP/1.1" 404 555 "-" "Mozilla/5.0 (Windows NT 10.0; Win64; x64) AppleWebKit/537.36 (KHTML, like Gecko) Chrome/141.0.0.0 Safari/537.36"
127.0.0.1 - - [08/Oct/2025:14:07:12 +0800] "GET /api/user/me HTTP/1.1" 200 57 "http://localhost:8080/info.html" "Mozilla/5.0 (Linux; Android 6.0; Nexus 5 Build/MRA58N) AppleWebKit/537.36 (KHTML, like Gecko) Chrome/141.0.0.0 Mobile Safari/537.36"
127.0.0.1 - - [08/Oct/2025:14:07:12 +0800] "GET /.well-known/appspecific/com.chrome.devtools.json HTTP/1.1" 404 555 "-" "Mozilla/5.0 (Windows NT 10.0; Win64; x64) AppleWebKit/537.36 (KHTML, like Gecko) Chrome/141.0.0.0 Safari/537.36"
127.0.0.1 - - [08/Oct/2025:14:07:12 +0800] "GET /js/axios.min.map HTTP/1.1" 404 555 "-" "Mozilla/5.0 (Windows NT 10.0; Win64; x64) AppleWebKit/537.36 (KHTML, like Gecko) Chrome/141.0.0.0 Safari/537.36"
192.168.102.26 - - [08/Oct/2025:14:07:15 +0800] "GET /actuator/health HTTP/1.1" 404 153 "-" "Consul Health Check"
127.0.0.1 - - [08/Oct/2025:14:07:24 +0800] "POST /api/user/code?phone=0930914555 HTTP/1.1" 200 27 "http://localhost:8080/login.html" "Mozilla/5.0 (Linux; Android 6.0; Nexus 5 Build/MRA58N) AppleWebKit/537.36 (KHTML, like Gecko) Chrome/141.0.0.0 Mobile Safari/537.36"
192.168.102.26 - - [08/Oct/2025:14:07:25 +0800] "GET /actuator/health HTTP/1.1" 404 153 "-" "Consul Health Check"
127.0.0.1 - - [08/Oct/2025:14:07:34 +0800] "POST /api/user/login HTTP/1.1" 200 27 "http://localhost:8080/login.html" "Mozilla/5.0 (Linux; Android 6.0; Nexus 5 Build/MRA58N) AppleWebKit/537.36 (KHTML, like Gecko) Chrome/141.0.0.0 Mobile Safari/537.36"
127.0.0.1 - - [08/Oct/2025:14:07:34 +0800] "GET /.well-known/appspecific/com.chrome.devtools.json HTTP/1.1" 404 555 "-" "Mozilla/5.0 (Windows NT 10.0; Win64; x64) AppleWebKit/537.36 (KHTML, like Gecko) Chrome/141.0.0.0 Safari/537.36"
127.0.0.1 - - [08/Oct/2025:14:07:34 +0800] "GET /js/axios.min.map HTTP/1.1" 404 555 "-" "Mozilla/5.0 (Windows NT 10.0; Win64; x64) AppleWebKit/537.36 (KHTML, like Gecko) Chrome/141.0.0.0 Safari/537.36"
127.0.0.1 - - [08/Oct/2025:14:07:34 +0800] "GET /api/shop-type/list HTTP/1.1" 200 664 "http://localhost:8080/index.html" "Mozilla/5.0 (Linux; Android 6.0; Nexus 5 Build/MRA58N) AppleWebKit/537.36 (KHTML, like Gecko) Chrome/141.0.0.0 Mobile Safari/537.36"
127.0.0.1 - - [08/Oct/2025:14:07:34 +0800] "GET /api/blog/hot?current=1 HTTP/1.1" 200 6065 "http://localhost:8080/index.html" "Mozilla/5.0 (Linux; Android 6.0; Nexus 5 Build/MRA58N) AppleWebKit/537.36 (KHTML, like Gecko) Chrome/141.0.0.0 Mobile Safari/537.36"
192.168.102.26 - - [08/Oct/2025:14:07:35 +0800] "GET /actuator/health HTTP/1.1" 404 153 "-" "Consul Health Check"
127.0.0.1 - - [08/Oct/2025:14:07:43 +0800] "GET /.well-known/appspecific/com.chrome.devtools.json HTTP/1.1" 404 555 "-" "Mozilla/5.0 (Windows NT 10.0; Win64; x64) AppleWebKit/537.36 (KHTML, like Gecko) Chrome/141.0.0.0 Safari/537.36"
127.0.0.1 - - [08/Oct/2025:14:07:43 +0800] "GET /js/axios.min.map HTTP/1.1" 404 555 "-" "Mozilla/5.0 (Windows NT 10.0; Win64; x64) AppleWebKit/537.36 (KHTML, like Gecko) Chrome/141.0.0.0 Safari/537.36"
127.0.0.1 - - [08/Oct/2025:14:07:43 +0800] "GET /api/user/me HTTP/1.1" 200 57 "http://localhost:8080/info.html" "Mozilla/5.0 (Linux; Android 6.0; Nexus 5 Build/MRA58N) AppleWebKit/537.36 (KHTML, like Gecko) Chrome/141.0.0.0 Mobile Safari/537.36"
127.0.0.1 - - [08/Oct/2025:14:07:43 +0800] "GET /.well-known/appspecific/com.chrome.devtools.json HTTP/1.1" 404 555 "-" "Mozilla/5.0 (Windows NT 10.0; Win64; x64) AppleWebKit/537.36 (KHTML, like Gecko) Chrome/141.0.0.0 Safari/537.36"
127.0.0.1 - - [08/Oct/2025:14:07:43 +0800] "GET /js/axios.min.map HTTP/1.1" 404 555 "-" "Mozilla/5.0 (Windows NT 10.0; Win64; x64) AppleWebKit/537.36 (KHTML, like Gecko) Chrome/141.0.0.0 Safari/537.36"
192.168.102.26 - - [08/Oct/2025:14:07:46 +0800] "GET /actuator/health HTTP/1.1" 404 153 "-" "Consul Health Check"
127.0.0.1 - - [08/Oct/2025:14:07:46 +0800] "GET /js/axios.min.map HTTP/1.1" 404 555 "-" "Mozilla/5.0 (Windows NT 10.0; Win64; x64) AppleWebKit/537.36 (KHTML, like Gecko) Chrome/141.0.0.0 Safari/537.36"
127.0.0.1 - - [08/Oct/2025:14:07:46 +0800] "GET /.well-known/appspecific/com.chrome.devtools.json HTTP/1.1" 404 555 "-" "Mozilla/5.0 (Windows NT 10.0; Win64; x64) AppleWebKit/537.36 (KHTML, like Gecko) Chrome/141.0.0.0 Safari/537.36"
127.0.0.1 - - [08/Oct/2025:14:07:46 +0800] "GET /.well-known/appspecific/com.chrome.devtools.json HTTP/1.1" 404 555 "-" "Mozilla/5.0 (Windows NT 10.0; Win64; x64) AppleWebKit/537.36 (KHTML, like Gecko) Chrome/141.0.0.0 Safari/537.36"
127.0.0.1 - - [08/Oct/2025:14:07:47 +0800] "GET /js/axios.min.map HTTP/1.1" 404 555 "-" "Mozilla/5.0 (Windows NT 10.0; Win64; x64) AppleWebKit/537.36 (KHTML, like Gecko) Chrome/141.0.0.0 Safari/537.36"
127.0.0.1 - - [08/Oct/2025:14:07:47 +0800] "GET /.well-known/appspecific/com.chrome.devtools.json HTTP/1.1" 404 555 "-" "Mozilla/5.0 (Windows NT 10.0; Win64; x64) AppleWebKit/537.36 (KHTML, like Gecko) Chrome/141.0.0.0 Safari/537.36"
127.0.0.1 - - [08/Oct/2025:14:07:47 +0800] "GET /.well-known/appspecific/com.chrome.devtools.json HTTP/1.1" 404 555 "-" "Mozilla/5.0 (Windows NT 10.0; Win64; x64) AppleWebKit/537.36 (KHTML, like Gecko) Chrome/141.0.0.0 Safari/537.36"
127.0.0.1 - - [08/Oct/2025:14:07:48 +0800] "GET /.well-known/appspecific/com.chrome.devtools.json HTTP/1.1" 404 555 "-" "Mozilla/5.0 (Windows NT 10.0; Win64; x64) AppleWebKit/537.36 (KHTML, like Gecko) Chrome/141.0.0.0 Safari/537.36"
127.0.0.1 - - [08/Oct/2025:14:07:48 +0800] "GET /js/axios.min.map HTTP/1.1" 404 555 "-" "Mozilla/5.0 (Windows NT 10.0; Win64; x64) AppleWebKit/537.36 (KHTML, like Gecko) Chrome/141.0.0.0 Safari/537.36"
127.0.0.1 - - [08/Oct/2025:14:07:48 +0800] "GET /api/user/me HTTP/1.1" 200 57 "http://localhost:8080/info.html" "Mozilla/5.0 (Linux; Android 6.0; Nexus 5 Build/MRA58N) AppleWebKit/537.36 (KHTML, like Gecko) Chrome/141.0.0.0 Mobile Safari/537.36"
127.0.0.1 - - [08/Oct/2025:14:07:48 +0800] "GET /.well-known/appspecific/com.chrome.devtools.json HTTP/1.1" 404 555 "-" "Mozilla/5.0 (Windows NT 10.0; Win64; x64) AppleWebKit/537.36 (KHTML, like Gecko) Chrome/141.0.0.0 Safari/537.36"
127.0.0.1 - - [08/Oct/2025:14:07:48 +0800] "GET /js/axios.min.map HTTP/1.1" 404 555 "-" "Mozilla/5.0 (Windows NT 10.0; Win64; x64) AppleWebKit/537.36 (KHTML, like Gecko) Chrome/141.0.0.0 Safari/537.36"
127.0.0.1 - - [08/Oct/2025:14:07:54 +0800] "GET /js/axios.min.map HTTP/1.1" 404 555 "-" "Mozilla/5.0 (Windows NT 10.0; Win64; x64) AppleWebKit/537.36 (KHTML, like Gecko) Chrome/141.0.0.0 Safari/537.36"
127.0.0.1 - - [08/Oct/2025:14:07:54 +0800] "GET /.well-known/appspecific/com.chrome.devtools.json HTTP/1.1" 404 555 "-" "Mozilla/5.0 (Windows NT 10.0; Win64; x64) AppleWebKit/537.36 (KHTML, like Gecko) Chrome/141.0.0.0 Safari/537.36"
127.0.0.1 - - [08/Oct/2025:14:07:54 +0800] "GET /.well-known/appspecific/com.chrome.devtools.json HTTP/1.1" 404 555 "-" "Mozilla/5.0 (Windows NT 10.0; Win64; x64) AppleWebKit/537.36 (KHTML, like Gecko) Chrome/141.0.0.0 Safari/537.36"
127.0.0.1 - - [08/Oct/2025:14:07:55 +0800] "GET /js/axios.min.map HTTP/1.1" 404 555 "-" "Mozilla/5.0 (Windows NT 10.0; Win64; x64) AppleWebKit/537.36 (KHTML, like Gecko) Chrome/141.0.0.0 Safari/537.36"
127.0.0.1 - - [08/Oct/2025:14:07:55 +0800] "GET /.well-known/appspecific/com.chrome.devtools.json HTTP/1.1" 404 555 "-" "Mozilla/5.0 (Windows NT 10.0; Win64; x64) AppleWebKit/537.36 (KHTML, like Gecko) Chrome/141.0.0.0 Safari/537.36"
127.0.0.1 - - [08/Oct/2025:14:07:55 +0800] "GET /.well-known/appspecific/com.chrome.devtools.json HTTP/1.1" 404 555 "-" "Mozilla/5.0 (Windows NT 10.0; Win64; x64) AppleWebKit/537.36 (KHTML, like Gecko) Chrome/141.0.0.0 Safari/537.36"
192.168.102.26 - - [08/Oct/2025:14:07:56 +0800] "GET /actuator/health HTTP/1.1" 404 153 "-" "Consul Health Check"
192.168.102.26 - - [08/Oct/2025:14:08:06 +0800] "GET /actuator/health HTTP/1.1" 404 153 "-" "Consul Health Check"
192.168.102.26 - - [08/Oct/2025:14:08:17 +0800] "GET /actuator/health HTTP/1.1" 404 153 "-" "Consul Health Check"
192.168.102.26 - - [08/Oct/2025:14:08:27 +0800] "GET /actuator/health HTTP/1.1" 404 153 "-" "Consul Health Check"
192.168.102.26 - - [08/Oct/2025:14:08:37 +0800] "GET /actuator/health HTTP/1.1" 404 153 "-" "Consul Health Check"
192.168.102.26 - - [08/Oct/2025:14:08:48 +0800] "GET /actuator/health HTTP/1.1" 404 153 "-" "Consul Health Check"
192.168.102.26 - - [08/Oct/2025:14:08:58 +0800] "GET /actuator/health HTTP/1.1" 404 153 "-" "Consul Health Check"
192.168.102.26 - - [08/Oct/2025:14:09:08 +0800] "GET /actuator/health HTTP/1.1" 404 153 "-" "Consul Health Check"
192.168.102.26 - - [08/Oct/2025:14:09:19 +0800] "GET /actuator/health HTTP/1.1" 404 153 "-" "Consul Health Check"
192.168.102.26 - - [08/Oct/2025:14:09:29 +0800] "GET /actuator/health HTTP/1.1" 404 153 "-" "Consul Health Check"
192.168.102.26 - - [08/Oct/2025:14:09:39 +0800] "GET /actuator/health HTTP/1.1" 404 153 "-" "Consul Health Check"
192.168.102.26 - - [08/Oct/2025:14:09:50 +0800] "GET /actuator/health HTTP/1.1" 404 153 "-" "Consul Health Check"
127.0.0.1 - - [08/Oct/2025:14:09:50 +0800] "GET /index.html HTTP/1.1" 304 0 "http://localhost:8080/login.html" "Mozilla/5.0 (Linux; Android 6.0; Nexus 5 Build/MRA58N) AppleWebKit/537.36 (KHTML, like Gecko) Chrome/141.0.0.0 Mobile Safari/537.36"
127.0.0.1 - - [08/Oct/2025:14:09:50 +0800] "GET /.well-known/appspecific/com.chrome.devtools.json HTTP/1.1" 404 555 "-" "Mozilla/5.0 (Windows NT 10.0; Win64; x64) AppleWebKit/537.36 (KHTML, like Gecko) Chrome/141.0.0.0 Safari/537.36"
127.0.0.1 - - [08/Oct/2025:14:09:50 +0800] "GET /js/axios.min.map HTTP/1.1" 404 555 "-" "Mozilla/5.0 (Windows NT 10.0; Win64; x64) AppleWebKit/537.36 (KHTML, like Gecko) Chrome/141.0.0.0 Safari/537.36"
127.0.0.1 - - [08/Oct/2025:14:09:50 +0800] "GET /api/shop-type/list HTTP/1.1" 200 664 "http://localhost:8080/index.html" "Mozilla/5.0 (Linux; Android 6.0; Nexus 5 Build/MRA58N) AppleWebKit/537.36 (KHTML, like Gecko) Chrome/141.0.0.0 Mobile Safari/537.36"
127.0.0.1 - - [08/Oct/2025:14:09:50 +0800] "GET /api/blog/hot?current=1 HTTP/1.1" 200 6065 "http://localhost:8080/index.html" "Mozilla/5.0 (Linux; Android 6.0; Nexus 5 Build/MRA58N) AppleWebKit/537.36 (KHTML, like Gecko) Chrome/141.0.0.0 Mobile Safari/537.36"
127.0.0.1 - - [08/Oct/2025:14:09:54 +0800] "GET /.well-known/appspecific/com.chrome.devtools.json HTTP/1.1" 404 555 "-" "Mozilla/5.0 (Windows NT 10.0; Win64; x64) AppleWebKit/537.36 (KHTML, like Gecko) Chrome/141.0.0.0 Safari/537.36"
127.0.0.1 - - [08/Oct/2025:14:09:54 +0800] "GET /js/axios.min.map HTTP/1.1" 404 555 "-" "Mozilla/5.0 (Windows NT 10.0; Win64; x64) AppleWebKit/537.36 (KHTML, like Gecko) Chrome/141.0.0.0 Safari/537.36"
127.0.0.1 - - [08/Oct/2025:14:09:54 +0800] "GET /api/user/me HTTP/1.1" 200 57 "http://localhost:8080/info.html" "Mozilla/5.0 (Linux; Android 6.0; Nexus 5 Build/MRA58N) AppleWebKit/537.36 (KHTML, like Gecko) Chrome/141.0.0.0 Mobile Safari/537.36"
127.0.0.1 - - [08/Oct/2025:14:09:54 +0800] "GET /.well-known/appspecific/com.chrome.devtools.json HTTP/1.1" 404 555 "-" "Mozilla/5.0 (Windows NT 10.0; Win64; x64) AppleWebKit/537.36 (KHTML, like Gecko) Chrome/141.0.0.0 Safari/537.36"
127.0.0.1 - - [08/Oct/2025:14:09:54 +0800] "GET /js/axios.min.map HTTP/1.1" 404 555 "-" "Mozilla/5.0 (Windows NT 10.0; Win64; x64) AppleWebKit/537.36 (KHTML, like Gecko) Chrome/141.0.0.0 Safari/537.36"
192.168.102.26 - - [08/Oct/2025:14:10:00 +0800] "GET /actuator/health HTTP/1.1" 404 153 "-" "Consul Health Check"
192.168.102.26 - - [08/Oct/2025:14:10:10 +0800] "GET /actuator/health HTTP/1.1" 404 153 "-" "Consul Health Check"
127.0.0.1 - - [08/Oct/2025:14:10:15 +0800] "GET /login.html HTTP/1.1" 304 0 "http://localhost:8080/info.html" "Mozilla/5.0 (Linux; Android 6.0; Nexus 5 Build/MRA58N) AppleWebKit/537.36 (KHTML, like Gecko) Chrome/141.0.0.0 Mobile Safari/537.36"
127.0.0.1 - - [08/Oct/2025:14:10:15 +0800] "GET /.well-known/appspecific/com.chrome.devtools.json HTTP/1.1" 404 555 "-" "Mozilla/5.0 (Windows NT 10.0; Win64; x64) AppleWebKit/537.36 (KHTML, like Gecko) Chrome/141.0.0.0 Safari/537.36"
127.0.0.1 - - [08/Oct/2025:14:10:15 +0800] "GET /js/axios.min.map HTTP/1.1" 404 555 "-" "Mozilla/5.0 (Windows NT 10.0; Win64; x64) AppleWebKit/537.36 (KHTML, like Gecko) Chrome/141.0.0.0 Safari/537.36"
192.168.102.26 - - [08/Oct/2025:14:10:21 +0800] "GET /actuator/health HTTP/1.1" 404 153 "-" "Consul Health Check"
127.0.0.1 - - [08/Oct/2025:14:10:28 +0800] "GET /api/shop-type/list HTTP/1.1" 200 664 "http://localhost:8080/" "Mozilla/5.0 (Windows NT 10.0; Win64; x64) AppleWebKit/537.36 (KHTML, like Gecko) Chrome/141.0.0.0 Safari/537.36"
127.0.0.1 - - [08/Oct/2025:14:10:28 +0800] "GET /api/blog/hot?current=1 HTTP/1.1" 200 6065 "http://localhost:8080/" "Mozilla/5.0 (Windows NT 10.0; Win64; x64) AppleWebKit/537.36 (KHTML, like Gecko) Chrome/141.0.0.0 Safari/537.36"
192.168.102.26 - - [08/Oct/2025:14:10:31 +0800] "GET /actuator/health HTTP/1.1" 404 153 "-" "Consul Health Check"
127.0.0.1 - - [08/Oct/2025:14:10:33 +0800] "GET /api/user/me HTTP/1.1" 200 57 "http://localhost:8080/info.html" "Mozilla/5.0 (Windows NT 10.0; Win64; x64) AppleWebKit/537.36 (KHTML, like Gecko) Chrome/141.0.0.0 Safari/537.36"
127.0.0.1 - - [08/Oct/2025:14:10:41 +0800] "GET /api/blog/of/follow?&lastId=1759903841472 HTTP/1.1" 404 127 "http://localhost:8080/info.html" "Mozilla/5.0 (Windows NT 10.0; Win64; x64) AppleWebKit/537.36 (KHTML, like Gecko) Chrome/141.0.0.0 Safari/537.36"
192.168.102.26 - - [08/Oct/2025:14:10:41 +0800] "GET /actuator/health HTTP/1.1" 404 153 "-" "Consul Health Check"
127.0.0.1 - - [08/Oct/2025:14:10:43 +0800] "POST /api/user/logout HTTP/1.1" 200 57 "http://localhost:8080/info.html" "Mozilla/5.0 (Windows NT 10.0; Win64; x64) AppleWebKit/537.36 (KHTML, like Gecko) Chrome/141.0.0.0 Safari/537.36"
127.0.0.1 - - [08/Oct/2025:14:10:44 +0800] "POST /api/user/logout HTTP/1.1" 200 57 "http://localhost:8080/info.html" "Mozilla/5.0 (Windows NT 10.0; Win64; x64) AppleWebKit/537.36 (KHTML, like Gecko) Chrome/141.0.0.0 Safari/537.36"
127.0.0.1 - - [08/Oct/2025:14:10:48 +0800] "GET /api/shop-type/list HTTP/1.1" 200 664 "http://localhost:8080/" "Mozilla/5.0 (Windows NT 10.0; Win64; x64) AppleWebKit/537.36 (KHTML, like Gecko) Chrome/141.0.0.0 Safari/537.36"
127.0.0.1 - - [08/Oct/2025:14:10:48 +0800] "GET /api/blog/hot?current=1 HTTP/1.1" 200 6065 "http://localhost:8080/" "Mozilla/5.0 (Windows NT 10.0; Win64; x64) AppleWebKit/537.36 (KHTML, like Gecko) Chrome/141.0.0.0 Safari/537.36"
127.0.0.1 - - [08/Oct/2025:14:10:51 +0800] "GET /api/user/me HTTP/1.1" 200 57 "http://localhost:8080/info.html" "Mozilla/5.0 (Windows NT 10.0; Win64; x64) AppleWebKit/537.36 (KHTML, like Gecko) Chrome/141.0.0.0 Safari/537.36"
192.168.102.26 - - [08/Oct/2025:14:10:52 +0800] "GET /actuator/health HTTP/1.1" 404 153 "-" "Consul Health Check"
127.0.0.1 - - [08/Oct/2025:14:10:56 +0800] "GET /api/user/me HTTP/1.1" 200 57 "http://localhost:8080/info.html" "Mozilla/5.0 (Windows NT 10.0; Win64; x64) AppleWebKit/537.36 (KHTML, like Gecko) Chrome/141.0.0.0 Safari/537.36"
127.0.0.1 - - [08/Oct/2025:14:11:00 +0800] "GET /.well-known/appspecific/com.chrome.devtools.json HTTP/1.1" 404 555 "-" "Mozilla/5.0 (Windows NT 10.0; Win64; x64) AppleWebKit/537.36 (KHTML, like Gecko) Chrome/141.0.0.0 Safari/537.36"
127.0.0.1 - - [08/Oct/2025:14:11:00 +0800] "GET /js/axios.min.map HTTP/1.1" 404 555 "-" "Mozilla/5.0 (Windows NT 10.0; Win64; x64) AppleWebKit/537.36 (KHTML, like Gecko) Chrome/141.0.0.0 Safari/537.36"
192.168.102.26 - - [08/Oct/2025:14:11:02 +0800] "GET /actuator/health HTTP/1.1" 404 153 "-" "Consul Health Check"
127.0.0.1 - - [08/Oct/2025:14:11:04 +0800] "GET /.well-known/appspecific/com.chrome.devtools.json HTTP/1.1" 404 555 "-" "Mozilla/5.0 (Windows NT 10.0; Win64; x64) AppleWebKit/537.36 (KHTML, like Gecko) Chrome/141.0.0.0 Safari/537.36"
127.0.0.1 - - [08/Oct/2025:14:11:04 +0800] "GET /.well-known/appspecific/com.chrome.devtools.json HTTP/1.1" 404 555 "-" "Mozilla/5.0 (Windows NT 10.0; Win64; x64) AppleWebKit/537.36 (KHTML, like Gecko) Chrome/141.0.0.0 Safari/537.36"
127.0.0.1 - - [08/Oct/2025:14:11:06 +0800] "GET /.well-known/appspecific/com.chrome.devtools.json HTTP/1.1" 404 555 "-" "Mozilla/5.0 (Windows NT 10.0; Win64; x64) AppleWebKit/537.36 (KHTML, like Gecko) Chrome/141.0.0.0 Safari/537.36"
127.0.0.1 - - [08/Oct/2025:14:11:06 +0800] "GET /.well-known/appspecific/com.chrome.devtools.json HTTP/1.1" 404 555 "-" "Mozilla/5.0 (Windows NT 10.0; Win64; x64) AppleWebKit/537.36 (KHTML, like Gecko) Chrome/141.0.0.0 Safari/537.36"
127.0.0.1 - - [08/Oct/2025:14:11:07 +0800] "GET /.well-known/appspecific/com.chrome.devtools.json HTTP/1.1" 404 555 "-" "Mozilla/5.0 (Windows NT 10.0; Win64; x64) AppleWebKit/537.36 (KHTML, like Gecko) Chrome/141.0.0.0 Safari/537.36"
127.0.0.1 - - [08/Oct/2025:14:11:07 +0800] "GET /js/axios.min.map HTTP/1.1" 404 555 "-" "Mozilla/5.0 (Windows NT 10.0; Win64; x64) AppleWebKit/537.36 (KHTML, like Gecko) Chrome/141.0.0.0 Safari/537.36"
127.0.0.1 - - [08/Oct/2025:14:11:07 +0800] "GET /api/user/me HTTP/1.1" 200 57 "http://localhost:8080/info.html" "Mozilla/5.0 (Linux; Android 6.0; Nexus 5 Build/MRA58N) AppleWebKit/537.36 (KHTML, like Gecko) Chrome/141.0.0.0 Mobile Safari/537.36"
127.0.0.1 - - [08/Oct/2025:14:11:07 +0800] "GET /.well-known/appspecific/com.chrome.devtools.json HTTP/1.1" 404 555 "-" "Mozilla/5.0 (Windows NT 10.0; Win64; x64) AppleWebKit/537.36 (KHTML, like Gecko) Chrome/141.0.0.0 Safari/537.36"
127.0.0.1 - - [08/Oct/2025:14:11:07 +0800] "GET /js/axios.min.map HTTP/1.1" 404 555 "-" "Mozilla/5.0 (Windows NT 10.0; Win64; x64) AppleWebKit/537.36 (KHTML, like Gecko) Chrome/141.0.0.0 Safari/537.36"
192.168.102.26 - - [08/Oct/2025:14:11:12 +0800] "GET /actuator/health HTTP/1.1" 404 153 "-" "Consul Health Check"
192.168.102.26 - - [08/Oct/2025:14:11:23 +0800] "GET /actuator/health HTTP/1.1" 404 153 "-" "Consul Health Check"
192.168.102.26 - - [08/Oct/2025:14:11:33 +0800] "GET /actuator/health HTTP/1.1" 404 153 "-" "Consul Health Check"
192.168.102.26 - - [08/Oct/2025:14:11:43 +0800] "GET /actuator/health HTTP/1.1" 404 153 "-" "Consul Health Check"
192.168.102.26 - - [08/Oct/2025:14:11:54 +0800] "GET /actuator/health HTTP/1.1" 404 153 "-" "Consul Health Check"
192.168.102.26 - - [08/Oct/2025:14:12:04 +0800] "GET /actuator/health HTTP/1.1" 404 153 "-" "Consul Health Check"
192.168.102.26 - - [08/Oct/2025:14:12:14 +0800] "GET /actuator/health HTTP/1.1" 404 153 "-" "Consul Health Check"
192.168.102.26 - - [08/Oct/2025:14:12:25 +0800] "GET /actuator/health HTTP/1.1" 404 153 "-" "Consul Health Check"
192.168.102.26 - - [08/Oct/2025:14:12:35 +0800] "GET /actuator/health HTTP/1.1" 404 153 "-" "Consul Health Check"
192.168.102.26 - - [08/Oct/2025:14:12:45 +0800] "GET /actuator/health HTTP/1.1" 404 153 "-" "Consul Health Check"
192.168.102.26 - - [08/Oct/2025:14:12:56 +0800] "GET /actuator/health HTTP/1.1" 404 153 "-" "Consul Health Check"
192.168.102.26 - - [08/Oct/2025:14:13:06 +0800] "GET /actuator/health HTTP/1.1" 404 153 "-" "Consul Health Check"
192.168.102.26 - - [08/Oct/2025:14:13:16 +0800] "GET /actuator/health HTTP/1.1" 404 153 "-" "Consul Health Check"
192.168.102.26 - - [08/Oct/2025:14:13:27 +0800] "GET /actuator/health HTTP/1.1" 404 153 "-" "Consul Health Check"
192.168.102.26 - - [08/Oct/2025:14:13:37 +0800] "GET /actuator/health HTTP/1.1" 404 153 "-" "Consul Health Check"
192.168.102.26 - - [08/Oct/2025:14:13:47 +0800] "GET /actuator/health HTTP/1.1" 404 153 "-" "Consul Health Check"
192.168.102.26 - - [08/Oct/2025:14:13:58 +0800] "GET /actuator/health HTTP/1.1" 404 153 "-" "Consul Health Check"
127.0.0.1 - - [08/Oct/2025:14:14:03 +0800] "POST /api/user/code?phone=0930914558 HTTP/1.1" 200 27 "http://localhost:8080/login.html" "Mozilla/5.0 (Linux; Android 6.0; Nexus 5 Build/MRA58N) AppleWebKit/537.36 (KHTML, like Gecko) Chrome/141.0.0.0 Mobile Safari/537.36"
192.168.102.26 - - [08/Oct/2025:14:14:08 +0800] "GET /actuator/health HTTP/1.1" 404 153 "-" "Consul Health Check"
127.0.0.1 - - [08/Oct/2025:14:14:12 +0800] "POST /api/user/login HTTP/1.1" 200 27 "http://localhost:8080/login.html" "Mozilla/5.0 (Linux; Android 6.0; Nexus 5 Build/MRA58N) AppleWebKit/537.36 (KHTML, like Gecko) Chrome/141.0.0.0 Mobile Safari/537.36"
127.0.0.1 - - [08/Oct/2025:14:14:12 +0800] "GET /.well-known/appspecific/com.chrome.devtools.json HTTP/1.1" 404 555 "-" "Mozilla/5.0 (Windows NT 10.0; Win64; x64) AppleWebKit/537.36 (KHTML, like Gecko) Chrome/141.0.0.0 Safari/537.36"
127.0.0.1 - - [08/Oct/2025:14:14:12 +0800] "GET /js/axios.min.map HTTP/1.1" 404 555 "-" "Mozilla/5.0 (Windows NT 10.0; Win64; x64) AppleWebKit/537.36 (KHTML, like Gecko) Chrome/141.0.0.0 Safari/537.36"
127.0.0.1 - - [08/Oct/2025:14:14:12 +0800] "GET /api/shop-type/list HTTP/1.1" 200 664 "http://localhost:8080/index.html" "Mozilla/5.0 (Linux; Android 6.0; Nexus 5 Build/MRA58N) AppleWebKit/537.36 (KHTML, like Gecko) Chrome/141.0.0.0 Mobile Safari/537.36"
127.0.0.1 - - [08/Oct/2025:14:14:12 +0800] "GET /api/blog/hot?current=1 HTTP/1.1" 200 6065 "http://localhost:8080/index.html" "Mozilla/5.0 (Linux; Android 6.0; Nexus 5 Build/MRA58N) AppleWebKit/537.36 (KHTML, like Gecko) Chrome/141.0.0.0 Mobile Safari/537.36"
192.168.102.26 - - [08/Oct/2025:14:14:18 +0800] "GET /actuator/health HTTP/1.1" 404 153 "-" "Consul Health Check"
192.168.102.26 - - [08/Oct/2025:14:14:29 +0800] "GET /actuator/health HTTP/1.1" 404 153 "-" "Consul Health Check"
127.0.0.1 - - [08/Oct/2025:14:14:32 +0800] "GET /.well-known/appspecific/com.chrome.devtools.json HTTP/1.1" 404 555 "-" "Mozilla/5.0 (Windows NT 10.0; Win64; x64) AppleWebKit/537.36 (KHTML, like Gecko) Chrome/141.0.0.0 Safari/537.36"
127.0.0.1 - - [08/Oct/2025:14:14:32 +0800] "GET /js/axios.min.map HTTP/1.1" 404 555 "-" "Mozilla/5.0 (Windows NT 10.0; Win64; x64) AppleWebKit/537.36 (KHTML, like Gecko) Chrome/141.0.0.0 Safari/537.36"
127.0.0.1 - - [08/Oct/2025:14:14:32 +0800] "GET /api/user/me HTTP/1.1" 200 57 "http://localhost:8080/info.html" "Mozilla/5.0 (Linux; Android 6.0; Nexus 5 Build/MRA58N) AppleWebKit/537.36 (KHTML, like Gecko) Chrome/141.0.0.0 Mobile Safari/537.36"
127.0.0.1 - - [08/Oct/2025:14:14:32 +0800] "GET /.well-known/appspecific/com.chrome.devtools.json HTTP/1.1" 404 555 "-" "Mozilla/5.0 (Windows NT 10.0; Win64; x64) AppleWebKit/537.36 (KHTML, like Gecko) Chrome/141.0.0.0 Safari/537.36"
127.0.0.1 - - [08/Oct/2025:14:14:32 +0800] "GET /js/axios.min.map HTTP/1.1" 404 555 "-" "Mozilla/5.0 (Windows NT 10.0; Win64; x64) AppleWebKit/537.36 (KHTML, like Gecko) Chrome/141.0.0.0 Safari/537.36"
192.168.102.26 - - [08/Oct/2025:14:14:39 +0800] "GET /actuator/health HTTP/1.1" 404 153 "-" "Consul Health Check"
127.0.0.1 - - [08/Oct/2025:14:14:43 +0800] "POST /api/user/code?phone=0955131419 HTTP/1.1" 200 27 "http://localhost:8080/login.html" "Mozilla/5.0 (Linux; Android 6.0; Nexus 5 Build/MRA58N) AppleWebKit/537.36 (KHTML, like Gecko) Chrome/141.0.0.0 Mobile Safari/537.36"
192.168.102.26 - - [08/Oct/2025:14:14:49 +0800] "GET /actuator/health HTTP/1.1" 404 153 "-" "Consul Health Check"
127.0.0.1 - - [08/Oct/2025:14:14:50 +0800] "POST /api/user/login HTTP/1.1" 200 27 "http://localhost:8080/login.html" "Mozilla/5.0 (Linux; Android 6.0; Nexus 5 Build/MRA58N) AppleWebKit/537.36 (KHTML, like Gecko) Chrome/141.0.0.0 Mobile Safari/537.36"
127.0.0.1 - - [08/Oct/2025:14:14:50 +0800] "GET /.well-known/appspecific/com.chrome.devtools.json HTTP/1.1" 404 555 "-" "Mozilla/5.0 (Windows NT 10.0; Win64; x64) AppleWebKit/537.36 (KHTML, like Gecko) Chrome/141.0.0.0 Safari/537.36"
127.0.0.1 - - [08/Oct/2025:14:14:50 +0800] "GET /js/axios.min.map HTTP/1.1" 404 555 "-" "Mozilla/5.0 (Windows NT 10.0; Win64; x64) AppleWebKit/537.36 (KHTML, like Gecko) Chrome/141.0.0.0 Safari/537.36"
127.0.0.1 - - [08/Oct/2025:14:14:50 +0800] "GET /api/shop-type/list HTTP/1.1" 200 664 "http://localhost:8080/index.html" "Mozilla/5.0 (Linux; Android 6.0; Nexus 5 Build/MRA58N) AppleWebKit/537.36 (KHTML, like Gecko) Chrome/141.0.0.0 Mobile Safari/537.36"
127.0.0.1 - - [08/Oct/2025:14:14:50 +0800] "GET /api/blog/hot?current=1 HTTP/1.1" 200 6065 "http://localhost:8080/index.html" "Mozilla/5.0 (Linux; Android 6.0; Nexus 5 Build/MRA58N) AppleWebKit/537.36 (KHTML, like Gecko) Chrome/141.0.0.0 Mobile Safari/537.36"
192.168.102.26 - - [08/Oct/2025:14:15:00 +0800] "GET /actuator/health HTTP/1.1" 404 153 "-" "Consul Health Check"
192.168.102.26 - - [08/Oct/2025:14:15:10 +0800] "GET /actuator/health HTTP/1.1" 404 153 "-" "Consul Health Check"
192.168.102.26 - - [08/Oct/2025:14:15:20 +0800] "GET /actuator/health HTTP/1.1" 404 153 "-" "Consul Health Check"
192.168.102.26 - - [08/Oct/2025:14:15:31 +0800] "GET /actuator/health HTTP/1.1" 404 153 "-" "Consul Health Check"
127.0.0.1 - - [08/Oct/2025:14:15:37 +0800] "GET /.well-known/appspecific/com.chrome.devtools.json HTTP/1.1" 404 555 "-" "Mozilla/5.0 (Windows NT 10.0; Win64; x64) AppleWebKit/537.36 (KHTML, like Gecko) Chrome/141.0.0.0 Safari/537.36"
127.0.0.1 - - [08/Oct/2025:14:15:37 +0800] "GET /js/axios.min.map HTTP/1.1" 404 555 "-" "Mozilla/5.0 (Windows NT 10.0; Win64; x64) AppleWebKit/537.36 (KHTML, like Gecko) Chrome/141.0.0.0 Safari/537.36"
127.0.0.1 - - [08/Oct/2025:14:15:37 +0800] "GET /api/user/me HTTP/1.1" 200 57 "http://localhost:8080/info.html" "Mozilla/5.0 (Linux; Android 6.0; Nexus 5 Build/MRA58N) AppleWebKit/537.36 (KHTML, like Gecko) Chrome/141.0.0.0 Mobile Safari/537.36"
127.0.0.1 - - [08/Oct/2025:14:15:37 +0800] "GET /.well-known/appspecific/com.chrome.devtools.json HTTP/1.1" 404 555 "-" "Mozilla/5.0 (Windows NT 10.0; Win64; x64) AppleWebKit/537.36 (KHTML, like Gecko) Chrome/141.0.0.0 Safari/537.36"
127.0.0.1 - - [08/Oct/2025:14:15:38 +0800] "GET /js/axios.min.map HTTP/1.1" 404 555 "-" "Mozilla/5.0 (Windows NT 10.0; Win64; x64) AppleWebKit/537.36 (KHTML, like Gecko) Chrome/141.0.0.0 Safari/537.36"
192.168.102.26 - - [08/Oct/2025:14:15:41 +0800] "GET /actuator/health HTTP/1.1" 404 153 "-" "Consul Health Check"
127.0.0.1 - - [08/Oct/2025:14:15:42 +0800] "POST /api/user/code?phone=0913141955 HTTP/1.1" 200 27 "http://localhost:8080/login.html" "Mozilla/5.0 (Linux; Android 6.0; Nexus 5 Build/MRA58N) AppleWebKit/537.36 (KHTML, like Gecko) Chrome/141.0.0.0 Mobile Safari/537.36"
127.0.0.1 - - [08/Oct/2025:14:15:49 +0800] "POST /api/user/login HTTP/1.1" 200 27 "http://localhost:8080/login.html" "Mozilla/5.0 (Linux; Android 6.0; Nexus 5 Build/MRA58N) AppleWebKit/537.36 (KHTML, like Gecko) Chrome/141.0.0.0 Mobile Safari/537.36"
127.0.0.1 - - [08/Oct/2025:14:15:49 +0800] "GET /.well-known/appspecific/com.chrome.devtools.json HTTP/1.1" 404 555 "-" "Mozilla/5.0 (Windows NT 10.0; Win64; x64) AppleWebKit/537.36 (KHTML, like Gecko) Chrome/141.0.0.0 Safari/537.36"
127.0.0.1 - - [08/Oct/2025:14:15:49 +0800] "GET /js/axios.min.map HTTP/1.1" 404 555 "-" "Mozilla/5.0 (Windows NT 10.0; Win64; x64) AppleWebKit/537.36 (KHTML, like Gecko) Chrome/141.0.0.0 Safari/537.36"
127.0.0.1 - - [08/Oct/2025:14:15:49 +0800] "GET /api/shop-type/list HTTP/1.1" 200 664 "http://localhost:8080/index.html" "Mozilla/5.0 (Linux; Android 6.0; Nexus 5 Build/MRA58N) AppleWebKit/537.36 (KHTML, like Gecko) Chrome/141.0.0.0 Mobile Safari/537.36"
127.0.0.1 - - [08/Oct/2025:14:15:49 +0800] "GET /api/blog/hot?current=1 HTTP/1.1" 200 6065 "http://localhost:8080/index.html" "Mozilla/5.0 (Linux; Android 6.0; Nexus 5 Build/MRA58N) AppleWebKit/537.36 (KHTML, like Gecko) Chrome/141.0.0.0 Mobile Safari/537.36"
192.168.102.26 - - [08/Oct/2025:14:15:51 +0800] "GET /actuator/health HTTP/1.1" 404 153 "-" "Consul Health Check"
192.168.102.26 - - [08/Oct/2025:14:16:02 +0800] "GET /actuator/health HTTP/1.1" 404 153 "-" "Consul Health Check"
192.168.102.26 - - [08/Oct/2025:14:16:12 +0800] "GET /actuator/health HTTP/1.1" 404 153 "-" "Consul Health Check"
192.168.102.26 - - [08/Oct/2025:14:16:22 +0800] "GET /actuator/health HTTP/1.1" 404 153 "-" "Consul Health Check"
192.168.102.26 - - [08/Oct/2025:14:16:33 +0800] "GET /actuator/health HTTP/1.1" 404 153 "-" "Consul Health Check"
127.0.0.1 - - [08/Oct/2025:14:16:36 +0800] "GET /.well-known/appspecific/com.chrome.devtools.json HTTP/1.1" 404 555 "-" "Mozilla/5.0 (Windows NT 10.0; Win64; x64) AppleWebKit/537.36 (KHTML, like Gecko) Chrome/141.0.0.0 Safari/537.36"
127.0.0.1 - - [08/Oct/2025:14:16:36 +0800] "GET /js/axios.min.map HTTP/1.1" 404 555 "-" "Mozilla/5.0 (Windows NT 10.0; Win64; x64) AppleWebKit/537.36 (KHTML, like Gecko) Chrome/141.0.0.0 Safari/537.36"
127.0.0.1 - - [08/Oct/2025:14:16:36 +0800] "GET /api/user/me HTTP/1.1" 200 57 "http://localhost:8080/info.html" "Mozilla/5.0 (Linux; Android 6.0; Nexus 5 Build/MRA58N) AppleWebKit/537.36 (KHTML, like Gecko) Chrome/141.0.0.0 Mobile Safari/537.36"
127.0.0.1 - - [08/Oct/2025:14:16:37 +0800] "GET /.well-known/appspecific/com.chrome.devtools.json HTTP/1.1" 404 555 "-" "Mozilla/5.0 (Windows NT 10.0; Win64; x64) AppleWebKit/537.36 (KHTML, like Gecko) Chrome/141.0.0.0 Safari/537.36"
127.0.0.1 - - [08/Oct/2025:14:16:37 +0800] "GET /js/axios.min.map HTTP/1.1" 404 555 "-" "Mozilla/5.0 (Windows NT 10.0; Win64; x64) AppleWebKit/537.36 (KHTML, like Gecko) Chrome/141.0.0.0 Safari/537.36"
127.0.0.1 - - [08/Oct/2025:14:16:40 +0800] "GET /js/axios.min.map HTTP/1.1" 404 555 "-" "Mozilla/5.0 (Windows NT 10.0; Win64; x64) AppleWebKit/537.36 (KHTML, like Gecko) Chrome/141.0.0.0 Safari/537.36"
127.0.0.1 - - [08/Oct/2025:14:16:40 +0800] "GET /.well-known/appspecific/com.chrome.devtools.json HTTP/1.1" 404 555 "-" "Mozilla/5.0 (Windows NT 10.0; Win64; x64) AppleWebKit/537.36 (KHTML, like Gecko) Chrome/141.0.0.0 Safari/537.36"
127.0.0.1 - - [08/Oct/2025:14:16:40 +0800] "GET /.well-known/appspecific/com.chrome.devtools.json HTTP/1.1" 404 555 "-" "Mozilla/5.0 (Windows NT 10.0; Win64; x64) AppleWebKit/537.36 (KHTML, like Gecko) Chrome/141.0.0.0 Safari/537.36"
127.0.0.1 - - [08/Oct/2025:14:16:42 +0800] "GET /js/axios.min.map HTTP/1.1" 404 555 "-" "Mozilla/5.0 (Windows NT 10.0; Win64; x64) AppleWebKit/537.36 (KHTML, like Gecko) Chrome/141.0.0.0 Safari/537.36"
127.0.0.1 - - [08/Oct/2025:14:16:42 +0800] "GET /.well-known/appspecific/com.chrome.devtools.json HTTP/1.1" 404 555 "-" "Mozilla/5.0 (Windows NT 10.0; Win64; x64) AppleWebKit/537.36 (KHTML, like Gecko) Chrome/141.0.0.0 Safari/537.36"
127.0.0.1 - - [08/Oct/2025:14:16:42 +0800] "GET /.well-known/appspecific/com.chrome.devtools.json HTTP/1.1" 404 555 "-" "Mozilla/5.0 (Windows NT 10.0; Win64; x64) AppleWebKit/537.36 (KHTML, like Gecko) Chrome/141.0.0.0 Safari/537.36"
192.168.102.26 - - [08/Oct/2025:14:16:43 +0800] "GET /actuator/health HTTP/1.1" 404 153 "-" "Consul Health Check"
127.0.0.1 - - [08/Oct/2025:14:16:43 +0800] "GET /.well-known/appspecific/com.chrome.devtools.json HTTP/1.1" 404 555 "-" "Mozilla/5.0 (Windows NT 10.0; Win64; x64) AppleWebKit/537.36 (KHTML, like Gecko) Chrome/141.0.0.0 Safari/537.36"
127.0.0.1 - - [08/Oct/2025:14:16:43 +0800] "GET /js/axios.min.map HTTP/1.1" 404 555 "-" "Mozilla/5.0 (Windows NT 10.0; Win64; x64) AppleWebKit/537.36 (KHTML, like Gecko) Chrome/141.0.0.0 Safari/537.36"
127.0.0.1 - - [08/Oct/2025:14:16:43 +0800] "GET /api/user/me HTTP/1.1" 200 57 "http://localhost:8080/info.html" "Mozilla/5.0 (Linux; Android 6.0; Nexus 5 Build/MRA58N) AppleWebKit/537.36 (KHTML, like Gecko) Chrome/141.0.0.0 Mobile Safari/537.36"
127.0.0.1 - - [08/Oct/2025:14:16:43 +0800] "GET /.well-known/appspecific/com.chrome.devtools.json HTTP/1.1" 404 555 "-" "Mozilla/5.0 (Windows NT 10.0; Win64; x64) AppleWebKit/537.36 (KHTML, like Gecko) Chrome/141.0.0.0 Safari/537.36"
127.0.0.1 - - [08/Oct/2025:14:16:43 +0800] "GET /js/axios.min.map HTTP/1.1" 404 555 "-" "Mozilla/5.0 (Windows NT 10.0; Win64; x64) AppleWebKit/537.36 (KHTML, like Gecko) Chrome/141.0.0.0 Safari/537.36"
192.168.102.26 - - [08/Oct/2025:14:16:53 +0800] "GET /actuator/health HTTP/1.1" 404 153 "-" "Consul Health Check"
192.168.102.26 - - [08/Oct/2025:14:17:04 +0800] "GET /actuator/health HTTP/1.1" 404 153 "-" "Consul Health Check"
192.168.102.26 - - [08/Oct/2025:14:17:14 +0800] "GET /actuator/health HTTP/1.1" 404 153 "-" "Consul Health Check"
192.168.102.26 - - [08/Oct/2025:14:17:24 +0800] "GET /actuator/health HTTP/1.1" 404 153 "-" "Consul Health Check"
192.168.102.26 - - [08/Oct/2025:14:17:35 +0800] "GET /actuator/health HTTP/1.1" 404 153 "-" "Consul Health Check"
192.168.102.26 - - [08/Oct/2025:14:17:45 +0800] "GET /actuator/health HTTP/1.1" 404 153 "-" "Consul Health Check"
192.168.102.26 - - [08/Oct/2025:14:17:55 +0800] "GET /actuator/health HTTP/1.1" 404 153 "-" "Consul Health Check"
192.168.102.26 - - [08/Oct/2025:14:18:06 +0800] "GET /actuator/health HTTP/1.1" 404 153 "-" "Consul Health Check"
192.168.102.26 - - [08/Oct/2025:14:18:16 +0800] "GET /actuator/health HTTP/1.1" 404 153 "-" "Consul Health Check"
192.168.102.26 - - [08/Oct/2025:14:18:26 +0800] "GET /actuator/health HTTP/1.1" 404 153 "-" "Consul Health Check"
192.168.102.26 - - [08/Oct/2025:14:18:37 +0800] "GET /actuator/health HTTP/1.1" 404 153 "-" "Consul Health Check"
192.168.102.26 - - [08/Oct/2025:14:18:47 +0800] "GET /actuator/health HTTP/1.1" 404 153 "-" "Consul Health Check"
192.168.102.26 - - [08/Oct/2025:14:18:57 +0800] "GET /actuator/health HTTP/1.1" 404 153 "-" "Consul Health Check"
127.0.0.1 - - [08/Oct/2025:14:19:06 +0800] "POST /api/user/code?phone=0931310555 HTTP/1.1" 200 27 "http://localhost:8080/login.html" "Mozilla/5.0 (Linux; Android 6.0; Nexus 5 Build/MRA58N) AppleWebKit/537.36 (KHTML, like Gecko) Chrome/141.0.0.0 Mobile Safari/537.36"
192.168.102.26 - - [08/Oct/2025:14:19:08 +0800] "GET /actuator/health HTTP/1.1" 404 153 "-" "Consul Health Check"
127.0.0.1 - - [08/Oct/2025:14:19:11 +0800] "POST /api/user/login HTTP/1.1" 200 27 "http://localhost:8080/login.html" "Mozilla/5.0 (Linux; Android 6.0; Nexus 5 Build/MRA58N) AppleWebKit/537.36 (KHTML, like Gecko) Chrome/141.0.0.0 Mobile Safari/537.36"
127.0.0.1 - - [08/Oct/2025:14:19:11 +0800] "GET /.well-known/appspecific/com.chrome.devtools.json HTTP/1.1" 404 555 "-" "Mozilla/5.0 (Windows NT 10.0; Win64; x64) AppleWebKit/537.36 (KHTML, like Gecko) Chrome/141.0.0.0 Safari/537.36"
127.0.0.1 - - [08/Oct/2025:14:19:11 +0800] "GET /js/axios.min.map HTTP/1.1" 404 555 "-" "Mozilla/5.0 (Windows NT 10.0; Win64; x64) AppleWebKit/537.36 (KHTML, like Gecko) Chrome/141.0.0.0 Safari/537.36"
127.0.0.1 - - [08/Oct/2025:14:19:11 +0800] "GET /api/shop-type/list HTTP/1.1" 200 664 "http://localhost:8080/index.html" "Mozilla/5.0 (Linux; Android 6.0; Nexus 5 Build/MRA58N) AppleWebKit/537.36 (KHTML, like Gecko) Chrome/141.0.0.0 Mobile Safari/537.36"
127.0.0.1 - - [08/Oct/2025:14:19:11 +0800] "GET /api/blog/hot?current=1 HTTP/1.1" 200 6065 "http://localhost:8080/index.html" "Mozilla/5.0 (Linux; Android 6.0; Nexus 5 Build/MRA58N) AppleWebKit/537.36 (KHTML, like Gecko) Chrome/141.0.0.0 Mobile Safari/537.36"
192.168.102.26 - - [08/Oct/2025:14:19:18 +0800] "GET /actuator/health HTTP/1.1" 404 153 "-" "Consul Health Check"
192.168.102.26 - - [08/Oct/2025:14:19:28 +0800] "GET /actuator/health HTTP/1.1" 404 153 "-" "Consul Health Check"
127.0.0.1 - - [08/Oct/2025:14:19:28 +0800] "GET /.well-known/appspecific/com.chrome.devtools.json HTTP/1.1" 404 555 "-" "Mozilla/5.0 (Windows NT 10.0; Win64; x64) AppleWebKit/537.36 (KHTML, like Gecko) Chrome/141.0.0.0 Safari/537.36"
127.0.0.1 - - [08/Oct/2025:14:19:29 +0800] "GET /js/axios.min.map HTTP/1.1" 404 555 "-" "Mozilla/5.0 (Windows NT 10.0; Win64; x64) AppleWebKit/537.36 (KHTML, like Gecko) Chrome/141.0.0.0 Safari/537.36"
127.0.0.1 - - [08/Oct/2025:14:19:29 +0800] "GET /api/user/me HTTP/1.1" 200 57 "http://localhost:8080/info.html" "Mozilla/5.0 (Linux; Android 6.0; Nexus 5 Build/MRA58N) AppleWebKit/537.36 (KHTML, like Gecko) Chrome/141.0.0.0 Mobile Safari/537.36"
127.0.0.1 - - [08/Oct/2025:14:19:29 +0800] "GET /.well-known/appspecific/com.chrome.devtools.json HTTP/1.1" 404 555 "-" "Mozilla/5.0 (Windows NT 10.0; Win64; x64) AppleWebKit/537.36 (KHTML, like Gecko) Chrome/141.0.0.0 Safari/537.36"
127.0.0.1 - - [08/Oct/2025:14:19:29 +0800] "GET /js/axios.min.map HTTP/1.1" 404 555 "-" "Mozilla/5.0 (Windows NT 10.0; Win64; x64) AppleWebKit/537.36 (KHTML, like Gecko) Chrome/141.0.0.0 Safari/537.36"
127.0.0.1 - - [08/Oct/2025:14:19:35 +0800] "POST /api/user/code?phone=093092545 HTTP/1.1" 200 66 "http://localhost:8080/login.html" "Mozilla/5.0 (Linux; Android 6.0; Nexus 5 Build/MRA58N) AppleWebKit/537.36 (KHTML, like Gecko) Chrome/141.0.0.0 Mobile Safari/537.36"
127.0.0.1 - - [08/Oct/2025:14:19:38 +0800] "GET /login.html HTTP/1.1" 304 0 "http://localhost:8080/info.html" "Mozilla/5.0 (Linux; Android 6.0; Nexus 5 Build/MRA58N) AppleWebKit/537.36 (KHTML, like Gecko) Chrome/141.0.0.0 Mobile Safari/537.36"
127.0.0.1 - - [08/Oct/2025:14:19:38 +0800] "GET /.well-known/appspecific/com.chrome.devtools.json HTTP/1.1" 404 555 "-" "Mozilla/5.0 (Windows NT 10.0; Win64; x64) AppleWebKit/537.36 (KHTML, like Gecko) Chrome/141.0.0.0 Safari/537.36"
127.0.0.1 - - [08/Oct/2025:14:19:38 +0800] "GET /js/axios.min.map HTTP/1.1" 404 555 "-" "Mozilla/5.0 (Windows NT 10.0; Win64; x64) AppleWebKit/537.36 (KHTML, like Gecko) Chrome/141.0.0.0 Safari/537.36"
192.168.102.26 - - [08/Oct/2025:14:19:39 +0800] "GET /actuator/health HTTP/1.1" 404 153 "-" "Consul Health Check"
127.0.0.1 - - [08/Oct/2025:14:19:41 +0800] "POST /api/user/code?phone=0931310555 HTTP/1.1" 200 27 "http://localhost:8080/login.html" "Mozilla/5.0 (Linux; Android 6.0; Nexus 5 Build/MRA58N) AppleWebKit/537.36 (KHTML, like Gecko) Chrome/141.0.0.0 Mobile Safari/537.36"
192.168.102.26 - - [08/Oct/2025:14:19:49 +0800] "GET /actuator/health HTTP/1.1" 404 153 "-" "Consul Health Check"
127.0.0.1 - - [08/Oct/2025:14:19:56 +0800] "POST /api/user/login HTTP/1.1" 200 57 "http://localhost:8080/login.html" "Mozilla/5.0 (Linux; Android 6.0; Nexus 5 Build/MRA58N) AppleWebKit/537.36 (KHTML, like Gecko) Chrome/141.0.0.0 Mobile Safari/537.36"
192.168.102.26 - - [08/Oct/2025:14:19:59 +0800] "GET /actuator/health HTTP/1.1" 404 153 "-" "Consul Health Check"
127.0.0.1 - - [08/Oct/2025:14:20:05 +0800] "POST /api/user/login HTTP/1.1" 200 57 "http://localhost:8080/login.html" "Mozilla/5.0 (Linux; Android 6.0; Nexus 5 Build/MRA58N) AppleWebKit/537.36 (KHTML, like Gecko) Chrome/141.0.0.0 Mobile Safari/537.36"
127.0.0.1 - - [08/Oct/2025:14:20:08 +0800] "GET /login.html HTTP/1.1" 304 0 "http://localhost:8080/info.html" "Mozilla/5.0 (Linux; Android 6.0; Nexus 5 Build/MRA58N) AppleWebKit/537.36 (KHTML, like Gecko) Chrome/141.0.0.0 Mobile Safari/537.36"
127.0.0.1 - - [08/Oct/2025:14:20:08 +0800] "GET /.well-known/appspecific/com.chrome.devtools.json HTTP/1.1" 404 555 "-" "Mozilla/5.0 (Windows NT 10.0; Win64; x64) AppleWebKit/537.36 (KHTML, like Gecko) Chrome/141.0.0.0 Safari/537.36"
127.0.0.1 - - [08/Oct/2025:14:20:08 +0800] "GET /js/axios.min.map HTTP/1.1" 404 555 "-" "Mozilla/5.0 (Windows NT 10.0; Win64; x64) AppleWebKit/537.36 (KHTML, like Gecko) Chrome/141.0.0.0 Safari/537.36"
192.168.102.26 - - [08/Oct/2025:14:20:10 +0800] "GET /actuator/health HTTP/1.1" 404 153 "-" "Consul Health Check"
127.0.0.1 - - [08/Oct/2025:14:20:16 +0800] "POST /api/user/code?phone=0931310555 HTTP/1.1" 200 27 "http://localhost:8080/login.html" "Mozilla/5.0 (Linux; Android 6.0; Nexus 5 Build/MRA58N) AppleWebKit/537.36 (KHTML, like Gecko) Chrome/141.0.0.0 Mobile Safari/537.36"
192.168.102.26 - - [08/Oct/2025:14:20:20 +0800] "GET /actuator/health HTTP/1.1" 404 153 "-" "Consul Health Check"
127.0.0.1 - - [08/Oct/2025:14:20:27 +0800] "POST /api/user/login HTTP/1.1" 200 57 "http://localhost:8080/login.html" "Mozilla/5.0 (Linux; Android 6.0; Nexus 5 Build/MRA58N) AppleWebKit/537.36 (KHTML, like Gecko) Chrome/141.0.0.0 Mobile Safari/537.36"
127.0.0.1 - - [08/Oct/2025:14:20:28 +0800] "POST /api/user/login HTTP/1.1" 200 57 "http://localhost:8080/login.html" "Mozilla/5.0 (Linux; Android 6.0; Nexus 5 Build/MRA58N) AppleWebKit/537.36 (KHTML, like Gecko) Chrome/141.0.0.0 Mobile Safari/537.36"
127.0.0.1 - - [08/Oct/2025:14:20:29 +0800] "POST /api/user/login HTTP/1.1" 200 57 "http://localhost:8080/login.html" "Mozilla/5.0 (Linux; Android 6.0; Nexus 5 Build/MRA58N) AppleWebKit/537.36 (KHTML, like Gecko) Chrome/141.0.0.0 Mobile Safari/537.36"
127.0.0.1 - - [08/Oct/2025:14:20:29 +0800] "POST /api/user/login HTTP/1.1" 200 57 "http://localhost:8080/login.html" "Mozilla/5.0 (Linux; Android 6.0; Nexus 5 Build/MRA58N) AppleWebKit/537.36 (KHTML, like Gecko) Chrome/141.0.0.0 Mobile Safari/537.36"
127.0.0.1 - - [08/Oct/2025:14:20:30 +0800] "POST /api/user/login HTTP/1.1" 200 57 "http://localhost:8080/login.html" "Mozilla/5.0 (Linux; Android 6.0; Nexus 5 Build/MRA58N) AppleWebKit/537.36 (KHTML, like Gecko) Chrome/141.0.0.0 Mobile Safari/537.36"
192.168.102.26 - - [08/Oct/2025:14:20:30 +0800] "GET /actuator/health HTTP/1.1" 404 153 "-" "Consul Health Check"
127.0.0.1 - - [08/Oct/2025:14:20:38 +0800] "GET /login.html HTTP/1.1" 304 0 "http://localhost:8080/info.html" "Mozilla/5.0 (Linux; Android 6.0; Nexus 5 Build/MRA58N) AppleWebKit/537.36 (KHTML, like Gecko) Chrome/141.0.0.0 Mobile Safari/537.36"
127.0.0.1 - - [08/Oct/2025:14:20:38 +0800] "GET /.well-known/appspecific/com.chrome.devtools.json HTTP/1.1" 404 555 "-" "Mozilla/5.0 (Windows NT 10.0; Win64; x64) AppleWebKit/537.36 (KHTML, like Gecko) Chrome/141.0.0.0 Safari/537.36"
127.0.0.1 - - [08/Oct/2025:14:20:38 +0800] "GET /js/axios.min.map HTTP/1.1" 404 555 "-" "Mozilla/5.0 (Windows NT 10.0; Win64; x64) AppleWebKit/537.36 (KHTML, like Gecko) Chrome/141.0.0.0 Safari/537.36"
127.0.0.1 - - [08/Oct/2025:14:20:40 +0800] "GET /js/axios.min.map HTTP/1.1" 404 555 "-" "Mozilla/5.0 (Windows NT 10.0; Win64; x64) AppleWebKit/537.36 (KHTML, like Gecko) Chrome/141.0.0.0 Safari/537.36"
127.0.0.1 - - [08/Oct/2025:14:20:40 +0800] "GET /.well-known/appspecific/com.chrome.devtools.json HTTP/1.1" 404 555 "-" "Mozilla/5.0 (Windows NT 10.0; Win64; x64) AppleWebKit/537.36 (KHTML, like Gecko) Chrome/141.0.0.0 Safari/537.36"
127.0.0.1 - - [08/Oct/2025:14:20:40 +0800] "GET /.well-known/appspecific/com.chrome.devtools.json HTTP/1.1" 404 555 "-" "Mozilla/5.0 (Windows NT 10.0; Win64; x64) AppleWebKit/537.36 (KHTML, like Gecko) Chrome/141.0.0.0 Safari/537.36"
127.0.0.1 - - [08/Oct/2025:14:20:40 +0800] "GET /js/axios.min.map HTTP/1.1" 404 555 "-" "Mozilla/5.0 (Windows NT 10.0; Win64; x64) AppleWebKit/537.36 (KHTML, like Gecko) Chrome/141.0.0.0 Safari/537.36"
127.0.0.1 - - [08/Oct/2025:14:20:40 +0800] "GET /.well-known/appspecific/com.chrome.devtools.json HTTP/1.1" 404 555 "-" "Mozilla/5.0 (Windows NT 10.0; Win64; x64) AppleWebKit/537.36 (KHTML, like Gecko) Chrome/141.0.0.0 Safari/537.36"
127.0.0.1 - - [08/Oct/2025:14:20:40 +0800] "GET /.well-known/appspecific/com.chrome.devtools.json HTTP/1.1" 404 555 "-" "Mozilla/5.0 (Windows NT 10.0; Win64; x64) AppleWebKit/537.36 (KHTML, like Gecko) Chrome/141.0.0.0 Safari/537.36"
192.168.102.26 - - [08/Oct/2025:14:20:41 +0800] "GET /actuator/health HTTP/1.1" 404 153 "-" "Consul Health Check"
127.0.0.1 - - [08/Oct/2025:14:20:42 +0800] "GET /.well-known/appspecific/com.chrome.devtools.json HTTP/1.1" 404 555 "-" "Mozilla/5.0 (Windows NT 10.0; Win64; x64) AppleWebKit/537.36 (KHTML, like Gecko) Chrome/141.0.0.0 Safari/537.36"
127.0.0.1 - - [08/Oct/2025:14:20:42 +0800] "GET /js/axios.min.map HTTP/1.1" 404 555 "-" "Mozilla/5.0 (Windows NT 10.0; Win64; x64) AppleWebKit/537.36 (KHTML, like Gecko) Chrome/141.0.0.0 Safari/537.36"
127.0.0.1 - - [08/Oct/2025:14:20:42 +0800] "GET /api/user/me HTTP/1.1" 200 57 "http://localhost:8080/info.html" "Mozilla/5.0 (Linux; Android 6.0; Nexus 5 Build/MRA58N) AppleWebKit/537.36 (KHTML, like Gecko) Chrome/141.0.0.0 Mobile Safari/537.36"
